 win32_handmade_hero

 Timestamp is 6a7bca33 (Tue Aug 11 22:19:47 2026)

 Preferred load address is 0000000140000000

 Start         Length     Name                   Class
 0001:00000000 000168f0H .text$mn                CODE
 0001:000168f0 00000060H .text$mn$00             CODE
 0001:00016950 00000c40H .text$mn$21             CODE
 0001:00017590 000004b0H .text$x                 CODE
 0002:00000000 00000340H .idata$5                DATA
 0002:00000340 00000038H .00cfg                  DATA
 0002:00000378 00000008H .CRT$XCA                DATA
 0002:00000380 00000008H .CRT$XCAA               DATA
 0002:00000388 00000008H .CRT$XCZ                DATA
 0002:00000390 00000008H .CRT$XIA                DATA
 0002:00000398 00000008H .CRT$XIAA               DATA
 0002:000003a0 00000008H .CRT$XIAC               DATA
 0002:000003a8 00000020H .CRT$XIC                DATA
 0002:000003c8 00000008H .CRT$XIZ                DATA
 0002:000003d0 00000008H .CRT$XPA                DATA
 0002:000003d8 00000010H .CRT$XPX                DATA
 0002:000003e8 00000008H .CRT$XPXA               DATA
 0002:000003f0 00000008H .CRT$XPZ                DATA
 0002:000003f8 00000008H .CRT$XTA                DATA
 0002:00000400 00000010H .CRT$XTZ                DATA
 0002:00000408 00000000H .gehcont$y              DATA
 0002:00000408 00000000H .gfids$y                DATA
 0002:00000410 00009ef0H .rdata                  DATA
 0002:0000a300 00000180H .rdata$00               DATA
 0002:0000a480 00000000H .rdata$CastGuardVftablesA DATA
 0002:0000a480 00000000H .rdata$CastGuardVftablesC DATA
 0002:0000a480 0000016cH .rdata$r                DATA
 0002:0000a5ec 00000114H .rdata$voltmd           DATA
 0002:0000a700 000003e0H .rdata$zzzdbg           DATA
 0002:0000aae0 00000008H .rtc$IAA                DATA
 0002:0000aae8 00000000H .rtc$IMZ                DATA
 0002:0000aae8 00000008H .rtc$IZZ                DATA
 0002:0000aaf0 00000008H .rtc$TAA                DATA
 0002:0000aaf8 00000000H .rtc$TMZ                DATA
 0002:0000aaf8 00000008H .rtc$TZZ                DATA
 0002:0000ab00 000011e0H .xdata                  DATA
 0002:0000bce0 00000084H .xdata$x                DATA
 0002:0000bd64 00000000H .edata                  DATA
 0002:0000bd64 00000050H .idata$2                DATA
 0002:0000bdb4 00000014H .idata$3                DATA
 0002:0000bdc8 00000340H .idata$4                DATA
 0002:0000c108 0000072cH .idata$6                DATA
 0003:00000000 00000aa0H .data                   DATA
 0003:00000aa0 00000050H .data$r                 DATA
 0003:00000af0 00000020H .data$rs                DATA
 0003:00000b10 00001128H .bss                    DATA
 0004:00000000 0000138cH .pdata                  DATA
 0005:00000000 00000100H .fptable                DATA

  Address         Publics by Value              Rva+Base               Lib:Object

 0000:00000000       __AbsoluteZero             0000000000000000     <absolute>
 0000:00000000       ___safe_se_handler_count   0000000000000000     <absolute>
 0000:00000000       ___safe_se_handler_table   0000000000000000     <absolute>
 0000:00000000       __arm64x_extra_rfe_table   0000000000000000     <absolute>
 0000:00000000       __arm64x_extra_rfe_table_size 0000000000000000     <absolute>
 0000:00000000       __arm64x_native_entrypoint 0000000000000000     <absolute>
 0000:00000000       __arm64x_redirection_metadata 0000000000000000     <absolute>
 0000:00000000       __arm64x_redirection_metadata_count 0000000000000000     <absolute>
 0000:00000000       __dynamic_value_reloc_table 0000000000000000     <absolute>
 0000:00000000       __enclave_config           0000000000000000     <absolute>
 0000:00000000       __guard_check_icall_a64n_fptr 0000000000000000     <absolute>
 0000:00000000       __guard_eh_cont_count      0000000000000000     <absolute>
 0000:00000000       __guard_eh_cont_table      0000000000000000     <absolute>
 0000:00000000       __guard_fids_count         0000000000000000     <absolute>
 0000:00000000       __guard_fids_table         0000000000000000     <absolute>
 0000:00000000       __guard_iat_count          0000000000000000     <absolute>
 0000:00000000       __guard_iat_table          0000000000000000     <absolute>
 0000:00000000       __guard_longjmp_count      0000000000000000     <absolute>
 0000:00000000       __guard_longjmp_table      0000000000000000     <absolute>
 0000:00000000       __hybrid_auxiliary_delayload_iat 0000000000000000     <absolute>
 0000:00000000       __hybrid_auxiliary_delayload_iat_copy 0000000000000000     <absolute>
 0000:00000000       __hybrid_auxiliary_iat     0000000000000000     <absolute>
 0000:00000000       __hybrid_auxiliary_iat_copy 0000000000000000     <absolute>
 0000:00000000       __hybrid_code_map          0000000000000000     <absolute>
 0000:00000000       __hybrid_code_map_count    0000000000000000     <absolute>
 0000:00000000       __hybrid_image_info_bitfield 0000000000000000     <absolute>
 0000:00000000       __x64_code_ranges_to_entry_points 0000000000000000     <absolute>
 0000:00000000       __x64_code_ranges_to_entry_points_count 0000000000000000     <absolute>
 0000:00000100       __guard_flags              0000000000000100     <absolute>
 0000:00000000       __ImageBase                0000000140000000     <linker-defined>
 0001:00000000       ?Truncate64bitsTo32bits@@YAI_K@Z 0000000140001000 f   win32_handmade_hero.obj
 0001:00000390       ?SoundOutput@@YAXPEAUSoundBuffer@@HF@Z 0000000140001390 f   win32_handmade_hero.obj
 0001:000004d0       ?RenderGrad@@YAXPEAUBitmapBuffer@@HH@Z 00000001400014d0 f   win32_handmade_hero.obj
 0001:00000a40       WinMain                    0000000140001a40 f   win32_handmade_hero.obj
 0001:00001c10       ?GetClientWindowDimension@@YA?AUClientWindowDimension@@PEAUHWND__@@@Z 0000000140002c10 f   win32_handmade_hero.obj
 0001:00002590       ?ThereAreNoXInputLib@@YAKKPEAU_XINPUT_STATE@@@Z 0000000140003590 f   win32_handmade_hero.obj
 0001:000027e0       ?WindowProc@@YA_JPEAUHWND__@@I_K_J@Z 00000001400037e0 f   win32_handmade_hero.obj
 0001:00002e00       ?GetController@@YAPEAUgamepad_controller_input@@PEAUgamepad_input@@H@Z 0000000140003e00 f i win32_handmade_hero.obj
 0001:00002e40       ?GetMilisecondsElapsed@@YAMT_LARGE_INTEGER@@0@Z 0000000140003e40 f i win32_handmade_hero.obj
 0001:00002e90       ?GetSystemTimeStamp@@YA?AT_LARGE_INTEGER@@XZ 0000000140003e90 f i win32_handmade_hero.obj
 0001:00002ee0       __local_stdio_printf_options 0000000140003ee0 f i win32_handmade_hero.obj
 0001:00002ef0       _vsnprintf_l               0000000140003ef0 f i win32_handmade_hero.obj
 0001:00002f70       _vsprintf_l                0000000140003f70 f i win32_handmade_hero.obj
 0001:00002fc0       sprintf                    0000000140003fc0 f i win32_handmade_hero.obj
 0001:0000303c       _RTC_CheckStackVars        000000014000403c f   LIBCMT:stack.obj
 0001:000030b0       __GSHandlerCheck           00000001400040b0 f   LIBCMT:gshandler.obj
 0001:000030d0       __GSHandlerCheckCommon     00000001400040d0 f   LIBCMT:gshandler.obj
 0001:00003140       __chkstk                   0000000140004140 f   LIBCMT:chkstk.obj
 0001:00003140       _alloca_probe              0000000140004140 f   LIBCMT:chkstk.obj
 0001:000031a0       __security_check_cookie    00000001400041a0 f   LIBCMT:amdsecgs.obj
 0001:00003418       WinMainCRTStartup          0000000140004418 f   LIBCMT:exe_winmain.obj
 0001:0000342c       ?_RTC_StackFailure@@YAXPEAXPEBD@Z 000000014000442c f   LIBCMT:error.obj
 0001:000037a8       ?_RTC_GetErrorFunc@@YAP6AHHPEBDH00ZZPEBX@Z 00000001400047a8 f   LIBCMT:userapi.obj
 0001:000037b0       ?_RTC_GetErrorFuncW@@YAP6AHHPEB_WH00ZZPEBX@Z 00000001400047b0 f   LIBCMT:userapi.obj
 0001:000037b8       __raise_securityfailure    00000001400047b8 f   LIBCMT:gs_report.obj
 0001:000037ec       __report_gsfailure         00000001400047ec f   LIBCMT:gs_report.obj
 0001:00003934       __scrt_acquire_startup_lock 0000000140004934 f   LIBCMT:utility.obj
 0001:00003970       __scrt_initialize_crt      0000000140004970 f   LIBCMT:utility.obj
 0001:000039ac       __scrt_initialize_onexit_tables 00000001400049ac f   LIBCMT:utility.obj
 0001:00003a38       __scrt_is_nonwritable_in_current_image 0000000140004a38 f   LIBCMT:utility.obj
 0001:00003ad0       __scrt_release_startup_lock 0000000140004ad0 f   LIBCMT:utility.obj
 0001:00003af4       __scrt_uninitialize_crt    0000000140004af4 f   LIBCMT:utility.obj
 0001:00003b20       _onexit                    0000000140004b20 f   LIBCMT:utility.obj
 0001:00003b5c       atexit                     0000000140004b5c f   LIBCMT:utility.obj
 0001:00003b74       __security_init_cookie     0000000140004b74 f   LIBCMT:gs_support.obj
 0001:00003c24       __scrt_exe_initialize_mta  0000000140004c24 f   LIBCMT:utility_desktop.obj
 0001:00003c24       __scrt_initialize_winrt    0000000140004c24 f   LIBCMT:utility_desktop.obj
 0001:00003c24       __scrt_stub_for_initialize_mta 0000000140004c24 f   LIBCMT:utility_desktop.obj
 0001:00003c24       _get_startup_commit_mode   0000000140004c24 f   LIBCMT:commit_mode.obj
 0001:00003c24       _get_startup_new_mode      0000000140004c24 f   LIBCMT:new_mode.obj
 0001:00003c24       _get_startup_thread_locale_mode 0000000140004c24 f   LIBCMT:thread_locale.obj
 0001:00003c24       _matherr                   0000000140004c24 f   LIBCMT:matherr.obj
 0001:00003c28       _get_startup_argv_mode     0000000140004c28 f   LIBCMT:argv_mode.obj
 0001:00003c30       _get_startup_file_mode     0000000140004c30 f   LIBCMT:file_mode.obj
 0001:00003c38       ?__scrt_initialize_type_info@@YAXXZ 0000000140004c38 f   LIBCMT:tncleanup.obj
 0001:00003c48       __acrt_uninitialize_command_line 0000000140004c48 f   libucrt:argv_data.obj
 0001:00003c48       _should_initialize_environment 0000000140004c48 f   LIBCMT:env_mode.obj
 0001:00003c4c       _guard_check_icall_nop     0000000140004c4c f   LIBCMT:guard_support.obj
 0001:00003c4c       _initialize_denormal_control 0000000140004c4c f   LIBCMT:denormal_control.obj
 0001:00003c4c       _initialize_invalid_parameter_handler 0000000140004c4c f   LIBCMT:invalid_parameter_handler.obj
 0001:00003c50       __local_stdio_scanf_options 0000000140004c50 f i LIBCMT:default_local_stdio_options.obj
 0001:00003c58       __scrt_initialize_default_local_stdio_options 0000000140004c58 f   LIBCMT:default_local_stdio_options.obj
 0001:00003c74       __scrt_is_user_matherr_present 0000000140004c74 f   LIBCMT:matherr_detection.obj
 0001:00003c80       __scrt_get_dyn_tls_init_callback 0000000140004c80 f   LIBCMT:dyn_tls_init.obj
 0001:00003c88       __scrt_get_dyn_tls_dtor_callback 0000000140004c88 f   LIBCMT:dyn_tls_dtor.obj
 0001:00003c90       __crt_debugger_hook        0000000140004c90 f   LIBCMT:utility_desktop.obj
 0001:00003c9c       __scrt_fastfail            0000000140004c9c f   LIBCMT:utility_desktop.obj
 0001:00003de8       __scrt_get_show_window_mode 0000000140004de8 f   LIBCMT:utility_desktop.obj
 0001:00003e24       __scrt_initialize_mta      0000000140004e24 f   LIBCMT:utility_desktop.obj
 0001:00003e2c       __scrt_is_managed_app      0000000140004e2c f   LIBCMT:utility_desktop.obj
 0001:00003e80       __scrt_set_unhandled_exception_filter 0000000140004e80 f   LIBCMT:utility_desktop.obj
 0001:00003e90       __scrt_unhandled_exception_filter 0000000140004e90 f   LIBCMT:utility_desktop.obj
 0001:00003ef4       _RTC_Initialize            0000000140004ef4 f   LIBCMT:initsect.obj
 0001:00003f30       _RTC_Terminate             0000000140004f30 f   LIBCMT:initsect.obj
 0001:000041ec       ?_RTC_GetSrcLine@@YAHPEAEPEA_WKPEAH1K@Z 00000001400051ec f   LIBCMT:pdblkup.obj
 0001:000045ac       __isa_available_init       00000001400055ac f   LIBCMT:cpu_disp.obj
 0001:00004844       __scrt_is_ucrt_dll_in_use  0000000140005844 f   LIBCMT:ucrt_detection.obj
 0001:00004850       __C_specific_handler       0000000140005850 f   libvcruntime:riscchandler.obj
 0001:00004a68       __C_specific_handler_noexcept 0000000140005a68 f   libvcruntime:chandler_noexcept.obj
 0001:00004ab4       __vcrt_initialize          0000000140005ab4 f   libvcruntime:initialization.obj
 0001:00004adc       __vcrt_uninitialize        0000000140005adc f   libvcruntime:initialization.obj
 0001:00004af8       __std_type_info_compare    0000000140005af8 f   libvcruntime:std_type_info.obj
 0001:00004b10       __DestructExceptionObject  0000000140005b10 f   libvcruntime:ehhelpers.obj
 0001:00004b84       ?_CallMemberFunction0@@YAXQEAX0@Z 0000000140005b84 f i libvcruntime:ehhelpers.obj
 0001:00004b88       _IsExceptionObjectToBeDestroyed 0000000140005b88 f   libvcruntime:ehhelpers.obj
 0001:00004bb8       __AdjustPointer            0000000140005bb8 f   libvcruntime:ehhelpers.obj
 0001:00004bdc       __FrameUnwindFilter        0000000140005bdc f   libvcruntime:ehhelpers.obj
 0001:00004c44       __current_exception        0000000140005c44 f   libvcruntime:ehhelpers.obj
 0001:00004c58       __current_exception_context 0000000140005c58 f   libvcruntime:ehhelpers.obj
 0001:00004c6c       __std_terminate            0000000140005c6c f   libvcruntime:ehhelpers.obj
 0001:00004c80       __vcrt_GetModuleFileNameW  0000000140005c80 f   libvcruntime:winapi_thunks.obj
 0001:00004c88       __vcrt_LoadLibraryExW      0000000140005c88 f   libvcruntime:winapi_thunks.obj
 0001:00004cc0       _NLG_Notify                0000000140005cc0 f   libvcruntime:notify.obj
 0001:00004ce0       __NLG_Dispatch2            0000000140005ce0 f   libvcruntime:notify.obj
 0001:00004cf0       __NLG_Return2              0000000140005cf0 f   libvcruntime:notify.obj
 0001:00004cf4       __except_validate_context_record 0000000140005cf4 f   libvcruntime:jbcxrval.obj
 0001:00004d2c       __vcrt_freefls             0000000140005d2c f   libvcruntime:per_thread_data.obj
 0001:00004d4c       __vcrt_getptd              0000000140005d4c f   libvcruntime:per_thread_data.obj
 0001:00004d68       __vcrt_getptd_noexit       0000000140005d68 f   libvcruntime:per_thread_data.obj
 0001:00004e34       __vcrt_initialize_ptd      0000000140005e34 f   libvcruntime:per_thread_data.obj
 0001:00004e7c       __vcrt_uninitialize_ptd    0000000140005e7c f   libvcruntime:per_thread_data.obj
 0001:00004ea4       __vcrt_initialize_locks    0000000140005ea4 f   libvcruntime:locks.obj
 0001:00004eec       __vcrt_uninitialize_locks  0000000140005eec f   libvcruntime:locks.obj
 0001:00005074       __vcrt_FlsAlloc            0000000140006074 f   libvcruntime:winapi_downlevel.obj
 0001:000050bc       __vcrt_FlsFree             00000001400060bc f   libvcruntime:winapi_downlevel.obj
 0001:00005104       __vcrt_FlsGetValue         0000000140006104 f   libvcruntime:winapi_downlevel.obj
 0001:0000514c       __vcrt_FlsSetValue         000000014000614c f   libvcruntime:winapi_downlevel.obj
 0001:000051a0       __vcrt_InitializeCriticalSectionEx 00000001400061a0 f   libvcruntime:winapi_downlevel.obj
 0001:00005204       ??$_CallSETranslator@V__FrameHandler3@@@@YAHPEAUEHExceptionRecord@@PEA_KPEAU_CONTEXT@@PEAU_xDISPATCHER_CONTEXT@@PEBU_s_FuncInfo@@K1H@Z 0000000140006204 f i libvcruntime:risctrnsctrl.obj
 0001:00005258       ?CatchTryBlock@__FrameHandler3@@SAPEBU_s_TryBlockMapEntry@@PEBU_s_FuncInfo@@H@Z 0000000140006258 f   libvcruntime:risctrnsctrl.obj
 0001:000052bc       ?ExecutionInCatch@__FrameHandler3@@SA_NPEAU_xDISPATCHER_CONTEXT@@PEBU_s_FuncInfo@@@Z 00000001400062bc f   libvcruntime:risctrnsctrl.obj
 0001:000052e8       ?FrameUnwindToEmptyState@__FrameHandler3@@SAXPEA_KPEAU_xDISPATCHER_CONTEXT@@PEBU_s_FuncInfo@@@Z 00000001400062e8 f   libvcruntime:risctrnsctrl.obj
 0001:0000534c       ?GetEstablisherFrame@__FrameHandler3@@SAPEA_KPEA_KPEAU_xDISPATCHER_CONTEXT@@PEBU_s_FuncInfo@@0@Z 000000014000634c f   libvcruntime:risctrnsctrl.obj
 0001:00005434       ?GetRangeOfTrysToCheck@__FrameHandler3@@SA?AU?$pair@Viterator@TryBlockMap@__FrameHandler3@@V123@@std@@AEAVTryBlockMap@1@HPEAU_xDISPATCHER_CONTEXT@@PEBU_s_FuncInfo@@H@Z 0000000140006434 f   libvcruntime:risctrnsctrl.obj
 0001:0000556c       ?UnwindNestedFrames@__FrameHandler3@@SAXPEA_KPEAUEHExceptionRecord@@PEAU_CONTEXT@@0PEAXPEBU_s_FuncInfo@@HHPEBU_s_HandlerType@@PEAU_xDISPATCHER_CONTEXT@@E@Z 000000014000656c f   libvcruntime:risctrnsctrl.obj
 0001:00005670       _CreateFrameInfo           0000000140006670 f   libvcruntime:risctrnsctrl.obj
 0001:000056ac       _FindAndUnlinkFrame        00000001400066ac f   libvcruntime:risctrnsctrl.obj
 0001:00005700       _GetImageBase              0000000140006700 f   libvcruntime:risctrnsctrl.obj
 0001:00005714       _GetThrowImageBase         0000000140006714 f   libvcruntime:risctrnsctrl.obj
 0001:00005728       _SetImageBase              0000000140006728 f   libvcruntime:risctrnsctrl.obj
 0001:00005740       _SetThrowImageBase         0000000140006740 f   libvcruntime:risctrnsctrl.obj
 0001:00005758       __CxxFrameHandler3         0000000140006758 f   libvcruntime:risctrnsctrl.obj
 0001:000057e0       ?GetCurrentState@__FrameHandler3@@SAHPEA_KPEAU_xDISPATCHER_CONTEXT@@PEBU_s_FuncInfo@@@Z 00000001400067e0 f   libvcruntime:ehstate.obj
 0001:00005808       ?GetUnwindTryBlock@__FrameHandler3@@SAHPEA_KPEAU_xDISPATCHER_CONTEXT@@PEBU_s_FuncInfo@@@Z 0000000140006808 f   libvcruntime:ehstate.obj
 0001:00005834       ?SetState@__FrameHandler3@@SAXPEA_KPEBU_s_FuncInfo@@H@Z 0000000140006834 f   libvcruntime:ehstate.obj
 0001:00005840       ?SetUnwindTryBlock@__FrameHandler3@@SAXPEA_KPEAU_xDISPATCHER_CONTEXT@@PEBU_s_FuncInfo@@H@Z 0000000140006840 f   libvcruntime:ehstate.obj
 0001:0000587c       ?StateFromControlPc@__FrameHandler3@@SAHPEBU_s_FuncInfo@@PEAU_xDISPATCHER_CONTEXT@@@Z 000000014000687c f   libvcruntime:ehstate.obj
 0001:00005884       ?StateFromIp@__FrameHandler3@@SAHPEBU_s_FuncInfo@@PEAU_xDISPATCHER_CONTEXT@@_K@Z 0000000140006884 f   libvcruntime:ehstate.obj
 0001:000063cc       ??$TypeMatchHelper@V__FrameHandler3@@@@YAHPEBU_s_HandlerType@@PEBU_s_CatchableType@@PEBU_s_ThrowInfo@@@Z 00000001400073cc f i libvcruntime:frame.obj
 0001:000064ec       ??$__InternalCxxFrameHandler@V__FrameHandler3@@@@YA?AW4_EXCEPTION_DISPOSITION@@PEAUEHExceptionRecord@@PEA_KPEAU_CONTEXT@@PEAU_xDISPATCHER_CONTEXT@@PEBU_s_FuncInfo@@H1E@Z 00000001400074ec f i libvcruntime:frame.obj
 0001:0000671c       ??$__InternalCxxFrameHandlerWrapper@V__FrameHandler3@@@@YA?AW4_EXCEPTION_DISPOSITION@@PEAUEHExceptionRecord@@PEA_KPEAU_CONTEXT@@PEAU_xDISPATCHER_CONTEXT@@PEBU_s_FuncInfo@@H1E@Z 000000014000771c f i libvcruntime:frame.obj
 0001:00006724       ??0bad_exception@std@@QEAA@AEBV01@@Z 0000000140007724 f i libvcruntime:frame.obj
 0001:00006760       ??0bad_exception@std@@QEAA@XZ 0000000140007760 f i libvcruntime:frame.obj
 0001:00006784       ??0exception@std@@QEAA@AEBV01@@Z 0000000140007784 f i libvcruntime:frame.obj
 0001:000067b8       ??1bad_exception@std@@UEAA@XZ 00000001400077b8 f i libvcruntime:frame.obj
 0001:000067cc       ??_Ebad_exception@std@@UEAAPEAXI@Z 00000001400077cc f i libvcruntime:frame.obj
 0001:000067cc       ??_Eexception@std@@UEAAPEAXI@Z 00000001400077cc f i libvcruntime:frame.obj
 0001:000067cc       ??_Gbad_exception@std@@UEAAPEAXI@Z 00000001400077cc f i libvcruntime:frame.obj
 0001:000067cc       ??_Gexception@std@@UEAAPEAXI@Z 00000001400077cc f i libvcruntime:frame.obj
 0001:00006810       ?CxxCallCatchBlock@__FrameHandler3@@SAPEAXPEAU_EXCEPTION_RECORD@@@Z 0000000140007810 f   libvcruntime:frame.obj
 0001:00006a94       ?FrameUnwindToState@__FrameHandler3@@SAXPEA_KPEAU_xDISPATCHER_CONTEXT@@PEBU_s_FuncInfo@@H@Z 0000000140007a94 f   libvcruntime:frame.obj
 0001:00006c20       ?GetHandlerSearchState@__FrameHandler3@@SAHPEA_KPEAU_xDISPATCHER_CONTEXT@@PEBU_s_FuncInfo@@@Z 0000000140007c20 f i libvcruntime:frame.obj
 0001:00006e28       ?_CallMemberFunction1@@YAXQEAX00@Z 0000000140007e28 f i libvcruntime:frame.obj
 0001:00006e34       ?_CallMemberFunction2@@YAXQEAX00H@Z 0000000140007e34 f i libvcruntime:frame.obj
 0001:00006e44       ?what@exception@std@@UEBAPEBDXZ 0000000140007e44 f i libvcruntime:frame.obj
 0001:00006ea0       _CallSettingFrame          0000000140007ea0 f   libvcruntime:handlers.obj
 0001:00006ee0       __std_exception_copy       0000000140007ee0 f   libvcruntime:std_exception.obj
 0001:00006f60       __std_exception_destroy    0000000140007f60 f   libvcruntime:std_exception.obj
 0001:00006f88       _CxxThrowException         0000000140007f88 f   libvcruntime:throw.obj
 0001:00007030       ??$ensure_buffer_is_big_enough@D@formatting_buffer@__crt_stdio_output@@QEAA_N_KAEAV__crt_cached_ptd_host@@@Z 0000000140008030 f i libucrt:output.obj
 0001:000070d8       ??$parse_integer@KV?$c_string_character_source@D@__crt_strtox@@$0A@@__crt_strtox@@YAKAEAV__crt_cached_ptd_host@@V?$c_string_character_source@D@0@H_N@Z 00000001400080d8 f i libucrt:output.obj
 0001:0000738c       ??$type_case_integer@$07@?$output_processor@DV?$string_output_adapter@D@__crt_stdio_output@@V?$standard_base@DV?$string_output_adapter@D@__crt_stdio_output@@@2@@__crt_stdio_output@@AEAA_N_N@Z 000000014000838c f i libucrt:output.obj
 0001:00007590       ??$type_case_integer@$09@?$output_processor@DV?$string_output_adapter@D@__crt_stdio_output@@V?$standard_base@DV?$string_output_adapter@D@__crt_stdio_output@@@2@@__crt_stdio_output@@AEAA_N_N@Z 0000000140008590 f i libucrt:output.obj
 0001:00007794       ??$type_case_integer@$0BA@@?$output_processor@DV?$string_output_adapter@D@__crt_stdio_output@@V?$standard_base@DV?$string_output_adapter@D@__crt_stdio_output@@@2@@__crt_stdio_output@@AEAA_N_N@Z 0000000140008794 f i libucrt:output.obj
 0001:00007998       ??$type_case_integer_parse_into_buffer@I$07@?$output_processor@DV?$string_output_adapter@D@__crt_stdio_output@@V?$standard_base@DV?$string_output_adapter@D@__crt_stdio_output@@@2@@__crt_stdio_output@@AEAAXI_N@Z 0000000140008998 f i libucrt:output.obj
 0001:00007a08       ??$type_case_integer_parse_into_buffer@I$09@?$output_processor@DV?$string_output_adapter@D@__crt_stdio_output@@V?$standard_base@DV?$string_output_adapter@D@__crt_stdio_output@@@2@@__crt_stdio_output@@AEAAXI_N@Z 0000000140008a08 f i libucrt:output.obj
 0001:00007ab4       ??$type_case_integer_parse_into_buffer@I$0BA@@?$output_processor@DV?$string_output_adapter@D@__crt_stdio_output@@V?$standard_base@DV?$string_output_adapter@D@__crt_stdio_output@@@2@@__crt_stdio_output@@AEAAXI_N@Z 0000000140008ab4 f i libucrt:output.obj
 0001:00007b38       ??$type_case_integer_parse_into_buffer@_K$07@?$output_processor@DV?$string_output_adapter@D@__crt_stdio_output@@V?$standard_base@DV?$string_output_adapter@D@__crt_stdio_output@@@2@@__crt_stdio_output@@AEAAX_K_N@Z 0000000140008b38 f i libucrt:output.obj
 0001:00007ba8       ??$type_case_integer_parse_into_buffer@_K$09@?$output_processor@DV?$string_output_adapter@D@__crt_stdio_output@@V?$standard_base@DV?$string_output_adapter@D@__crt_stdio_output@@@2@@__crt_stdio_output@@AEAAX_K_N@Z 0000000140008ba8 f i libucrt:output.obj
 0001:00007c58       ??$type_case_integer_parse_into_buffer@_K$0BA@@?$output_processor@DV?$string_output_adapter@D@__crt_stdio_output@@V?$standard_base@DV?$string_output_adapter@D@__crt_stdio_output@@@2@@__crt_stdio_output@@AEAAX_K_N@Z 0000000140008c58 f i libucrt:output.obj
 0001:00007cdc       ?crop_zeroes@__crt_stdio_output@@YAXPEADQEAU__crt_locale_pointers@@@Z 0000000140008cdc f i libucrt:output.obj
 0001:00007d50       ?get_raw_ptd@__crt_cached_ptd_host@@QEAAPEAU__acrt_ptd@@XZ 0000000140008d50 f i libucrt:output.obj
 0001:00007db8       ?parse_int_from_format_string@?$output_processor@DV?$string_output_adapter@D@__crt_stdio_output@@V?$standard_base@DV?$string_output_adapter@D@__crt_stdio_output@@@2@@__crt_stdio_output@@AEAA_NQEAH@Z 0000000140008db8 f i libucrt:output.obj
 0001:00007e48       ?process@?$output_processor@DV?$string_output_adapter@D@__crt_stdio_output@@V?$standard_base@DV?$string_output_adapter@D@__crt_stdio_output@@@2@@__crt_stdio_output@@QEAAHXZ 0000000140008e48 f i libucrt:output.obj
 0001:000081b8       ?state_case_size@?$output_processor@DV?$string_output_adapter@D@__crt_stdio_output@@V?$standard_base@DV?$string_output_adapter@D@__crt_stdio_output@@@2@@__crt_stdio_output@@AEAA_NXZ 00000001400091b8 f i libucrt:output.obj
 0001:00008340       ?state_case_type@?$output_processor@DV?$string_output_adapter@D@__crt_stdio_output@@V?$standard_base@DV?$string_output_adapter@D@__crt_stdio_output@@@2@@__crt_stdio_output@@AEAA_NXZ 0000000140009340 f i libucrt:output.obj
 0001:000087b0       ?type_case_Z@?$output_processor@DV?$string_output_adapter@D@__crt_stdio_output@@V?$standard_base@DV?$string_output_adapter@D@__crt_stdio_output@@@2@@__crt_stdio_output@@AEAA_NXZ 00000001400097b0 f i libucrt:output.obj
 0001:0000882c       ?type_case_a@?$output_processor@DV?$string_output_adapter@D@__crt_stdio_output@@V?$standard_base@DV?$string_output_adapter@D@__crt_stdio_output@@@2@@__crt_stdio_output@@AEAA_NXZ 000000014000982c f i libucrt:output.obj
 0001:00008a88       ?type_case_c_tchar@?$output_processor@DV?$string_output_adapter@D@__crt_stdio_output@@V?$standard_base@DV?$string_output_adapter@D@__crt_stdio_output@@@2@@__crt_stdio_output@@AEAA_ND@Z 0000000140009a88 f i libucrt:output.obj
 0001:00008b5c       ?type_case_n@?$output_processor@DV?$string_output_adapter@D@__crt_stdio_output@@V?$standard_base@DV?$string_output_adapter@D@__crt_stdio_output@@@2@@__crt_stdio_output@@AEAA_NXZ 0000000140009b5c f i libucrt:output.obj
 0001:00008c14       ?type_case_s@?$output_processor@DV?$string_output_adapter@D@__crt_stdio_output@@V?$standard_base@DV?$string_output_adapter@D@__crt_stdio_output@@@2@@__crt_stdio_output@@AEAA_NXZ 0000000140009c14 f i libucrt:output.obj
 0001:00008cb0       ?update_locale_slow@__crt_cached_ptd_host@@AEAAXXZ 0000000140009cb0 f i libucrt:output.obj
 0001:00008d28       ?write_string@?$string_output_adapter@D@__crt_stdio_output@@QEBAXQEBDHQEAHAEAV__crt_cached_ptd_host@@@Z 0000000140009d28 f i libucrt:output.obj
 0001:00008dcc       __stdio_common_vsprintf    0000000140009dcc f   libucrt:output.obj
 0001:00009020       sinf_sse2                  000000014000a020 f   libucrt:sinf.obj
 0001:00009390       sinf                       000000014000a390 f   libucrt:sinf.obj
 0001:000096e0       _seh_filter_exe            000000014000a6e0 f   libucrt:exception_filter.obj
 0001:0000984c       _query_app_type            000000014000a84c f   libucrt:report_runtime_error.obj
 0001:00009854       _set_app_type              000000014000a854 f   libucrt:report_runtime_error.obj
 0001:00009860       __acrt_has_user_matherr    000000014000a860 f   libucrt:matherr.obj
 0001:00009880       __acrt_initialize_user_matherr 000000014000a880 f   libucrt:matherr.obj
 0001:00009890       __acrt_invoke_user_matherr 000000014000a890 f   libucrt:matherr.obj
 0001:000098c0       __setusermatherr           000000014000a8c0 f   libucrt:matherr.obj
 0001:00009aa4       __acrt_allocate_buffer_for_argv 000000014000aaa4 f   libucrt:argv_parsing.obj
 0001:00009b04       _configure_narrow_argv     000000014000ab04 f   libucrt:argv_parsing.obj
 0001:00009e88       __dcrt_uninitialize_environments_nolock 000000014000ae88 f   libucrt:environment_initialization.obj
 0001:00009ecc       _initialize_narrow_environment 000000014000aecc f   libucrt:environment_initialization.obj
 0001:00009ed4       _get_narrow_winmain_command_line 000000014000aed4 f   libucrt:argv_winmain.obj
 0001:00009f48       _initterm                  000000014000af48 f   libucrt:initterm.obj
 0001:00009f80       _initterm_e                000000014000af80 f   libucrt:initterm.obj
 0001:0000a22c       __acrt_initialize_thread_local_exit_callback 000000014000b22c f   libucrt:exit.obj
 0001:0000a234       _c_exit                    000000014000b234 f   libucrt:exit.obj
 0001:0000a244       _cexit                     000000014000b244 f   libucrt:exit.obj
 0001:0000a254       _exit                      000000014000b254 f   libucrt:exit.obj
 0001:0000a260       _register_thread_local_exe_atexit_callback 000000014000b260 f   libucrt:exit.obj
 0001:0000a29c       exit                       000000014000b29c f   libucrt:exit.obj
 0001:0000a2a8       _set_fmode                 000000014000b2a8 f   libucrt:setmode.obj
 0001:0000a358       __acrt_set_locale_changed  000000014000b358 f   libucrt:wsetlocale.obj
 0001:0000a364       __acrt_uninitialize_locale 000000014000b364 f   libucrt:wsetlocale.obj
 0001:0000a394       _configthreadlocale        000000014000b394 f   libucrt:wsetlocale.obj
 0001:0000a400       _query_new_mode            000000014000b400 f   libucrt:new_mode.obj
 0001:0000a410       _set_new_mode              000000014000b410 f   libucrt:new_mode.obj
 0001:0000a43c       __p__commode               000000014000b43c f   libucrt:ncommode.obj
 0001:0000a450       strcpy_s                   000000014000b450 f   libucrt:strcpy_s.obj
 0001:0000a4d0       strcat_s                   000000014000b4d0 f   libucrt:strcat_s.obj
 0001:0000a89c       _crt_atexit                000000014000b89c f   libucrt:onexit.obj
 0001:0000a8ac       _execute_onexit_table      000000014000b8ac f   libucrt:onexit.obj
 0001:0000a8f0       _initialize_onexit_table   000000014000b8f0 f   libucrt:onexit.obj
 0001:0000a918       _register_onexit_function  000000014000b918 f   libucrt:onexit.obj
 0001:0000aa8c       __acrt_initialize          000000014000ba8c f   libucrt:initialization.obj
 0001:0000aaa0       __acrt_uninitialize        000000014000baa0 f   libucrt:initialization.obj
 0001:0000aad8       terminate                  000000014000bad8 f   libucrt:terminate.obj
 0001:0000ab00       free                       000000014000bb00 f   libucrt:free.obj
 0001:0000ab10       malloc                     000000014000bb10 f   libucrt:malloc.obj
 0001:0000ab20       abort                      000000014000bb20 f   libucrt:abort.obj
 0001:0000ab80       calloc                     000000014000bb80 f   libucrt:calloc.obj
 0001:0000ab90       wcsncmp                    000000014000bb90 f   libucrt:wcsncmp.obj
 0001:0000abc4       ?get_raw_ptd_noexit@__crt_cached_ptd_host@@QEAAPEAU__acrt_ptd@@XZ 000000014000bbc4 f i libucrt:invalid_parameter.obj
 0001:0000ac30       ?value@?$dual_state_global@P6AXPEB_W00I_K@Z@__crt_state_management@@QEAAAEAP6AXPEB_W00I_K@ZAEAV__crt_cached_ptd_host@@@Z 000000014000bc30 f i libucrt:invalid_parameter.obj
 0001:0000ac7c       __acrt_call_reportfault    000000014000bc7c f   libucrt:invalid_parameter.obj
 0001:0000adec       __acrt_initialize_invalid_parameter_handler 000000014000bdec f   libucrt:invalid_parameter.obj
 0001:0000adf4       _invalid_parameter         000000014000bdf4 f   libucrt:invalid_parameter.obj
 0001:0000ae90       _invalid_parameter_internal 000000014000be90 f   libucrt:invalid_parameter.obj
 0001:0000af48       _invalid_parameter_noinfo  000000014000bf48 f   libucrt:invalid_parameter.obj
 0001:0000af68       _invoke_watson             000000014000bf68 f   libucrt:invalid_parameter.obj
 0001:0000afb0       __acrt_errno_from_os_error 000000014000bfb0 f   libucrt:errno.obj
 0001:0000b080       __acrt_errno_map_os_error  000000014000c080 f   libucrt:errno.obj
 0001:0000b0a8       __acrt_errno_map_os_error_ptd 000000014000c0a8 f   libucrt:errno.obj
 0001:0000b0cc       __doserrno                 000000014000c0cc f   libucrt:errno.obj
 0001:0000b0f0       _errno                     000000014000c0f0 f   libucrt:errno.obj
 0001:0000b120       _free_base                 000000014000c120 f   libucrt:free_base.obj
 0001:0000b180       _malloc_base               000000014000c180 f   libucrt:malloc_base.obj
 0001:0000b1e0       strnlen                    000000014000c1e0 f   libucrt:strnlen.obj
 0001:0000b370       wcsnlen                    000000014000c370 f   libucrt:strnlen.obj
 0001:0000b578       __acrt_update_locale_info  000000014000c578 f   libucrt:locale_update.obj
 0001:0000b5ac       __acrt_update_locale_info_explicit 000000014000c5ac f   libucrt:locale_update.obj
 0001:0000b5e4       __acrt_update_multibyte_info 000000014000c5e4 f   libucrt:locale_update.obj
 0001:0000b618       __acrt_update_multibyte_info_explicit 000000014000c618 f   libucrt:locale_update.obj
 0001:0000c160       __acrt_fp_format           000000014000d160 f   libucrt:cvt.obj
 0001:0000c448       _wctomb_internal           000000014000d448 f   libucrt:wctomb.obj
 0001:0000c5f8       _mbtowc_internal           000000014000d5f8 f   libucrt:mbtowc.obj
 0001:0000c770       ?__mblen_utf8@__crt_mbstring@@YAHPEBD@Z 000000014000d770 f   libucrt:mbrtoc32.obj
 0001:0000c7a8       ?__mbrtoc32_utf8@__crt_mbstring@@YA_KPEA_UPEBD_KPEAU_Mbstatet@@AEAV__crt_cached_ptd_host@@@Z 000000014000d7a8 f   libucrt:mbrtoc32.obj
 0001:0000c968       ?__c16rtomb_utf8@__crt_mbstring@@YA_KPEAD_SPEAU_Mbstatet@@AEAV__crt_cached_ptd_host@@@Z 000000014000d968 f   libucrt:c16rtomb.obj
 0001:0000ca0c       ?__mbrtowc_utf8@__crt_mbstring@@YA_KPEA_WPEBD_KPEAU_Mbstatet@@AEAV__crt_cached_ptd_host@@@Z 000000014000da0c f   libucrt:mbrtowc.obj
 0001:0000ca54       ?__mbsrtowcs_utf8@__crt_mbstring@@YA_KPEA_WPEAPEBD_KPEAU_Mbstatet@@AEAV__crt_cached_ptd_host@@@Z 000000014000da54 f   libucrt:mbrtowc.obj
 0001:0000cc0c       _fileno                    000000014000dc0c f   libucrt:fileno.obj
 0001:0000cc34       __acrt_initialize_stdio    000000014000dc34 f   libucrt:_file.obj
 0001:0000cd54       __acrt_uninitialize_stdio  000000014000dd54 f   libucrt:_file.obj
 0001:0000cdb0       _lock_file                 000000014000ddb0 f   libucrt:_file.obj
 0001:0000cdbc       _unlock_file               000000014000ddbc f   libucrt:_file.obj
 0001:0000cdc8       _get_printf_count_output   000000014000ddc8 f   libucrt:printf_count_output.obj
 0001:0000d0f0       ?internal_get_ptd_head_slow@@YAPEAU__acrt_ptd@@XZ 000000014000e0f0 f   libucrt:per_thread_data.obj
 0001:0000d210       __acrt_getptd              000000014000e210 f   libucrt:per_thread_data.obj
 0001:0000d22c       __acrt_getptd_head         000000014000e22c f   libucrt:per_thread_data.obj
 0001:0000d270       __acrt_getptd_noexit       000000014000e270 f   libucrt:per_thread_data.obj
 0001:0000d300       __acrt_getptd_noexit_explicit 000000014000e300 f   libucrt:per_thread_data.obj
 0001:0000d35c       __acrt_initialize_ptd      000000014000e35c f   libucrt:per_thread_data.obj
 0001:0000d3a0       __acrt_uninitialize_ptd    000000014000e3a0 f   libucrt:per_thread_data.obj
 0001:0000d5cc       __acrt_initialize_lowio    000000014000e5cc f   libucrt:ioinit.obj
 0001:0000d608       __acrt_uninitialize_lowio  000000014000e608 f   libucrt:ioinit.obj
 0001:0000d650       __acrt_initialize_fma3     000000014000e650 f   libucrt:fma3_available.obj
 0001:0000d710       __remainder_piby2d2f_forC  000000014000e710 f   libucrt:remainder_piby2f_forc.obj
 0001:0000d8a0       _sinf_special              000000014000e8a0 f   libucrt:sincos_special.obj
 0001:0000d930       _calloc_base               000000014000e930 f   libucrt:calloc_base.obj
 0001:0000d9bc       ??$__acrt_convert_wcs_mbs_cp@D_WV<lambda_7c9dea7b4ca7285d2cdb541a38da6275>@@U__crt_win32_buffer_internal_dynamic_resizing@@@@YAHQEBDAEAV?$__crt_win32_buffer@_WU__crt_win32_buffer_internal_dynamic_resizing@@@@AEBV<lambda_7c9dea7b4ca7285d2cdb541a38da6275>@@I@Z 000000014000e9bc f i libucrt:argv_wildcards.obj
 0001:0000db5c       ??$__acrt_convert_wcs_mbs_cp@_WDV<lambda_d8593a27d1aa8c02be35c86a17d324c4>@@U__crt_win32_buffer_internal_dynamic_resizing@@@@YAHQEB_WAEAV?$__crt_win32_buffer@DU__crt_win32_buffer_internal_dynamic_resizing@@@@AEBV<lambda_d8593a27d1aa8c02be35c86a17d324c4>@@I@Z 000000014000eb5c f i libucrt:argv_wildcards.obj
 0001:0000e428       ??0_LocaleUpdate@@QEAA@QEAU__crt_locale_pointers@@@Z 000000014000f428 f i libucrt:argv_wildcards.obj
 0001:0000e4c4       __acrt_expand_narrow_argv_wildcards 000000014000f4c4 f   libucrt:argv_wildcards.obj
 0001:0000e4cc       ??$__acrt_convert_wcs_mbs_cp@_WDV<lambda_f788ae46380686e8b737efdd8c720d07>@@U__crt_win32_buffer_no_resizing@@@@YAHQEB_WAEAV?$__crt_win32_buffer@DU__crt_win32_buffer_no_resizing@@@@AEBV<lambda_f788ae46380686e8b737efdd8c720d07>@@I@Z 000000014000f4cc f i libucrt:getmodulefilenamea.obj
 0001:0000e5e8       __acrt_GetModuleFileNameA  000000014000f5e8 f   libucrt:getmodulefilenamea.obj
 0001:0000ef14       __acrt_initialize_multibyte 000000014000ff14 f   libucrt:mbctype.obj
 0001:0000ef74       __acrt_update_thread_multibyte_data 000000014000ff74 f   libucrt:mbctype.obj
 0001:0000ef90       _setmbcp_nolock            000000014000ff90 f   libucrt:mbctype.obj
 0001:0000f2cc       _ismbblead                 00000001400102cc f   libucrt:ismbbyte.obj
 0001:0000f2e0       __acrt_initialize_command_line 00000001400102e0 f   libucrt:argv_data.obj
 0001:0000f308       __acrt_MultiByteToWideChar 0000000140010308 f   libucrt:multibytetowidechar.obj
 0001:0000f398       __acrt_WideCharToMultiByte 0000000140010398 f   libucrt:widechartomultibyte.obj
 0001:0000f478       __dcrt_get_narrow_environment_from_os 0000000140010478 f   libucrt:get_environment_from_os.obj
 0001:0000f588       __acrt_initialize_locks    0000000140010588 f   libucrt:locks.obj
 0001:0000f5d0       __acrt_lock                00000001400105d0 f   libucrt:locks.obj
 0001:0000f5ec       __acrt_uninitialize_locks  00000001400105ec f   libucrt:locks.obj
 0001:0000f624       __acrt_unlock              0000000140010624 f   libucrt:locks.obj
 0001:0000f640       __acrt_app_verifier_enabled 0000000140010640 f   libucrt:peb_access.obj
 0001:0000f65c       __acrt_is_secure_process   000000014001065c f   libucrt:peb_access.obj
 0001:0000f674       __acrt_get_process_end_policy 0000000140010674 f   libucrt:win_policies.obj
 0001:0000f6a4       __acrt_lowio_create_handle_array 00000001400106a4 f   libucrt:osfinfo.obj
 0001:0000f74c       __acrt_lowio_destroy_handle_array 000000014001074c f   libucrt:osfinfo.obj
 0001:0000f79c       __acrt_lowio_ensure_fh_exists 000000014001079c f   libucrt:osfinfo.obj
 0001:0000f844       __acrt_lowio_lock_fh       0000000140010844 f   libucrt:osfinfo.obj
 0001:0000f86c       __acrt_lowio_unlock_fh     000000014001086c f   libucrt:osfinfo.obj
 0001:0000f894       _free_osfhnd               0000000140010894 f   libucrt:osfinfo.obj
 0001:0000f950       _get_osfhandle             0000000140010950 f   libucrt:osfinfo.obj
 0001:0000f9c8       __acrt_initialize_fmode    00000001400109c8 f   libucrt:txtmode.obj
 0001:0000f9e0       __acrt_locale_free_monetary 00000001400109e0 f   libucrt:initmon.obj
 0001:0000faec       __acrt_locale_free_numeric 0000000140010aec f   libucrt:initnum.obj
 0001:0000fb8c       __acrt_locale_free_time    0000000140010b8c f   libucrt:inittime.obj
 0001:0000fc94       __acrt_GetStringTypeA      0000000140010c94 f   libucrt:getstringtypea.obj
 0001:0000fe24       __acrt_add_locale_ref      0000000140010e24 f   libucrt:locale_refcounting.obj
 0001:0000feb0       __acrt_free_locale         0000000140010eb0 f   libucrt:locale_refcounting.obj
 0001:00010028       __acrt_locale_add_lc_time_reference 0000000140011028 f   libucrt:locale_refcounting.obj
 0001:00010050       __acrt_locale_free_lc_time_if_unreferenced 0000000140011050 f   libucrt:locale_refcounting.obj
 0001:00010088       __acrt_locale_release_lc_time_reference 0000000140011088 f   libucrt:locale_refcounting.obj
 0001:000100b0       __acrt_release_locale_ref  00000001400110b0 f   libucrt:locale_refcounting.obj
 0001:00010158       __acrt_update_thread_locale_data 0000000140011158 f   libucrt:locale_refcounting.obj
 0001:000101c8       _updatetlocinfoEx_nolock   00000001400111c8 f   libucrt:locale_refcounting.obj
 0001:000103e4       __acrt_AppPolicyGetProcessTerminationMethodInternal 00000001400113e4 f   libucrt:winapi_thunks.obj
 0001:00010440       __acrt_AreFileApisANSI     0000000140011440 f   libucrt:winapi_thunks.obj
 0001:0001048c       __acrt_FlsAlloc            000000014001148c f   libucrt:winapi_thunks.obj
 0001:00010494       __acrt_FlsFree             0000000140011494 f   libucrt:winapi_thunks.obj
 0001:0001049c       __acrt_FlsGetValue         000000014001149c f   libucrt:winapi_thunks.obj
 0001:000104a4       __acrt_FlsGetValue2        00000001400114a4 f   libucrt:winapi_thunks.obj
 0001:000104b0       __acrt_FlsSetValue         00000001400114b0 f   libucrt:winapi_thunks.obj
 0001:000104b8       __acrt_InitializeCriticalSectionEx 00000001400114b8 f   libucrt:winapi_thunks.obj
 0001:000104c0       __acrt_LCMapStringEx       00000001400114c0 f   libucrt:winapi_thunks.obj
 0001:000105b4       __acrt_LocaleNameToLCID    00000001400115b4 f   libucrt:winapi_thunks.obj
 0001:00010618       __acrt_initialize_winapi_thunks 0000000140011618 f   libucrt:winapi_thunks.obj
 0001:00010648       __acrt_tls2_supported      0000000140011648 f   libucrt:winapi_thunks.obj
 0001:0001068c       __acrt_uninitialize_winapi_thunks 000000014001168c f   libucrt:winapi_thunks.obj
 0001:000106d0       _recalloc_base             00000001400116d0 f   libucrt:recalloc.obj
 0001:00010770       _recalloc                  0000000140011770 f   libucrt:recalloc.obj
 0001:00010780       _get_heap_handle           0000000140011780 f   libucrt:heap_handle.obj
 0001:00010790       __acrt_initialize_heap     0000000140011790 f   libucrt:heap_handle.obj
 0001:000107c0       __acrt_uninitialize_heap   00000001400117c0 f   libucrt:heap_handle.obj
 0001:000107e0       __acrt_getheap             00000001400117e0 f   libucrt:heap_handle.obj
 0001:000107e8       __acrt_execute_initializers 00000001400117e8 f   libucrt:shared_initialization.obj
 0001:00010868       __acrt_execute_uninitializers 0000000140011868 f   libucrt:shared_initialization.obj
 0001:000108b0       _callnewh                  00000001400118b0 f   libucrt:new_handler.obj
 0001:000108f0       __acrt_initialize_new_handler 00000001400118f0 f   libucrt:new_handler.obj
 0001:00010900       _query_new_handler         0000000140011900 f   libucrt:new_handler.obj
 0001:00010940       _set_new_handler           0000000140011940 f   libucrt:new_handler.obj
 0001:000109a0       ?_set_new_handler@@YAP6AH_K@ZH@Z 00000001400119a0 f   libucrt:new_handler.obj
 0001:000109f4       __acrt_get_sigabrt_handler 00000001400119f4 f   libucrt:signal.obj
 0001:00010a24       __acrt_initialize_signal_handlers 0000000140011a24 f   libucrt:signal.obj
 0001:00010a44       raise                      0000000140011a44 f   libucrt:signal.obj
 0001:00010e80       __acrt_stdio_flush_nolock  0000000140011e80 f   libucrt:fflush.obj
 0001:00010f0c       _fflush_nolock             0000000140011f0c f   libucrt:fflush.obj
 0001:00010fe0       _flushall                  0000000140011fe0 f   libucrt:fflush.obj
 0001:000110b8       __acrt_fp_strflt_to_string 00000001400120b8 f   libucrt:_fptostr.obj
 0001:000111d0       ?divide@__crt_strtox@@YA_KAEAUbig_integer@1@AEBU21@@Z 00000001400121d0 f i libucrt:cfout.obj
 0001:0001165c       __acrt_fltout              000000014001265c f   libucrt:cfout.obj
 0001:00012970       fegetround                 0000000140013970 f   libucrt:fegetround.obj
 0001:00012984       ?__c32rtomb_utf8@__crt_mbstring@@YA_KPEAD_UPEAU_Mbstatet@@AEAV__crt_cached_ptd_host@@@Z 0000000140013984 f   libucrt:c32rtomb.obj
 0001:00012a28       ?reset_and_return@__crt_mbstring@@YA_K_KPEAU_Mbstatet@@@Z 0000000140013a28 f   libucrt:common_utf8.obj
 0001:00012a30       ?return_illegal_sequence@__crt_mbstring@@YA_KPEAU_Mbstatet@@AEAV__crt_cached_ptd_host@@@Z 0000000140013a30 f   libucrt:common_utf8.obj
 0001:00012a44       _fcloseall                 0000000140013a44 f   libucrt:closeall.obj
 0001:00012af8       __acrt_stdio_free_buffer_nolock 0000000140013af8 f   libucrt:_freebuf.obj
 0001:00012b3c       _isatty                    0000000140013b3c f   libucrt:isatty.obj
 0001:00012cb0       _handle_error              0000000140013cb0 f   libucrt:libm_error.obj
 0001:00012df0       _handle_errorf             0000000140013df0 f   libucrt:libm_error.obj
 0001:00012f30       _handle_nan                0000000140013f30 f   libucrt:libm_error.obj
 0001:00012f50       qsort                      0000000140013f50 f   libucrt:qsort.obj
 0001:000132f0       strncpy_s                  00000001400142f0 f   libucrt:strncpy_s.obj
 0001:000134c0       strpbrk                    00000001400144c0 f   libucrt:strpbrk.obj
 0001:00013878       _mbsdec                    0000000140014878 f   libucrt:mbsdec.obj
 0001:00013880       _mbsdec_l                  0000000140014880 f   libucrt:mbsdec.obj
 0001:00013c48       __acrt_LCMapStringA        0000000140014c48 f   libucrt:lcmapstringa.obj
 0001:00013d00       __ascii_wcsnicmp           0000000140014d00 f   libucrt:wcsnicmp.obj
 0001:00013d68       __acrt_DownlevelLocaleNameToLCID 0000000140014d68 f   libucrt:lcidtoname_downlevel.obj
 0001:00013e10       _msize_base                0000000140014e10 f   libucrt:msize.obj
 0001:00013e50       _msize                     0000000140014e50 f   libucrt:msize.obj
 0001:00013e60       _realloc_base              0000000140014e60 f   libucrt:realloc_base.obj
 0001:00013f68       _commit                    0000000140014f68 f   libucrt:commit.obj
 0001:00014828       _write_internal            0000000140015828 f   libucrt:write.obj
 0001:00014948       _write_nolock              0000000140015948 f   libucrt:write.obj
 0001:00014c80       _controlfp_s               0000000140015c80 f   libucrt:contrlfp.obj
 0001:00014cf0       fegetenv                   0000000140015cf0 f   libucrt:fegetenv.obj
 0001:00014d10       fesetenv                   0000000140015d10 f   libucrt:fesetenv.obj
 0001:00014d80       feholdexcept               0000000140015d80 f   libucrt:feholdexcept.obj
 0001:00014de0       ceil                       0000000140015de0 f   libucrt:ceil.obj
 0001:00014eb0       log10                      0000000140015eb0 f   libucrt:log10.obj
 0001:00015460       __acrt_fenv_get_common_round_control 0000000140016460 f   libucrt:_fenvutils.obj
 0001:00015470       __acrt_fenv_get_control    0000000140016470 f   libucrt:_fenvutils.obj
 0001:00015550       __acrt_fenv_get_status     0000000140016550 f   libucrt:_fenvutils.obj
 0001:000155b0       __acrt_fenv_set_control    00000001400165b0 f   libucrt:_fenvutils.obj
 0001:000156e0       __acrt_fenv_set_status     00000001400166e0 f   libucrt:_fenvutils.obj
 0001:00015878       fclose                     0000000140016878 f   libucrt:fclose.obj
 0001:000159c0       _lseeki64_nolock_internal  00000001400169c0 f   libucrt:lseek.obj
 0001:000159d0       _clrfp                     00000001400169d0 f   libucrt:fpctrl.obj
 0001:000159f0       _ctrlfp                    00000001400169f0 f   libucrt:fpctrl.obj
 0001:00015a70       _get_fpcsr                 0000000140016a70 f   libucrt:fpctrl.obj
 0001:00015a70       _get_fpsr                  0000000140016a70 f   libucrt:fpctrl.obj
 0001:00015a80       _set_fpcsr                 0000000140016a80 f   libucrt:fpctrl.obj
 0001:00015a80       _set_fpsr                  0000000140016a80 f   libucrt:fpctrl.obj
 0001:00015a90       _set_statfp                0000000140016a90 f   libucrt:fpctrl.obj
 0001:00015ab0       _statfp                    0000000140016ab0 f   libucrt:fpctrl.obj
 0001:00015ac0       _raise_exc                 0000000140016ac0 f   libucrt:fpexcept.obj
 0001:00015af0       _raise_exc_ex              0000000140016af0 f   libucrt:fpexcept.obj
 0001:00015e00       _raise_excf                0000000140016e00 f   libucrt:fpexcept.obj
 0001:00015e30       _set_errno_from_matherr    0000000140016e30 f   libucrt:fpexcept.obj
 0001:00015e64       _guard_check_icall         0000000140016e64 f i libucrt:checkcfg.obj
 0001:00015e80       __strncnt                  0000000140016e80 f   libucrt:strncnt.obj
 0001:00015e98       _putwch_nolock             0000000140016e98 f   libucrt:putwch.obj
 0001:00015ee0       _clearfp                   0000000140016ee0 f   libucrt:ieee.obj
 0001:00015f50       _control87                 0000000140016f50 f   libucrt:ieee.obj
 0001:00016200       ceil_sse41                 0000000140017200 f   libucrt:floorceil_sse41.obj
 0001:00016210       _log10_special             0000000140017210 f   libucrt:log_special.obj
 0001:00016344       _close_internal            0000000140017344 f   libucrt:close.obj
 0001:00016408       _close_nolock_internal     0000000140017408 f   libucrt:close.obj
 0001:000164d8       ?__acrt_stdio_free_stream@@YAXV__crt_stdio_stream@@@Z 00000001400174d8 f   libucrt:stream.obj
 0001:000164f4       __dcrt_lowio_ensure_console_output_initialized 00000001400174f4 f   libucrt:initcon.obj
 0001:00016548       __dcrt_terminate_console_output 0000000140017548 f   libucrt:initcon.obj
 0001:00016564       __dcrt_write_console       0000000140017564 f   libucrt:initcon.obj
 0001:00016630       _FindPESection             0000000140017630 f   LIBCMT:pesect.obj
 0001:00016680       _IsNonwritableInCurrentImage 0000000140017680 f   LIBCMT:pesect.obj
 0001:000166d0       _ValidateImageBase         00000001400176d0 f   LIBCMT:pesect.obj
 0001:000166fc       ??_Etype_info@@UEAAPEAXI@Z 00000001400176fc f i LIBCMT:std_type_info_static.obj
 0001:000166fc       ??_Gtype_info@@UEAAPEAXI@Z 00000001400176fc f i LIBCMT:std_type_info_static.obj
 0001:00016728       ??3@YAXPEAX_K@Z            0000000140017728 f   LIBCMT:delete_scalar_size.obj
 0001:00016730       __GSHandlerCheck_EH        0000000140017730 f   LIBCMT:gshandlereh.obj
 0001:000167b0       ??3@YAXPEAX@Z              00000001400177b0 f   LIBCMT:delete_scalar.obj
 0001:000167c0       strrchr                    00000001400177c0 f   libvcruntime:strrchr.obj
 0001:00016900       _guard_dispatch_icall_nop  0000000140017900 f   LIBCMT:guard_dispatch.obj
 0001:00016920       _guard_xfg_dispatch_icall_nop 0000000140017920 f   LIBCMT:guard_xfg_dispatch.obj
 0001:00016940       _guard_dispatch_icall      0000000140017940 f   libucrt:dispatchcfg.obj
 0001:00016940       _guard_dispatch_icall_$fo_default$ 0000000140017940     libucrt:dispatchcfg.obj
 0001:00016970       memset_repstos             0000000140017970 f   libvcruntime:memset.obj
 0001:00016980       memset                     0000000140017980 f   libvcruntime:memset.obj
 0001:00016d30       memcpy_repmovs             0000000140017d30 f   libvcruntime:memcpy.obj
 0001:00016d40       memcpy                     0000000140017d40 f   libvcruntime:memcpy.obj
 0001:00016d40       memcpy_$fo_default$        0000000140017d40     libvcruntime:memcpy.obj
 0001:00016d40       memmove                    0000000140017d40 f   libvcruntime:memcpy.obj
 0001:000173c0       strcmp                     00000001400183c0 f   libucrt:strcmp.obj
 0001:00017440       strlen                     0000000140018440 f   libucrt:strlen.obj
 0001:00017500       strncmp                    0000000140018500 f   libucrt:strncmp.obj
 0002:00000000       __imp_StretchDIBits        0000000140019000     Gdi32:GDI32.dll
 0002:00000008       \177GDI32_NULL_THUNK_DATA  0000000140019008     Gdi32:GDI32.dll
 0002:00000010       __imp_CreateFileW          0000000140019010     kernel32:KERNEL32.dll
 0002:00000018       __imp_GetConsoleMode       0000000140019018     kernel32:KERNEL32.dll
 0002:00000020       __imp_GetConsoleOutputCP   0000000140019020     kernel32:KERNEL32.dll
 0002:00000028       __imp_FlushFileBuffers     0000000140019028     kernel32:KERNEL32.dll
 0002:00000030       __imp_HeapReAlloc          0000000140019030     kernel32:KERNEL32.dll
 0002:00000038       __imp_WriteConsoleW        0000000140019038     kernel32:KERNEL32.dll
 0002:00000040       __imp_SetFilePointerEx     0000000140019040     kernel32:KERNEL32.dll
 0002:00000048       __imp_LCMapStringW         0000000140019048     kernel32:KERNEL32.dll
 0002:00000050       __imp_HeapSize             0000000140019050     kernel32:KERNEL32.dll
 0002:00000058       __imp_VirtualProtect       0000000140019058     kernel32:KERNEL32.dll
 0002:00000060       __imp_InitializeCriticalSectionEx 0000000140019060     kernel32:KERNEL32.dll
 0002:00000068       __imp_CreateFileA          0000000140019068     kernel32:KERNEL32.dll
 0002:00000070       __imp_GetFileSizeEx        0000000140019070     kernel32:KERNEL32.dll
 0002:00000078       __imp_ReadFile             0000000140019078     kernel32:KERNEL32.dll
 0002:00000080       __imp_WriteFile            0000000140019080     kernel32:KERNEL32.dll
 0002:00000088       __imp_OutputDebugStringA   0000000140019088     kernel32:KERNEL32.dll
 0002:00000090       __imp_CloseHandle          0000000140019090     kernel32:KERNEL32.dll
 0002:00000098       __imp_GetLastError         0000000140019098     kernel32:KERNEL32.dll
 0002:000000a0       __imp_QueryPerformanceCounter 00000001400190a0     kernel32:KERNEL32.dll
 0002:000000a8       __imp_QueryPerformanceFrequency 00000001400190a8     kernel32:KERNEL32.dll
 0002:000000b0       __imp_Sleep                00000001400190b0     kernel32:KERNEL32.dll
 0002:000000b8       __imp_VirtualAlloc         00000001400190b8     kernel32:KERNEL32.dll
 0002:000000c0       __imp_VirtualFree          00000001400190c0     kernel32:KERNEL32.dll
 0002:000000c8       __imp_GetProcAddress       00000001400190c8     kernel32:KERNEL32.dll
 0002:000000d0       __imp_LoadLibraryA         00000001400190d0     kernel32:KERNEL32.dll
 0002:000000d8       __imp_IsDebuggerPresent    00000001400190d8     kernel32:KERNEL32.dll
 0002:000000e0       __imp_RaiseException       00000001400190e0     kernel32:KERNEL32.dll
 0002:000000e8       __imp_MultiByteToWideChar  00000001400190e8     kernel32:KERNEL32.dll
 0002:000000f0       __imp_WideCharToMultiByte  00000001400190f0     kernel32:KERNEL32.dll
 0002:000000f8       __imp_RtlCaptureContext    00000001400190f8     kernel32:KERNEL32.dll
 0002:00000100       __imp_RtlLookupFunctionEntry 0000000140019100     kernel32:KERNEL32.dll
 0002:00000108       __imp_RtlVirtualUnwind     0000000140019108     kernel32:KERNEL32.dll
 0002:00000110       __imp_UnhandledExceptionFilter 0000000140019110     kernel32:KERNEL32.dll
 0002:00000118       __imp_SetUnhandledExceptionFilter 0000000140019118     kernel32:KERNEL32.dll
 0002:00000120       __imp_GetCurrentProcess    0000000140019120     kernel32:KERNEL32.dll
 0002:00000128       __imp_TerminateProcess     0000000140019128     kernel32:KERNEL32.dll
 0002:00000130       __imp_IsProcessorFeaturePresent 0000000140019130     kernel32:KERNEL32.dll
 0002:00000138       __imp_GetCurrentProcessId  0000000140019138     kernel32:KERNEL32.dll
 0002:00000140       __imp_GetCurrentThreadId   0000000140019140     kernel32:KERNEL32.dll
 0002:00000148       __imp_GetSystemTimeAsFileTime 0000000140019148     kernel32:KERNEL32.dll
 0002:00000150       __imp_InitializeSListHead  0000000140019150     kernel32:KERNEL32.dll
 0002:00000158       __imp_GetStartupInfoW      0000000140019158     kernel32:KERNEL32.dll
 0002:00000160       __imp_GetModuleHandleW     0000000140019160     kernel32:KERNEL32.dll
 0002:00000168       __imp_HeapAlloc            0000000140019168     kernel32:KERNEL32.dll
 0002:00000170       __imp_HeapFree             0000000140019170     kernel32:KERNEL32.dll
 0002:00000178       __imp_GetProcessHeap       0000000140019178     kernel32:KERNEL32.dll
 0002:00000180       __imp_VirtualQuery         0000000140019180     kernel32:KERNEL32.dll
 0002:00000188       __imp_FreeLibrary          0000000140019188     kernel32:KERNEL32.dll
 0002:00000190       __imp_FlsFree              0000000140019190     kernel32:KERNEL32.dll
 0002:00000198       __imp_RtlUnwindEx          0000000140019198     kernel32:KERNEL32.dll
 0002:000001a0       __imp_GetModuleFileNameW   00000001400191a0     kernel32:KERNEL32.dll
 0002:000001a8       __imp_LoadLibraryExW       00000001400191a8     kernel32:KERNEL32.dll
 0002:000001b0       __imp_SetLastError         00000001400191b0     kernel32:KERNEL32.dll
 0002:000001b8       __imp_EnterCriticalSection 00000001400191b8     kernel32:KERNEL32.dll
 0002:000001c0       __imp_LeaveCriticalSection 00000001400191c0     kernel32:KERNEL32.dll
 0002:000001c8       __imp_DeleteCriticalSection 00000001400191c8     kernel32:KERNEL32.dll
 0002:000001d0       __imp_InitializeCriticalSectionAndSpinCount 00000001400191d0     kernel32:KERNEL32.dll
 0002:000001d8       __imp_TlsAlloc             00000001400191d8     kernel32:KERNEL32.dll
 0002:000001e0       __imp_TlsGetValue          00000001400191e0     kernel32:KERNEL32.dll
 0002:000001e8       __imp_TlsSetValue          00000001400191e8     kernel32:KERNEL32.dll
 0002:000001f0       __imp_TlsFree              00000001400191f0     kernel32:KERNEL32.dll
 0002:000001f8       __imp_EncodePointer        00000001400191f8     kernel32:KERNEL32.dll
 0002:00000200       __imp_RtlPcToFileHeader    0000000140019200     kernel32:KERNEL32.dll
 0002:00000208       __imp_GetStdHandle         0000000140019208     kernel32:KERNEL32.dll
 0002:00000210       __imp_ExitProcess          0000000140019210     kernel32:KERNEL32.dll
 0002:00000218       __imp_GetModuleHandleExW   0000000140019218     kernel32:KERNEL32.dll
 0002:00000220       __imp_GetFileType          0000000140019220     kernel32:KERNEL32.dll
 0002:00000228       __imp_FindClose            0000000140019228     kernel32:KERNEL32.dll
 0002:00000230       __imp_FindFirstFileExW     0000000140019230     kernel32:KERNEL32.dll
 0002:00000238       __imp_FindNextFileW        0000000140019238     kernel32:KERNEL32.dll
 0002:00000240       __imp_IsValidCodePage      0000000140019240     kernel32:KERNEL32.dll
 0002:00000248       __imp_GetACP               0000000140019248     kernel32:KERNEL32.dll
 0002:00000250       __imp_GetOEMCP             0000000140019250     kernel32:KERNEL32.dll
 0002:00000258       __imp_GetCPInfo            0000000140019258     kernel32:KERNEL32.dll
 0002:00000260       __imp_GetCommandLineA      0000000140019260     kernel32:KERNEL32.dll
 0002:00000268       __imp_GetCommandLineW      0000000140019268     kernel32:KERNEL32.dll
 0002:00000270       __imp_GetEnvironmentStringsW 0000000140019270     kernel32:KERNEL32.dll
 0002:00000278       __imp_FreeEnvironmentStringsW 0000000140019278     kernel32:KERNEL32.dll
 0002:00000280       __imp_SetStdHandle         0000000140019280     kernel32:KERNEL32.dll
 0002:00000288       __imp_GetStringTypeW       0000000140019288     kernel32:KERNEL32.dll
 0002:00000290       __imp_FlsAlloc             0000000140019290     kernel32:KERNEL32.dll
 0002:00000298       __imp_FlsGetValue          0000000140019298     kernel32:KERNEL32.dll
 0002:000002a0       __imp_FlsSetValue          00000001400192a0     kernel32:KERNEL32.dll
 0002:000002a8       \177KERNEL32_NULL_THUNK_DATA 00000001400192a8     kernel32:KERNEL32.dll
 0002:000002b0       __imp_DispatchMessageA     00000001400192b0     user32:USER32.dll
 0002:000002b8       __imp_PeekMessageA         00000001400192b8     user32:USER32.dll
 0002:000002c0       __imp_DefWindowProcA       00000001400192c0     user32:USER32.dll
 0002:000002c8       __imp_PostQuitMessage      00000001400192c8     user32:USER32.dll
 0002:000002d0       __imp_GetClientRect        00000001400192d0     user32:USER32.dll
 0002:000002d8       __imp_InvalidateRect       00000001400192d8     user32:USER32.dll
 0002:000002e0       __imp_EndPaint             00000001400192e0     user32:USER32.dll
 0002:000002e8       __imp_BeginPaint           00000001400192e8     user32:USER32.dll
 0002:000002f0       __imp_GetDC                00000001400192f0     user32:USER32.dll
 0002:000002f8       __imp_ShowWindow           00000001400192f8     user32:USER32.dll
 0002:00000300       __imp_DestroyWindow        0000000140019300     user32:USER32.dll
 0002:00000308       __imp_CreateWindowExA      0000000140019308     user32:USER32.dll
 0002:00000310       __imp_RegisterClassA       0000000140019310     user32:USER32.dll
 0002:00000318       __imp_TranslateMessage     0000000140019318     user32:USER32.dll
 0002:00000320       \177USER32_NULL_THUNK_DATA 0000000140019320     user32:USER32.dll
 0002:00000328       __imp_timeEndPeriod        0000000140019328     winmm:WINMM.dll
 0002:00000330       __imp_timeBeginPeriod      0000000140019330     winmm:WINMM.dll
 0002:00000338       \177WINMM_NULL_THUNK_DATA  0000000140019338     winmm:WINMM.dll
 0002:00000340       __guard_check_icall_fptr   0000000140019340     LIBCMT:guard_support.obj
 0002:00000348       __guard_xfg_check_icall_fptr 0000000140019348     LIBCMT:guard_support.obj
 0002:00000350       __guard_dispatch_icall_fptr 0000000140019350     LIBCMT:guard_support.obj
 0002:00000358       __guard_xfg_dispatch_icall_fptr 0000000140019358     LIBCMT:guard_support.obj
 0002:00000360       __guard_xfg_table_dispatch_icall_fptr 0000000140019360     LIBCMT:guard_support.obj
 0002:00000368       __castguard_check_failure_os_handled_fptr 0000000140019368     LIBCMT:guard_support.obj
 0002:00000370       __guard_memcpy_fptr        0000000140019370     libvcruntime:softmemtag.obj
 0002:00000378       __xc_a                     0000000140019378     LIBCMT:initializers.obj
 0002:00000388       __xc_z                     0000000140019388     LIBCMT:initializers.obj
 0002:00000390       __xi_a                     0000000140019390     LIBCMT:initializers.obj
 0002:000003a8       __acrt_stdio_initializer   00000001400193a8     libucrt:stdio_initializer.obj
 0002:000003b0       __acrt_tran_fma3_initializer 00000001400193b0     libucrt:fma3_initializer.obj
 0002:000003b8       __acrt_multibyte_initializer 00000001400193b8     libucrt:multibyte_initializer.obj
 0002:000003c0       __acrt_fmode_initializer   00000001400193c0     libucrt:fmode_initializer.obj
 0002:000003c8       __xi_z                     00000001400193c8     LIBCMT:initializers.obj
 0002:000003d0       __xp_a                     00000001400193d0     LIBCMT:initializers.obj
 0002:000003d8       __acrt_locale_terminator   00000001400193d8     libucrt:locale_initializer.obj
 0002:000003e0       __dcrt_console_output_terminator 00000001400193e0     libucrt:console_output_initializer.obj
 0002:000003e8       __acrt_stdio_terminator    00000001400193e8     libucrt:stdio_initializer.obj
 0002:000003f0       __xp_z                     00000001400193f0     LIBCMT:initializers.obj
 0002:000003f8       __xt_a                     00000001400193f8     LIBCMT:initializers.obj
 0002:00000400       __xt_z                     0000000140019400     LIBCMT:initializers.obj
 0002:00001550       __real@00000000            000000014001a550     win32_handmade_hero.obj
 0002:00001554       __real@3f19999a            000000014001a554     win32_handmade_hero.obj
 0002:00001558       __real@3f800000            000000014001a558     win32_handmade_hero.obj
 0002:0000155c       __real@40800000            000000014001a55c     win32_handmade_hero.obj
 0002:00001560       __real@40c90fdb            000000014001a560     win32_handmade_hero.obj
 0002:00001564       __real@43000000            000000014001a564     win32_handmade_hero.obj
 0002:00001568       __real@447a0000            000000014001a568     win32_handmade_hero.obj
 0002:0000156c       __real@47000000            000000014001a56c     win32_handmade_hero.obj
 0002:00001570       __real@49742400            000000014001a570     win32_handmade_hero.obj
 0002:00001580       __xmm@80000000800000008000000080000000 000000014001a580     win32_handmade_hero.obj
 0002:00001590       GUID_NULL                  000000014001a590     uuid:cguid_i.obj
 0002:00001660       ??_C@_0NN@JMPELKLB@The?5value?5of?5ESP?5was?5not?5proper@ 000000014001a660     LIBCMT:error.obj
 0002:00001740       ??_C@_0BBN@ELNNILBE@A?5cast?5to?5a?5smaller?5data?5type?5h@ 000000014001a740     LIBCMT:error.obj
 0002:00001860       ??_C@_0BN@BPOGFMJL@Stack?5memory?5was?5corrupted?$AN?6@ 000000014001a860     LIBCMT:error.obj
 0002:00001880       ??_C@_0DG@DAJCDLPN@A?5local?5variable?5was?5used?5befor@ 000000014001a880     LIBCMT:error.obj
 0002:000018b8       ??_C@_0CM@JMIDGKLA@Stack?5memory?5around?5_alloca?5was@ 000000014001a8b8     LIBCMT:error.obj
 0002:000018e8       ??_C@_0BO@CHIONIOI@Unknown?5Runtime?5Check?5Error?$AN?6@ 000000014001a8e8     LIBCMT:error.obj
 0002:00001910       ??_C@_1GM@CNOOJIHC@?$AAR?$AAu?$AAn?$AAt?$AAi?$AAm?$AAe?$AA?5?$AAC?$AAh?$AAe?$AAc?$AAk?$AA?5?$AAE@ 000000014001a910     LIBCMT:error.obj
 0002:00001980       ??_C@_1EA@NFKNIFJP@?$AAR?$AAu?$AAn?$AA?9?$AAT?$AAi?$AAm?$AAe?$AA?5?$AAC?$AAh?$AAe?$AAc?$AAk?$AA?5@ 000000014001a980     LIBCMT:error.obj
 0002:000019c0       ??_C@_0BB@PFFGGCJP@Unknown?5Filename@ 000000014001a9c0     LIBCMT:error.obj
 0002:000019d8       ??_C@_0BE@GNBOBNCK@Unknown?5Module?5Name@ 000000014001a9d8     LIBCMT:error.obj
 0002:000019f0       ??_C@_0CA@IODNCDPG@Run?9Time?5Check?5Failure?5?$CD?$CFd?5?9?5?$CFs@ 000000014001a9f0     LIBCMT:error.obj
 0002:00001a10       ??_C@_0CG@IAFNJNEE@Stack?5corrupted?5near?5unknown?5va@ 000000014001aa10     LIBCMT:error.obj
 0002:00001a60       ??_C@_0BJ@HEGAHDFO@Stack?5pointer?5corruption@ 000000014001aa60     LIBCMT:userapi.obj
 0002:00001a80       ??_C@_0CK@FEGOIOPB@Cast?5to?5smaller?5type?5causing?5lo@ 000000014001aa80     LIBCMT:userapi.obj
 0002:00001ab0       ??_C@_0BI@CIGMDCBH@Stack?5memory?5corruption@ 000000014001aab0     LIBCMT:userapi.obj
 0002:00001ac8       ??_C@_0CK@CNLNOEPB@Local?5variable?5used?5before?5init@ 000000014001aac8     LIBCMT:userapi.obj
 0002:00001af8       ??_C@_0BP@OGBCLIBO@Stack?5around?5_alloca?5corrupted@ 000000014001aaf8     LIBCMT:userapi.obj
 0002:00001b30       __xmm@ffffffffffffffffffffffffffffffff 000000014001ab30     LIBCMT:utility.obj
 0002:00001b70       ??_C@_1EI@MLPKHBGE@?$AAa?$AAp?$AAi?$AA?9?$AAm?$AAs?$AA?9?$AAw?$AAi?$AAn?$AA?9?$AAc?$AAo?$AAr?$AAe@ 000000014001ab70     LIBCMT:pdblkup.obj
 0002:00001bb8       ??_C@_1BK@JHLNAEJL@?$AAa?$AAd?$AAv?$AAa?$AAp?$AAi?$AA3?$AA2?$AA?4?$AAd?$AAl?$AAl@ 000000014001abb8     LIBCMT:pdblkup.obj
 0002:00001bd8       ??_C@_0O@COHOBMLB@RegOpenKeyExW@ 000000014001abd8     LIBCMT:pdblkup.obj
 0002:00001be8       ??_C@_0BB@GLNAEDBD@RegQueryValueExW@ 000000014001abe8     LIBCMT:pdblkup.obj
 0002:00001c00       ??_C@_0M@HLOHPNFA@RegCloseKey@ 000000014001ac00     LIBCMT:pdblkup.obj
 0002:00001c10       ??_C@_1HE@EBEAGLFB@?$AAS?$AAO?$AAF?$AAT?$AAW?$AAA?$AAR?$AAE?$AA?2?$AAW?$AAo?$AAw?$AA6?$AA4?$AA3@ 000000014001ac10     LIBCMT:pdblkup.obj
 0002:00001c88       ??_C@_1BG@EABPBLLF@?$AAP?$AAr?$AAo?$AAd?$AAu?$AAc?$AAt?$AAD?$AAi?$AAr@ 000000014001ac88     LIBCMT:pdblkup.obj
 0002:00001ca0       ??_C@_0BB@KCIACLNC@PDBOpenValidate5@ 000000014001aca0     LIBCMT:pdblkup.obj
 0002:00001cb4       ??_C@_01KDCPPGHE@r@        000000014001acb4     LIBCMT:pdblkup.obj
 0002:00001cb8       _pDestructExceptionObject  000000014001acb8     libvcruntime:ehhelpers.obj
 0002:000023d0       ??_C@_08EHJDFFNH@__based?$CI@ 000000014001b3d0     libvcruntime:undname.obj
 0002:000023e0       ??_C@_07KOLFKCDI@__cdecl@  000000014001b3e0     libvcruntime:undname.obj
 0002:000023e8       ??_C@_09IFJBGAPI@__stdcall@ 000000014001b3e8     libvcruntime:undname.obj
 0002:000023f8       ??_C@_0L@NPHFGOKO@__thiscall@ 000000014001b3f8     libvcruntime:undname.obj
 0002:00002408       ??_C@_0L@JMKHOMEK@__fastcall@ 000000014001b408     libvcruntime:undname.obj
 0002:00002418       ??_C@_0N@BCKKPABJ@__vectorcall@ 000000014001b418     libvcruntime:undname.obj
 0002:00002428       ??_C@_0BA@NAGGFLJK@__preserve_none@ 000000014001b428     libvcruntime:undname.obj
 0002:00002438       ??_C@_09HIJEGCPM@__clrcall@ 000000014001b438     libvcruntime:undname.obj
 0002:00002444       ??_C@_06GHPCKEAG@__eabi@   000000014001b444     libvcruntime:undname.obj
 0002:00002450       ??_C@_09IOPIDJLG@__swift_1@ 000000014001b450     libvcruntime:undname.obj
 0002:00002460       ??_C@_09KFNFGKHF@__swift_2@ 000000014001b460     libvcruntime:undname.obj
 0002:00002470       ??_C@_09LMMOFLDE@__swift_3@ 000000014001b470     libvcruntime:undname.obj
 0002:00002480       ??_C@_07JOMMBBKO@__ptr64@  000000014001b480     libvcruntime:undname.obj
 0002:00002488       ??_C@_0L@PILCLIHE@__restrict@ 000000014001b488     libvcruntime:undname.obj
 0002:00002498       ??_C@_0M@GFIIJFMG@__unaligned@ 000000014001b498     libvcruntime:undname.obj
 0002:000024a8       ??_C@_09DHDLOLLB@restrict?$CI@ 000000014001b4a8     libvcruntime:undname.obj
 0002:000024b2       ??_C@_00CNPNBAHC@@         000000014001b4b2     libvcruntime:undname.obj
 0002:000024b4       ??_C@_04NIHEBCM@?5new@     000000014001b4b4     libvcruntime:undname.obj
 0002:000024c0       ??_C@_07FPCDHGMM@?5delete@ 000000014001b4c0     libvcruntime:undname.obj
 0002:000024c8       ??_C@_01NEMOKFLO@?$DN@     000000014001b4c8     libvcruntime:undname.obj
 0002:000024cc       ??_C@_02GPIOPFAK@?$DO?$DO@ 000000014001b4cc     libvcruntime:undname.obj
 0002:000024d0       ??_C@_02FODMEDOG@?$DM?$DM@ 000000014001b4d0     libvcruntime:undname.obj
 0002:000024d4       ??_C@_01DCLJPIOD@?$CB@     000000014001b4d4     libvcruntime:undname.obj
 0002:000024d8       ??_C@_02EGOFBIJA@?$DN?$DN@ 000000014001b4d8     libvcruntime:undname.obj
 0002:000024dc       ??_C@_02FDNJECIE@?$CB?$DN@ 000000014001b4dc     libvcruntime:undname.obj
 0002:000024e0       ??_C@_02GPECMEKF@?$FL?$FN@ 000000014001b4e0     libvcruntime:undname.obj
 0002:000024e8       ??_C@_08LHJFAFGD@operator@ 000000014001b4e8     libvcruntime:undname.obj
 0002:000024f4       ??_C@_02HBOOOICD@?9?$DO@   000000014001b4f4     libvcruntime:undname.obj
 0002:000024f8       ??_C@_01NBENCBCI@?$CK@     000000014001b4f8     libvcruntime:undname.obj
 0002:000024fc       ??_C@_02ECNGHCIF@?$CL?$CL@ 000000014001b4fc     libvcruntime:undname.obj
 0002:00002500       ??_C@_02BAABKJLB@?9?9@     000000014001b500     libvcruntime:undname.obj
 0002:00002504       ??_C@_01JOAMLHOP@?9@       000000014001b504     libvcruntime:undname.obj
 0002:00002508       ??_C@_01MIFGBAGJ@?$CL@     000000014001b508     libvcruntime:undname.obj
 0002:0000250c       ??_C@_01HNPIGOCE@?$CG@     000000014001b50c     libvcruntime:undname.obj
 0002:00002510       ??_C@_03MNHNFDLC@?9?$DO?$CK@ 000000014001b510     libvcruntime:undname.obj
 0002:00002514       ??_C@_01KMDKNFGN@?1@       000000014001b514     libvcruntime:undname.obj
 0002:00002518       ??_C@_01FGNFDNOH@?$CF@     000000014001b518     libvcruntime:undname.obj
 0002:0000251c       ??_C@_01MNNFJEPP@?$DM@     000000014001b51c     libvcruntime:undname.obj
 0002:00002520       ??_C@_02EHCHHCKH@?$DM?$DN@ 000000014001b520     libvcruntime:undname.obj
 0002:00002524       ??_C@_01PPODPGHN@?$DO@     000000014001b524     libvcruntime:undname.obj
 0002:00002528       ??_C@_02EEKDKGMJ@?$DO?$DN@ 000000014001b528     libvcruntime:undname.obj
 0002:0000252c       ??_C@_01IHBHIGKO@?0@       000000014001b52c     libvcruntime:undname.obj
 0002:00002530       ??_C@_02HCKGKOFO@?$CI?$CJ@ 000000014001b530     libvcruntime:undname.obj
 0002:00002534       ??_C@_01PJKLJHI@?$HO@      000000014001b534     libvcruntime:undname.obj
 0002:00002538       ??_C@_01JKBOJNNK@?$FO@     000000014001b538     libvcruntime:undname.obj
 0002:0000253c       ??_C@_01DNKMNLPK@?$HM@     000000014001b53c     libvcruntime:undname.obj
 0002:00002540       ??_C@_02PPKAJPJL@?$CG?$CG@ 000000014001b540     libvcruntime:undname.obj
 0002:00002544       ??_C@_02NONPIBCD@?$HM?$HM@ 000000014001b544     libvcruntime:undname.obj
 0002:00002548       ??_C@_02FPIMKNGF@?$CK?$DN@ 000000014001b548     libvcruntime:undname.obj
 0002:0000254c       ??_C@_02FOEOMHFC@?$CL?$DN@ 000000014001b54c     libvcruntime:undname.obj
 0002:00002550       ??_C@_02FKMDLLOA@?9?$DN@   000000014001b550     libvcruntime:undname.obj
 0002:00002554       ??_C@_02FJEHGPIO@?1?$DN@   000000014001b554     libvcruntime:undname.obj
 0002:00002558       ??_C@_02FENAOKFI@?$CF?$DN@ 000000014001b558     libvcruntime:undname.obj
 0002:0000255c       ??_C@_03IKFCCPFF@?$DO?$DO?$DN@ 000000014001b55c     libvcruntime:undname.obj
 0002:00002560       ??_C@_03CDNPDDLA@?$DM?$DM?$DN@ 000000014001b560     libvcruntime:undname.obj
 0002:00002564       ??_C@_02FGJGFEAB@?$CG?$DN@ 000000014001b564     libvcruntime:undname.obj
 0002:00002568       ??_C@_02DHLNPPGH@?$HM?$DN@ 000000014001b568     libvcruntime:undname.obj
 0002:0000256c       ??_C@_02MHEGNOJ@?$FO?$DN@  000000014001b56c     libvcruntime:undname.obj
 0002:00002570       ??_C@_09IFPLHPGF@?$GAvftable?8@ 000000014001b570     libvcruntime:undname.obj
 0002:00002580       ??_C@_09BLBHBJP@?$GAvbtable?8@ 000000014001b580     libvcruntime:undname.obj
 0002:00002590       ??_C@_07FEEIOKP@?$GAvcall?8@ 000000014001b590     libvcruntime:undname.obj
 0002:00002598       ??_C@_08LLFFHHDJ@?$GAtypeof?8@ 000000014001b598     libvcruntime:undname.obj
 0002:000025a8       ??_C@_0BF@KDPPACIK@?$GAlocal?5static?5guard?8@ 000000014001b5a8     libvcruntime:undname.obj
 0002:000025c0       ??_C@_08OBABFOLI@?$GAstring?8@ 000000014001b5c0     libvcruntime:undname.obj
 0002:000025d0       ??_C@_0BD@JDLKDPAB@?$GAvbase?5destructor?8@ 000000014001b5d0     libvcruntime:undname.obj
 0002:000025e8       ??_C@_0BN@DEGPLNFK@?$GAvector?5deleting?5destructor?8@ 000000014001b5e8     libvcruntime:undname.obj
 0002:00002608       ??_C@_0BO@OBMKPJIG@?$GAdefault?5constructor?5closure?8@ 000000014001b608     libvcruntime:undname.obj
 0002:00002628       ??_C@_0BN@IMDCHIKM@?$GAscalar?5deleting?5destructor?8@ 000000014001b628     libvcruntime:undname.obj
 0002:00002648       ??_C@_0BO@PFGOCPJJ@?$GAvector?5constructor?5iterator?8@ 000000014001b648     libvcruntime:undname.obj
 0002:00002668       ??_C@_0BN@LFPFMEDL@?$GAvector?5destructor?5iterator?8@ 000000014001b668     libvcruntime:undname.obj
 0002:00002688       ??_C@_0CE@IKBNEHA@?$GAvector?5vbase?5constructor?5itera@ 000000014001b688     libvcruntime:undname.obj
 0002:000026b0       ??_C@_0BL@NILFHHPC@?$GAvirtual?5displacement?5map?8@ 000000014001b6b0     libvcruntime:undname.obj
 0002:000026d0       ??_C@_0CB@JONCMFFK@?$GAeh?5vector?5constructor?5iterator@ 000000014001b6d0     libvcruntime:undname.obj
 0002:000026f8       ??_C@_0CA@GCEOPDGL@?$GAeh?5vector?5destructor?5iterator?8@ 000000014001b6f8     libvcruntime:undname.obj
 0002:00002718       ??_C@_0CH@OOJPLCPH@?$GAeh?5vector?5vbase?5constructor?5it@ 000000014001b718     libvcruntime:undname.obj
 0002:00002740       ??_C@_0BL@LLKPOHJI@?$GAcopy?5constructor?5closure?8@ 000000014001b740     libvcruntime:undname.obj
 0002:00002760       ??_C@_0BA@KBCDOMBN@?$GAudt?5returning?8@ 000000014001b760     libvcruntime:undname.obj
 0002:00002770       ??_C@_03KLGMFNMG@?$GAEH@   000000014001b770     libvcruntime:undname.obj
 0002:00002774       ??_C@_05KHLCHHI@?$GARTTI@  000000014001b774     libvcruntime:undname.obj
 0002:00002780       ??_C@_0BA@KKLDJDLB@?$GAlocal?5vftable?8@ 000000014001b780     libvcruntime:undname.obj
 0002:00002790       ??_C@_0CE@IIHCMGGL@?$GAlocal?5vftable?5constructor?5clos@ 000000014001b790     libvcruntime:undname.obj
 0002:000027b4       ??_C@_06FHBGPFGH@?5new?$FL?$FN@ 000000014001b7b4     libvcruntime:undname.obj
 0002:000027c0       ??_C@_09LBNFPBCA@?5delete?$FL?$FN@ 000000014001b7c0     libvcruntime:undname.obj
 0002:000027d0       ??_C@_0P@HJKNJFNN@?$GAomni?5callsig?8@ 000000014001b7d0     libvcruntime:undname.obj
 0002:000027e0       ??_C@_0BL@CNOONJFP@?$GAplacement?5delete?5closure?8@ 000000014001b7e0     libvcruntime:undname.obj
 0002:00002800       ??_C@_0BN@CKNJLHMB@?$GAplacement?5delete?$FL?$FN?5closure?8@ 000000014001b800     libvcruntime:undname.obj
 0002:00002820       ??_C@_0CG@CFDHKGGD@?$GAmanaged?5vector?5constructor?5ite@ 000000014001b820     libvcruntime:undname.obj
 0002:00002848       ??_C@_0CF@IMGKMJNO@?$GAmanaged?5vector?5destructor?5iter@ 000000014001b848     libvcruntime:undname.obj
 0002:00002870       ??_C@_0CG@HLDDJMAG@?$GAeh?5vector?5copy?5constructor?5ite@ 000000014001b870     libvcruntime:undname.obj
 0002:00002898       ??_C@_0CM@FCBBDIGB@?$GAeh?5vector?5vbase?5copy?5construct@ 000000014001b898     libvcruntime:undname.obj
 0002:000028c8       ??_C@_0BL@CLIPGLGB@?$GAdynamic?5initializer?5for?5?8@ 000000014001b8c8     libvcruntime:undname.obj
 0002:000028e8       ??_C@_0CB@PDBIFEP@?$GAdynamic?5atexit?5destructor?5for?5@ 000000014001b8e8     libvcruntime:undname.obj
 0002:00002910       ??_C@_0CD@CGAJBKEJ@?$GAvector?5copy?5constructor?5iterat@ 000000014001b910     libvcruntime:undname.obj
 0002:00002938       ??_C@_0CJ@GJELGAMM@?$GAvector?5vbase?5copy?5constructor?5@ 000000014001b938     libvcruntime:undname.obj
 0002:00002968       ??_C@_0CL@FGIJHLCE@?$GAmanaged?5vector?5copy?5constructo@ 000000014001b968     libvcruntime:undname.obj
 0002:00002998       ??_C@_0BM@PMGGMLDN@?$GAlocal?5static?5thread?5guard?8@ 000000014001b998     libvcruntime:undname.obj
 0002:000029b8       ??_C@_0N@BDNMDMOL@operator?5?$CC?$CC?5@ 000000014001b9b8     libvcruntime:undname.obj
 0002:000029c8       ??_C@_0BC@GGEBGALA@operator?5co_await@ 000000014001b9c8     libvcruntime:undname.obj
 0002:000029e0       ??_C@_0M@GAAIMMOH@operator?$DM?$DN?$DO@ 000000014001b9e0     libvcruntime:undname.obj
 0002:000029f0       ??_C@_0BC@DAFEJGAK@?5Type?5Descriptor?8@ 000000014001b9f0     libvcruntime:undname.obj
 0002:00002a08       ??_C@_0BM@LDKODKLH@?5Base?5Class?5Descriptor?5at?5?$CI@ 000000014001ba08     libvcruntime:undname.obj
 0002:00002a28       ??_C@_0BD@LGICGFMM@?5Base?5Class?5Array?8@ 000000014001ba28     libvcruntime:undname.obj
 0002:00002a40       ??_C@_0BN@MECKDCOJ@?5Class?5Hierarchy?5Descriptor?8@ 000000014001ba40     libvcruntime:undname.obj
 0002:00002a60       ??_C@_0BK@CFCOFLF@?5Complete?5Object?5Locator?8@ 000000014001ba60     libvcruntime:undname.obj
 0002:00002a80       ??_C@_0BG@JNJLAMPM@?$GAanonymous?5namespace?8@ 000000014001ba80     libvcruntime:undname.obj
 0002:00002ab0       ??_C@_1DM@KHCHBNEB@?$AAa?$AAp?$AAi?$AA?9?$AAm?$AAs?$AA?9?$AAw?$AAi?$AAn?$AA?9?$AAc?$AAo?$AAr?$AAe@ 000000014001bab0     libvcruntime:winapi_downlevel.obj
 0002:00002af0       ??_C@_1DK@LPPGFMPP@?$AAa?$AAp?$AAi?$AA?9?$AAm?$AAs?$AA?9?$AAw?$AAi?$AAn?$AA?9?$AAc?$AAo?$AAr?$AAe@ 000000014001baf0     libvcruntime:winapi_downlevel.obj
 0002:00002b30       ??_C@_1BC@GDMECMAK@?$AAk?$AAe?$AAr?$AAn?$AAe?$AAl?$AA3?$AA2@ 000000014001bb30     libvcruntime:winapi_downlevel.obj
 0002:00002b48       ??_C@_1BA@PFFKHIOG@?$AAa?$AAp?$AAi?$AA?9?$AAm?$AAs?$AA?9@ 000000014001bb48     libvcruntime:winapi_downlevel.obj
 0002:00002b60       ??_C@_08KNHFBNJ@FlsAlloc@  000000014001bb60     libvcruntime:winapi_downlevel.obj
 0002:00002b78       ??_C@_07PEJMOBNF@FlsFree@  000000014001bb78     libvcruntime:winapi_downlevel.obj
 0002:00002b88       ??_C@_0M@GDNOONDI@FlsGetValue@ 000000014001bb88     libvcruntime:winapi_downlevel.obj
 0002:00002ba0       ??_C@_0M@JCPCPOEF@FlsSetValue@ 000000014001bba0     libvcruntime:winapi_downlevel.obj
 0002:00002bb8       ??_C@_0BM@HCFOFFN@InitializeCriticalSectionEx@ 000000014001bbb8     libvcruntime:winapi_downlevel.obj
 0002:00002c80       ??_7exception@std@@6B@     000000014001bc80     libvcruntime:frame.obj
 0002:00002c90       ??_C@_0BC@EOODALEL@Unknown?5exception@ 000000014001bc90     libvcruntime:frame.obj
 0002:00002cb0       ??_7bad_exception@std@@6B@ 000000014001bcb0     libvcruntime:frame.obj
 0002:00002cc0       ??_C@_0O@DPKOEFFH@bad?5exception@ 000000014001bcc0     libvcruntime:frame.obj
 0002:00002cd0       ?standard_lookup_table_spectre@__crt_stdio_output@@3V?$spectre_mitigated_lookup_table@Ustate_transition_pair@__crt_stdio_output@@$0IA@@1@B 000000014001bcd0     libucrt:output.obj
 0002:00002df8       ??_C@_1O@CEDCILHN@?$AA?$CI?$AAn?$AAu?$AAl?$AAl?$AA?$CJ@ 000000014001bdf8     libucrt:output.obj
 0002:00002e08       ??_C@_06OJHGLDPL@?$CInull?$CJ@ 000000014001be08     libucrt:output.obj
 0002:00002f40       __acrt_exception_action_table 000000014001bf40     libucrt:exception_filter.obj
 0002:00003000       __acrt_signal_action_table_count 000000014001c000     libucrt:exception_filter.obj
 0002:00003008       __acrt_signal_action_first_fpe_index 000000014001c008     libucrt:exception_filter.obj
 0002:00003010       __acrt_signal_action_fpe_count 000000014001c010     libucrt:exception_filter.obj
[...]
 0002:0000b4c8       $unwind$??$?RV<lambda_0ae27a3a962d80f24befdcbee591983d>@@AEAV<lambda_8d0ee55de4b1038c4002e0adecdf1839>@@V<lambda_dc504788e8f1664fe9b84e20bfb512f2>@@@?$__crt_seh_guarded_call@X@@QEAAX$$QEAV<lambda_0ae27a3a962d80f24befdcbee591983d>@@AEAV<lambda_8d0ee55de4b1038c4002e0adecdf1839>@@$$QEAV<lambda_dc504788e8f1664fe9b84e20bfb512f2>@@@Z 00000001400244c8     libucrt:per_thread_data.obj
 0002:0000b4ec       $unwind$??$?RV<lambda_aa87e3671a710a21b5dc78c0bdf72e11>@@AEAV<lambda_92619d2358a28f41a33ba319515a20b9>@@V<lambda_6992ecaafeb10aed2b74cb1fae11a551>@@@?$__crt_seh_guarded_call@X@@QEAAX$$QEAV<lambda_aa87e3671a710a21b5dc78c0bdf72e11>@@AEAV<lambda_92619d2358a28f41a33ba319515a20b9>@@$$QEAV<lambda_6992ecaafeb10aed2b74cb1fae11a551>@@@Z 00000001400244ec     libucrt:per_thread_data.obj
 0002:0000b510       $unwind$??$?RV<lambda_f2e299630e499de9f9a165e60fcd3db5>@@AEAV<lambda_2ae9d31cdba2644fcbeaf08da7c24588>@@V<lambda_40d01ff24d0e7b3814fdbdcee8eab3c7>@@@?$__crt_seh_guarded_call@X@@QEAAX$$QEAV<lambda_f2e299630e499de9f9a165e60fcd3db5>@@AEAV<lambda_2ae9d31cdba2644fcbeaf08da7c24588>@@$$QEAV<lambda_40d01ff24d0e7b3814fdbdcee8eab3c7>@@@Z 0000000140024510     libucrt:per_thread_data.obj
 0002:0000b534       $unwind$??$?RV<lambda_2d41944a1d46af3157314b8a01080d33>@@AEAV<lambda_8f455de75cd7d7f24b4096f044d8b9e6>@@V<lambda_aa500f224e6afead328df44964fe2772>@@@?$__crt_seh_guarded_call@X@@QEAAX$$QEAV<lambda_2d41944a1d46af3157314b8a01080d33>@@AEAV<lambda_8f455de75cd7d7f24b4096f044d8b9e6>@@$$QEAV<lambda_aa500f224e6afead328df44964fe2772>@@@Z 0000000140024534     libucrt:per_thread_data.obj
 0002:0000b558       $unwind$__acrt_initialize_lowio 0000000140024558     libucrt:ioinit.obj
 0002:0000b578       $unwind$?initialize_inherited_file_handles_nolock@@YAXXZ 0000000140024578     libucrt:ioinit.obj
 0002:0000b594       $unwind$__acrt_initialize_fma3 0000000140024594     libucrt:fma3_available.obj
 0002:0000b5a0       $xdatasym$__remainder_piby2d2f_forC 00000001400245a0     libucrt:remainder_piby2f_forc.obj
 0002:0000b5b0       $unwind$_sinf_special      00000001400245b0     libucrt:sincos_special.obj
 0002:0000b5b8       $unwind$_calloc_base       00000001400245b8     libucrt:calloc_base.obj
 0002:0000b5c0       $unwind$??$common_expand_argv_wildcards@D@@YAHQEAPEADQEAPEAPEAD@Z 00000001400245c0     libucrt:argv_wildcards.obj
 0002:0000b5d8       $unwind$__dcrt_get_narrow_environment_from_os 00000001400245d8     libucrt:get_environment_from_os.obj
 0002:0000b5d8       $unwind$??$__acrt_convert_wcs_mbs_cp@_WDV<lambda_d8593a27d1aa8c02be35c86a17d324c4>@@U__crt_win32_buffer_internal_dynamic_resizing@@@@YAHQEB_WAEAV?$__crt_win32_buffer@DU__crt_win32_buffer_internal_dynamic_resizing@@@@AEBV<lambda_d8593a27d1aa8c02be35c86a17d324c4>@@I@Z 00000001400245d8     libucrt:argv_wildcards.obj
 0002:0000b5f0       $unwind$??$expand_argument_wildcards@D@@YAHQEAD0AEAV?$argument_list@D@?A0x5f5c8891@@@Z 00000001400245f0     libucrt:argv_wildcards.obj
 0002:0000b610       $unwind$__acrt_GetModuleFileNameA 0000000140024610     libucrt:getmodulefilenamea.obj
 0002:0000b62c       $unwind$__dcrt_write_console 000000014002462c     libucrt:initcon.obj
 0002:0000b62c       $unwind$??$__acrt_convert_wcs_mbs_cp@_WDV<lambda_f788ae46380686e8b737efdd8c720d07>@@U__crt_win32_buffer_no_resizing@@@@YAHQEB_WAEAV?$__crt_win32_buffer@DU__crt_win32_buffer_no_resizing@@@@AEBV<lambda_f788ae46380686e8b737efdd8c720d07>@@I@Z 000000014002462c     libucrt:getmodulefilenamea.obj
 0002:0000b640       $unwind$_setmbcp_nolock    0000000140024640     libucrt:mbctype.obj
 0002:0000b660       $unwind$?update_thread_multibyte_data_internal@@YAPEAU__crt_multibyte_data@@QEAU__acrt_ptd@@QEAPEAU1@@Z 0000000140024660     libucrt:mbctype.obj
 0002:0000b688       $unwind$?setmbcp_internal@@YAHH_NQEAU__acrt_ptd@@QEAPEAU__crt_multibyte_data@@@Z 0000000140024688     libucrt:mbctype.obj
 0002:0000b6a0       $unwind$?setSBUpLow@@YAXPEAU__crt_multibyte_data@@@Z 00000001400246a0     libucrt:mbctype.obj
 0002:0000b6bc       $unwind$??$?RV<lambda_efdfa57d1f175319df784efa44bb7b81>@@AEAV<lambda_5f0a4c1567f8adc6734073e5d1e1b35c>@@V<lambda_2e8a7d3640ea6ccb4c2413664c2db6fd>@@@?$__crt_seh_guarded_call@X@@QEAAX$$QEAV<lambda_efdfa57d1f175319df784efa44bb7b81>@@AEAV<lambda_5f0a4c1567f8adc6734073e5d1e1b35c>@@$$QEAV<lambda_2e8a7d3640ea6ccb4c2413664c2db6fd>@@@Z 00000001400246bc     libucrt:mbctype.obj
 0002:0000b6e0       $unwind$?x_ismbbtype_l@@YAHPEAU__crt_locale_pointers@@IHH@Z 00000001400246e0     libucrt:ismbbyte.obj
 0002:0000b6f0       $unwind$__acrt_WideCharToMultiByte 00000001400246f0     libucrt:widechartomultibyte.obj
 0002:0000b6fc       $unwind$_free_osfhnd       00000001400246fc     libucrt:osfinfo.obj
 0002:0000b710       $unwind$__acrt_lowio_destroy_handle_array 0000000140024710     libucrt:osfinfo.obj
 0002:0000b720       $unwind$__acrt_lowio_ensure_fh_exists 0000000140024720     libucrt:osfinfo.obj
 0002:0000b74c       $unwind$__acrt_locale_free_monetary 000000014002474c     libucrt:initmon.obj
 0002:0000b754       $unwind$__acrt_locale_free_time 0000000140024754     libucrt:inittime.obj
 0002:0000b764       $unwind$__acrt_GetStringTypeA 0000000140024764     libucrt:getstringtypea.obj
 0002:0000b78c       $unwind$__acrt_update_thread_locale_data 000000014002478c     libucrt:locale_refcounting.obj
 0002:0000b7b0       $unwind$?try_get_function_slow@@YAPEAXW4function_id@?A0x391cf84c@@QEBDQEBW4module_id@2@2@Z 00000001400247b0     libucrt:winapi_thunks.obj
 0002:0000b7cc       $unwind$_recalloc_base     00000001400247cc     libucrt:recalloc.obj
 0002:0000b7e0       $unwind$__acrt_initialize_heap 00000001400247e0     libucrt:heap_handle.obj
 0002:0000b7e8       $unwind$_callnewh          00000001400247e8     libucrt:new_handler.obj
 0002:0000b7f4       $unwind$_query_new_handler 00000001400247f4     libucrt:new_handler.obj
 0002:0000b814       $unwind$_query_new_handler$fin$0 0000000140024814     libucrt:new_handler.obj
 0002:0000b81c       $unwind$_set_new_handler   000000014002481c     libucrt:new_handler.obj
 0002:0000b840       $unwind$_set_new_handler$fin$0 0000000140024840     libucrt:new_handler.obj
 0002:0000b848       $unwind$raise              0000000140024848     libucrt:signal.obj
 0002:0000b888       $unwind$??$?RV<lambda_450d765d439847d4c735a33c368b5fc0>@@AEAV<lambda_44731a7d0e6d81c3e6aa82d741081786>@@V<lambda_601a2a7da3b7a96e9554ac7215c4b07c>@@@?$__crt_seh_guarded_call@P6AXH@Z@@QEAAP6AXH@Z$$QEAV<lambda_450d765d439847d4c735a33c368b5fc0>@@AEAV<lambda_44731a7d0e6d81c3e6aa82d741081786>@@$$QEAV<lambda_601a2a7da3b7a96e9554ac7215c4b07c>@@@Z 0000000140024888     libucrt:signal.obj
 0002:0000b8ac       $unwind$fclose             00000001400248ac     libucrt:fclose.obj
 0002:0000b8ac       $unwind$_fflush_nolock     00000001400248ac     libucrt:fflush.obj
 0002:0000b8bc       $unwind$?common_flush_all@@YAH_N@Z 00000001400248bc     libucrt:fflush.obj
 0002:0000b8c4       $unwind$??$?RV<lambda_842d9ff0dc9ef11c61343bbaebe7f885>@@AEAV<lambda_c5860995281e5c4ce005b3de8f5874ee>@@V<lambda_d90129c13df834fdcbf8d2b88dafcf2d>@@@?$__crt_seh_guarded_call@X@@QEAAX$$QEAV<lambda_842d9ff0dc9ef11c61343bbaebe7f885>@@AEAV<lambda_c5860995281e5c4ce005b3de8f5874ee>@@$$QEAV<lambda_d90129c13df834fdcbf8d2b88dafcf2d>@@@Z 00000001400248c4     libucrt:fflush.obj
 0002:0000b8e8       $unwind$??$?RV<lambda_886d6c58226a84441f68b9f2b8217b83>@@AEAV<lambda_ab61a845afdef5b7c387490eaf3616ee>@@V<lambda_f7f22ab5edc0698d5f6905b0d3f44752>@@@?$__crt_seh_guarded_call@X@@QEAAX$$QEAV<lambda_886d6c58226a84441f68b9f2b8217b83>@@AEAV<lambda_ab61a845afdef5b7c387490eaf3616ee>@@$$QEAV<lambda_f7f22ab5edc0698d5f6905b0d3f44752>@@@Z 00000001400248e8     libucrt:fflush.obj
 0002:0000b910       $unwind$__acrt_fltout      0000000140024910     libucrt:cfout.obj
 0002:0000b934       $unwind$?divide@__crt_strtox@@YA_KAEAUbig_integer@1@AEBU21@@Z 0000000140024934     libucrt:cfout.obj
 0002:0000b94c       $chain$0$?divide@__crt_strtox@@YA_KAEAUbig_integer@1@AEBU21@@Z 000000014002494c     libucrt:cfout.obj
 0002:0000b960       $chain$1$?divide@__crt_strtox@@YA_KAEAUbig_integer@1@AEBU21@@Z 0000000140024960     libucrt:cfout.obj
 0002:0000b970       $unwind$_fcloseall         0000000140024970     libucrt:closeall.obj
 0002:0000b994       $unwind$_exception_enabled 0000000140024994     libucrt:libm_error.obj
 0002:0000b9a8       $chain$0$_exception_enabled 00000001400249a8     libucrt:libm_error.obj
 0002:0000b9bc       $chain$1$_exception_enabled 00000001400249bc     libucrt:libm_error.obj
 0002:0000b9cc       $unwind$_handle_error      00000001400249cc     libucrt:libm_error.obj
 0002:0000b9cc       $unwind$_handle_errorf     00000001400249cc     libucrt:libm_error.obj
 0002:0000b9e8       $unwind$qsort              00000001400249e8     libucrt:qsort.obj
 0002:0000ba00       $chain$3$qsort             0000000140024a00     libucrt:qsort.obj
 0002:0000ba20       $chain$4$qsort             0000000140024a20     libucrt:qsort.obj
 0002:0000ba30       $unwind$strpbrk            0000000140024a30     libucrt:strpbrk.obj
 0002:0000ba40       $unwind$fallbackMethod     0000000140024a40     libucrt:strpbrk.obj
 0002:0000ba50       $unwind$_mbsdec_l          0000000140024a50     libucrt:mbsdec.obj
 0002:0000ba5c       $unwind$__acrt_LCMapStringA 0000000140024a5c     libucrt:lcmapstringa.obj
 0002:0000ba6c       $unwind$?__acrt_LCMapStringA_stat@@YAHPEAU__crt_locale_pointers@@PEB_WKPEBDHPEADHHH@Z 0000000140024a6c     libucrt:lcmapstringa.obj
 0002:0000ba94       $unwind$_msize_base        0000000140024a94     libucrt:msize.obj
 0002:0000ba9c       $unwind$_realloc_base      0000000140024a9c     libucrt:realloc_base.obj
 0002:0000baa8       $unwind$_commit            0000000140024aa8     libucrt:commit.obj
 0002:0000bab0       $unwind$??$?RV<lambda_a37b2b86f63e897a80ea819b0eb08c01>@@AEAV<lambda_38ce7e780aa69e748d6df282ebc68efe>@@V<lambda_99fb1378e971ab6e7edea83e3a7a83a2>@@@?$__crt_seh_guarded_call@H@@QEAAH$$QEAV<lambda_a37b2b86f63e897a80ea819b0eb08c01>@@AEAV<lambda_38ce7e780aa69e748d6df282ebc68efe>@@$$QEAV<lambda_99fb1378e971ab6e7edea83e3a7a83a2>@@@Z 0000000140024ab0     libucrt:commit.obj
 0002:0000bad4       $unwind$_write_nolock      0000000140024ad4     libucrt:write.obj
 0002:0000baec       $unwind$_write_internal    0000000140024aec     libucrt:write.obj
 0002:0000bb18       $unwind$_write_internal$fin$0 0000000140024b18     libucrt:write.obj
 0002:0000bb18       $unwind$?fin$0@?0??_fclose_internal@@YAHQEAU_iobuf@@AEAV__crt_cached_ptd_host@@@Z@4HA 0000000140024b18     libucrt:fclose.obj
 0002:0000bb20       $unwind$?write_double_translated_ansi_nolock@@YA?AUwrite_result@?A0x17268360@@HQEBDIAEAV__crt_cached_ptd_host@@@Z 0000000140024b20     libucrt:write.obj
 0002:0000bb48       $ip2state$?write_double_translated_ansi_nolock@@YA?AUwrite_result@?A0x17268360@@HQEBDIAEAV__crt_cached_ptd_host@@@Z 0000000140024b48     libucrt:write.obj
 0002:0000bb50       $unwind$?write_text_ansi_nolock@@YA?AUwrite_result@?A0x17268360@@HQEBDI@Z 0000000140024b50     libucrt:write.obj
 0002:0000bb50       $unwind$?write_text_utf16le_nolock@@YA?AUwrite_result@?A0x17268360@@HQEBDI@Z 0000000140024b50     libucrt:write.obj
 0002:0000bb70       $unwind$?write_text_utf8_nolock@@YA?AUwrite_result@?A0x17268360@@HQEBDI@Z 0000000140024b70     libucrt:write.obj
 0002:0000bb94       $unwind$fesetenv           0000000140024b94     libucrt:fesetenv.obj
 0002:0000bba0       $xdatasym$log10            0000000140024ba0     libucrt:log10.obj
 0002:0000bbac       $unwind$__acrt_fenv_set_control 0000000140024bac     libucrt:_fenvutils.obj
 0002:0000bbb8       $chain$0$__acrt_fenv_set_control 0000000140024bb8     libucrt:_fenvutils.obj
 0002:0000bbcc       $chain$1$__acrt_fenv_set_control 0000000140024bcc     libucrt:_fenvutils.obj
 0002:0000bbdc       $unwind$?_fclose_nolock_internal@@YAHQEAU_iobuf@@AEAV__crt_cached_ptd_host@@@Z 0000000140024bdc     libucrt:fclose.obj
 0002:0000bbec       $unwind$?_fclose_internal@@YAHQEAU_iobuf@@AEAV__crt_cached_ptd_host@@@Z 0000000140024bec     libucrt:fclose.obj
 0002:0000bc10       $unwind$_ctrlfp            0000000140024c10     libucrt:fpctrl.obj
 0002:0000bc30       $unwind$_raise_exc         0000000140024c30     libucrt:fpexcept.obj
 0002:0000bc30       $unwind$_raise_excf        0000000140024c30     libucrt:fpexcept.obj
 0002:0000bc38       $unwind$_raise_exc_ex      0000000140024c38     libucrt:fpexcept.obj
 0002:0000bc4c       $unwind$_guard_check_icall 0000000140024c4c     libucrt:checkcfg.obj
 0002:0000bc58       $unwind$_putwch_nolock     0000000140024c58     libucrt:putwch.obj
 0002:0000bc60       $unwind$common_control87   0000000140024c60     libucrt:ieee.obj
 0002:0000bc84       $unwind$_log_special_common 0000000140024c84     libucrt:log_special.obj
 0002:0000bc90       $unwind$_close_internal    0000000140024c90     libucrt:close.obj
 0002:0000bc98       $unwind$??$?RV<lambda_ad8af0d99a0adf03d037d7dffe354bb5>@@AEAV<lambda_c9ba49e555ba839a7b07aa3fbecb7617>@@V<lambda_2f1ebd5d68526518146ae959c9e734c8>@@@?$__crt_seh_guarded_call@H@@QEAAH$$QEAV<lambda_ad8af0d99a0adf03d037d7dffe354bb5>@@AEAV<lambda_c9ba49e555ba839a7b07aa3fbecb7617>@@$$QEAV<lambda_2f1ebd5d68526518146ae959c9e734c8>@@@Z 0000000140024c98     libucrt:close.obj
 0002:0000bcbc       $unwind$_IsNonwritableInCurrentImage 0000000140024cbc     LIBCMT:pesect.obj
 0002:0000c1ea       .idata$6                   00000001400251ea     user32:USER32.dll
 0002:0000c206       .idata$6                   0000000140025206     Gdi32:GDI32.dll
 0002:0000c232       .idata$6                   0000000140025232     winmm:WINMM.dll
 0002:0000c500       .idata$6                   0000000140025500     kernel32:KERNEL32.dll
 0003:00000000       ?XInputGetStatePointer@@3P6AKKPEAU_XINPUT_STATE@@@ZEA 0000000140026000     win32_handmade_hero.obj
 0003:00000008       ?XInputSetStatePointer@@3P6AKKPEAU_XINPUT_STATE@@@ZEA 0000000140026008     win32_handmade_hero.obj
 0003:000000d0       ?__vcrt_flsindex@@3KA      00000001400260d0     libvcruntime:per_thread_data.obj
 0003:000000f0       ?errno_no_memory@@3HA      00000001400260f0     libucrt:errno.obj
 0003:000000f4       ?doserrno_no_memory@@3KA   00000001400260f4     libucrt:errno.obj
 0003:00000208       ?__acrt_flsindex@@3KA      0000000140026208     libucrt:per_thread_data.obj
 0003:000005b0       _mbctypes                  00000001400265b0     libucrt:mbctype.obj
 0003:000006c0       _mbcasemaps                00000001400266c0     libucrt:mbctype.obj
 0003:000007c0       ?__rgctypeflag@@3PADA      00000001400267c0     libucrt:mbctype.obj
 0003:000007d0       ?__rgcode_page_info@@3PAUcode_page_info@@A 00000001400267d0     libucrt:mbctype.obj
 0003:00000970       ?dazSupported@?1??_ctrlfp@@9@9 0000000140026970     libucrt:fpctrl.obj
 0003:00000a80       ?dazSupported@?1??common_control87@@9@9 0000000140026a80     libucrt:ieee.obj
 0003:00000a90       ?__dcrt_lowio_console_output_handle@@3PEAXEA 0000000140026a90     libucrt:initcon.obj
 0003:00000b20       ?GlobalBackbuffer@@3UWin32BitmapBuffer@@A 0000000140026b20     win32_handmade_hero.obj
 0003:00000b68       ?CountFrequency@@3_JA      0000000140026b68     win32_handmade_hero.obj
 0003:00000b78       ?t@?1??SoundOutput@@YAXPEAUSoundBuffer@@HF@Z@4MA 0000000140026b78     win32_handmade_hero.obj
 0003:00000b80       ?_RTC_ErrorReportFunc@@3P6AHHPEBDH00ZZEA 0000000140026b80     LIBCMT:userapi.obj
 0003:00000b88       ?_RTC_ErrorReportFuncW@@3P6AHHPEB_WH00ZZEA 0000000140026b88     LIBCMT:userapi.obj
 0003:00000b90       GS_ExceptionRecord         0000000140026b90     LIBCMT:gs_report.obj
 0003:00000c30       GS_ContextRecord           0000000140026c30     LIBCMT:gs_report.obj
 0003:00001110       ?is_initialized_as_dll@@3_NA 0000000140027110     LIBCMT:utility.obj
 0003:00001111       ?module_local_atexit_table_initialized@@3_NA 0000000140027111     LIBCMT:utility.obj
 0003:00001118       ?module_local_atexit_table@@3U_onexit_table_t@@A 0000000140027118     LIBCMT:utility.obj
 0003:00001130       ?module_local_at_quick_exit_table@@3U_onexit_table_t@@A 0000000140027130     LIBCMT:utility.obj
 0003:00001170       ?mspdb@@3PEAUHINSTANCE__@@EA 0000000140027170     LIBCMT:pdblkup.obj
 0003:00001178       ?alreadyTried@?1??GetPdbDll@@YAPEAUHINSTANCE__@@XZ@4_NA 0000000140027178     LIBCMT:pdblkup.obj
 0003:00001179       ?PDBOK@?1??_RTC_GetSrcLine@@YAHPEAEPEA_WKPEAH1K@Z@4_NA 0000000140027179     LIBCMT:pdblkup.obj
 0003:00001190       ?__vcrt_startup_thread_ptd@@3U__vcrt_ptd@@A 0000000140027190     libvcruntime:per_thread_data.obj
 0003:00001210       __vcrt_lock_table          0000000140027210     libvcruntime:locks.obj
 0003:00001238       __vcrt_locks_initialized   0000000140027238     libvcruntime:locks.obj
 0003:00001240       ?module_handles@@3PAPEAUHINSTANCE__@@A 0000000140027240     libvcruntime:winapi_downlevel.obj
 0003:00001258       ?function_pointers@@3PAPEAXA 0000000140027258     libvcruntime:winapi_downlevel.obj
 0003:00001288       ?__acrt_app_type@@3W4_crt_app_type@@A 0000000140027288     libucrt:report_runtime_error.obj
 0003:00001290       ?user_matherr@@3V?$dual_state_global@P6AHPEAU_exception@@@Z@__crt_state_management@@A 0000000140027290     libucrt:matherr.obj
 0003:000012a0       ?program_name@?1???$common_configure_argv@D@@YAHW4_crt_argv_mode@@@Z@4PADA 00000001400272a0     libucrt:argv_parsing.obj
 0003:000013c8       ?empty_string@?1???$common_wincmdln@E@@YAPEAEXZ@4PAEA 00000001400273c8     libucrt:argv_winmain.obj
 0003:000013cc       ?c_termination_complete@@3JA 00000001400273cc     libucrt:exit.obj
 0003:000013d0       ?thread_local_exit_callback_func@@3P6AXPEAXK0@ZEA 00000001400273d0     libucrt:exit.obj
 0003:000013d8       ?c_exit_complete@?1???R<lambda_6e4b09c48022b2350581041d5f6b0c4c>@@QEBA@XZ@4_NA 00000001400273d8     libucrt:exit.obj
 0003:000013e0       ?__acrt_global_new_mode@@3V?$dual_state_global@J@__crt_state_management@@A 00000001400273e0     libucrt:new_mode.obj
 0003:00001418       ?__acrt_invalid_parameter_handler@@3V?$dual_state_global@P6AXPEB_W00I_K@Z@__crt_state_management@@A 0000000140027418     libucrt:invalid_parameter.obj
 0003:00001420       ?internal_state@?1??_mbtowc_internal@@9@4U_Mbstatet@@A 0000000140027420     libucrt:mbtowc.obj
 0003:00001428       ?internal_pst@?1??__mbrtoc32_utf8@__crt_mbstring@@YA_KPEA_UPEBD_KPEAU_Mbstatet@@AEAV__crt_cached_ptd_host@@@Z@4U3@A 0000000140027428     libucrt:mbrtoc32.obj
 0003:00001430       ?internal_pst@?1??__c16rtomb_utf8@__crt_mbstring@@YA_KPEAD_SPEAU_Mbstatet@@AEAV__crt_cached_ptd_host@@@Z@4U3@A 0000000140027430     libucrt:c16rtomb.obj
 0003:00001448       ?enable_percent_n@@3_KA    0000000140027448     libucrt:printf_count_output.obj
 0003:00001898       ?fSystemSet@@3HA           0000000140027898     libucrt:mbctype.obj
 0003:0000189c       ?initialized@?1??__acrt_initialize_multibyte@@9@4_NA 000000014002789c     libucrt:mbctype.obj
 0003:000018d0       ?__acrt_lock_table@@3PAU_RTL_CRITICAL_SECTION@@A 00000001400278d0     libucrt:locks.obj
 0003:00001b28       ?__acrt_locks_initialized@@3IA 0000000140027b28     libucrt:locks.obj
 0003:00001b30       ?module_handles@@3PAPEAUHINSTANCE__@@A 0000000140027b30     libucrt:winapi_thunks.obj
 0003:00001bf8       ?__acrt_new_handler@@3V?$dual_state_global@P6AH_K@Z@__crt_state_management@@A 0000000140027bf8     libucrt:new_handler.obj
 0003:00001c00       ?ctrlc_action@@3V?$dual_state_global@P6AXH@Z@__crt_state_management@@A 0000000140027c00     libucrt:signal.obj
 0003:00001c08       ?ctrlbreak_action@@3V?$dual_state_global@P6AXH@Z@__crt_state_management@@A 0000000140027c08     libucrt:signal.obj
 0003:00001c10       ?abort_action@@3V?$dual_state_global@P6AXH@Z@__crt_state_management@@A 0000000140027c10     libucrt:signal.obj
 0003:00001c18       ?term_action@@3V?$dual_state_global@P6AXH@Z@__crt_state_management@@A 0000000140027c18     libucrt:signal.obj
 0005:00000000       ?function_pointers@@3PAPEAXA 000000014002a000     libucrt:winapi_thunks.obj
