 win32_handmade_hero

 Timestamp is 6a5a5033 (Fri Jul 17 12:54:27 2026)

 Preferred load address is 0000000140000000

 Start         Length     Name                   Class
 0001:00000000 0000ef90H .text$mn                CODE
 0001:0000ef90 00000060H .text$mn$00             CODE
 0001:0000eff0 00000c40H .text$mn$21             CODE
 0001:0000fc30 00000460H .text$x                 CODE
 0002:00000000 00000310H .idata$5                DATA
 0002:00000310 00000038H .00cfg                  DATA
 0002:00000348 00000008H .CRT$XCA                DATA
 0002:00000350 00000008H .CRT$XCAA               DATA
 0002:00000358 00000008H .CRT$XCZ                DATA
 0002:00000360 00000008H .CRT$XIA                DATA
 0002:00000368 00000008H .CRT$XIAA               DATA
 0002:00000370 00000008H .CRT$XIAC               DATA
 0002:00000378 00000020H .CRT$XIC                DATA
 0002:00000398 00000008H .CRT$XIZ                DATA
 0002:000003a0 00000008H .CRT$XPA                DATA
 0002:000003a8 00000010H .CRT$XPX                DATA
 0002:000003b8 00000008H .CRT$XPXA               DATA
 0002:000003c0 00000008H .CRT$XPZ                DATA
 0002:000003c8 00000008H .CRT$XTA                DATA
 0002:000003d0 00000010H .CRT$XTZ                DATA
 0002:000003d8 00000000H .gehcont$y              DATA
 0002:000003d8 00000000H .gfids$y                DATA
 0002:000003e0 00007bc0H .rdata                  DATA
 0002:00007fa0 00000160H .rdata$00               DATA
 0002:00008100 00000000H .rdata$CastGuardVftablesA DATA
 0002:00008100 00000000H .rdata$CastGuardVftablesC DATA
 0002:00008100 0000016cH .rdata$r                DATA
 0002:0000826c 0000011cH .rdata$voltmd           DATA
 0002:00008388 000003e0H .rdata$zzzdbg           DATA
 0002:00008768 00000008H .rtc$IAA                DATA
 0002:00008770 00000008H .rtc$IZZ                DATA
 0002:00008778 00000008H .rtc$TAA                DATA
 0002:00008780 00000008H .rtc$TZZ                DATA
 0002:00008788 00000ed0H .xdata                  DATA
 0002:00009658 00000084H .xdata$x                DATA
 0002:000096dc 00000000H .edata                  DATA
 0002:000096dc 0000003cH .idata$2                DATA
 0002:00009718 00000018H .idata$3                DATA
 0002:00009730 00000310H .idata$4                DATA
 0002:00009a40 000006d2H .idata$6                DATA
 0003:00000000 00000a80H .data                   DATA
 0003:00000a80 00000050H .data$r                 DATA
 0003:00000ad0 00000020H .data$rs                DATA
 0003:00000af0 000010f8H .bss                    DATA
 0004:00000000 00001044H .pdata                  DATA
 0005:00000000 00000100H .fptable                DATA

  Address         Publics by Value              Rva+Base               Lib:Object

 0000:00000000       __AbsoluteZero             0000000000000000     <absolute>
 0000:00000000       ___safe_se_handler_count   0000000000000000     <absolute>
 0000:00000000       ___safe_se_handler_table   0000000000000000     <absolute>
 0000:00000000       __arm64x_extra_rfe_table   0000000000000000     <absolute>
 0000:00000000       __arm64x_extra_rfe_table_size 0000000000000000     <absolute>
 0000:00000000       __arm64x_native_entrypoint 0000000000000000     <absolute>
 0000:00000000       __arm64x_redirection_metadata 0000000000000000     <absolute>
 0000:00000000       __arm64x_redirection_metadata_count 0000000000000000     <absolute>
 0000:00000000       __dynamic_value_reloc_table 0000000000000000     <absolute>
 0000:00000000       __enclave_config           0000000000000000     <absolute>
 0000:00000000       __guard_check_icall_a64n_fptr 0000000000000000     <absolute>
 0000:00000000       __guard_eh_cont_count      0000000000000000     <absolute>
 0000:00000000       __guard_eh_cont_table      0000000000000000     <absolute>
 0000:00000000       __guard_fids_count         0000000000000000     <absolute>
 0000:00000000       __guard_fids_table         0000000000000000     <absolute>
 0000:00000000       __guard_iat_count          0000000000000000     <absolute>
 0000:00000000       __guard_iat_table          0000000000000000     <absolute>
 0000:00000000       __guard_longjmp_count      0000000000000000     <absolute>
 0000:00000000       __guard_longjmp_table      0000000000000000     <absolute>
 0000:00000000       __hybrid_auxiliary_delayload_iat 0000000000000000     <absolute>
 0000:00000000       __hybrid_auxiliary_delayload_iat_copy 0000000000000000     <absolute>
 0000:00000000       __hybrid_auxiliary_iat     0000000000000000     <absolute>
 0000:00000000       __hybrid_auxiliary_iat_copy 0000000000000000     <absolute>
 0000:00000000       __hybrid_code_map          0000000000000000     <absolute>
 0000:00000000       __hybrid_code_map_count    0000000000000000     <absolute>
 0000:00000000       __hybrid_image_info_bitfield 0000000000000000     <absolute>
 0000:00000000       __x64_code_ranges_to_entry_points 0000000000000000     <absolute>
 0000:00000000       __x64_code_ranges_to_entry_points_count 0000000000000000     <absolute>
 0000:00000100       __guard_flags              0000000000000100     <absolute>
 0000:00000000       __ImageBase                0000000140000000     <linker-defined>
 0001:00000000       ?Truncate64bitsTo32bits@@YAI_K@Z 0000000140001000 f   win32_handmade_hero.obj
 0001:00000300       ?SoundOutput@@YAXPEAUSoundBuffer@@HF@Z 0000000140001300 f   win32_handmade_hero.obj
 0001:00000440       ?RenderGrad@@YAXPEAUBitmapBuffer@@HH@Z 0000000140001440 f   win32_handmade_hero.obj
 0001:00000840       WinMain                    0000000140001840 f   win32_handmade_hero.obj
 0001:00001580       ?GetClientWindowDimension@@YA?AUClientWindowDimension@@PEAUHWND__@@@Z 0000000140002580 f   win32_handmade_hero.obj
 0001:00001d60       ?ThereAreNoXInputLib@@YAKKPEAU_XINPUT_STATE@@@Z 0000000140002d60 f   win32_handmade_hero.obj
 0001:00001ec0       ?WindowProc@@YA_JPEAUHWND__@@I_K_J@Z 0000000140002ec0 f   win32_handmade_hero.obj
 0001:0000208c       __GSHandlerCheck           000000014000308c f   LIBCMT:gshandler.obj
 0001:000020ac       __GSHandlerCheckCommon     00000001400030ac f   LIBCMT:gshandler.obj
 0001:00002120       __security_check_cookie    0000000140003120 f   LIBCMT:amdsecgs.obj
 0001:00002398       WinMainCRTStartup          0000000140003398 f   LIBCMT:exe_winmain.obj
 0001:000023ac       __raise_securityfailure    00000001400033ac f   LIBCMT:gs_report.obj
 0001:000023e0       __report_gsfailure         00000001400033e0 f   LIBCMT:gs_report.obj
 0001:00002528       __scrt_acquire_startup_lock 0000000140003528 f   LIBCMT:utility.obj
 0001:00002564       __scrt_initialize_crt      0000000140003564 f   LIBCMT:utility.obj
 0001:000025a0       __scrt_initialize_onexit_tables 00000001400035a0 f   LIBCMT:utility.obj
 0001:0000262c       __scrt_is_nonwritable_in_current_image 000000014000362c f   LIBCMT:utility.obj
 0001:000026c4       __scrt_release_startup_lock 00000001400036c4 f   LIBCMT:utility.obj
 0001:000026e8       __scrt_uninitialize_crt    00000001400036e8 f   LIBCMT:utility.obj
 0001:00002714       _onexit                    0000000140003714 f   LIBCMT:utility.obj
 0001:00002750       atexit                     0000000140003750 f   LIBCMT:utility.obj
 0001:00002768       __security_init_cookie     0000000140003768 f   LIBCMT:gs_support.obj
 0001:00002818       __scrt_exe_initialize_mta  0000000140003818 f   LIBCMT:utility_desktop.obj
 0001:00002818       __scrt_initialize_winrt    0000000140003818 f   LIBCMT:utility_desktop.obj
 0001:00002818       __scrt_stub_for_initialize_mta 0000000140003818 f   LIBCMT:utility_desktop.obj
 0001:00002818       _get_startup_commit_mode   0000000140003818 f   LIBCMT:commit_mode.obj
 0001:00002818       _get_startup_new_mode      0000000140003818 f   LIBCMT:new_mode.obj
 0001:00002818       _get_startup_thread_locale_mode 0000000140003818 f   LIBCMT:thread_locale.obj
 0001:00002818       _matherr                   0000000140003818 f   LIBCMT:matherr.obj
 0001:0000281c       _get_startup_argv_mode     000000014000381c f   LIBCMT:argv_mode.obj
 0001:00002824       _get_startup_file_mode     0000000140003824 f   LIBCMT:file_mode.obj
 0001:0000282c       ?__scrt_initialize_type_info@@YAXXZ 000000014000382c f   LIBCMT:tncleanup.obj
 0001:0000283c       __acrt_uninitialize_command_line 000000014000383c f   libucrt:argv_data.obj
 0001:0000283c       _should_initialize_environment 000000014000383c f   LIBCMT:env_mode.obj
 0001:00002840       _guard_check_icall_nop     0000000140003840 f   LIBCMT:guard_support.obj
 0001:00002840       _initialize_denormal_control 0000000140003840 f   LIBCMT:denormal_control.obj
 0001:00002840       _initialize_invalid_parameter_handler 0000000140003840 f   LIBCMT:invalid_parameter_handler.obj
 0001:00002844       __local_stdio_printf_options 0000000140003844 f i LIBCMT:default_local_stdio_options.obj
 0001:0000284c       __local_stdio_scanf_options 000000014000384c f i LIBCMT:default_local_stdio_options.obj
 0001:00002854       __scrt_initialize_default_local_stdio_options 0000000140003854 f   LIBCMT:default_local_stdio_options.obj
 0001:00002870       __scrt_is_user_matherr_present 0000000140003870 f   LIBCMT:matherr_detection.obj
 0001:0000287c       __scrt_get_dyn_tls_init_callback 000000014000387c f   LIBCMT:dyn_tls_init.obj
 0001:00002884       __scrt_get_dyn_tls_dtor_callback 0000000140003884 f   LIBCMT:dyn_tls_dtor.obj
 0001:0000288c       __crt_debugger_hook        000000014000388c f   LIBCMT:utility_desktop.obj
 0001:00002898       __scrt_fastfail            0000000140003898 f   LIBCMT:utility_desktop.obj
 0001:000029e4       __scrt_get_show_window_mode 00000001400039e4 f   LIBCMT:utility_desktop.obj
 0001:00002a20       __scrt_initialize_mta      0000000140003a20 f   LIBCMT:utility_desktop.obj
 0001:00002a28       __scrt_is_managed_app      0000000140003a28 f   LIBCMT:utility_desktop.obj
 0001:00002a7c       __scrt_set_unhandled_exception_filter 0000000140003a7c f   LIBCMT:utility_desktop.obj
 0001:00002a8c       __scrt_unhandled_exception_filter 0000000140003a8c f   LIBCMT:utility_desktop.obj
 0001:00002af0       _RTC_Initialize            0000000140003af0 f   LIBCMT:initsect.obj
 0001:00002b2c       _RTC_Terminate             0000000140003b2c f   LIBCMT:initsect.obj
 0001:00002b68       __isa_available_init       0000000140003b68 f   LIBCMT:cpu_disp.obj
 0001:00002e00       __scrt_is_ucrt_dll_in_use  0000000140003e00 f   LIBCMT:ucrt_detection.obj
 0001:00002e10       __C_specific_handler       0000000140003e10 f   libvcruntime:riscchandler.obj
 0001:00003028       __vcrt_initialize          0000000140004028 f   libvcruntime:initialization.obj
 0001:00003050       __vcrt_uninitialize        0000000140004050 f   libvcruntime:initialization.obj
 0001:0000306c       __std_type_info_compare    000000014000406c f   libvcruntime:std_type_info.obj
 0001:00003084       __DestructExceptionObject  0000000140004084 f   libvcruntime:ehhelpers.obj
 0001:000030f8       ?_CallMemberFunction0@@YAXQEAX0@Z 00000001400040f8 f i libvcruntime:ehhelpers.obj
 0001:000030fc       _IsExceptionObjectToBeDestroyed 00000001400040fc f   libvcruntime:ehhelpers.obj
 0001:0000312c       __AdjustPointer            000000014000412c f   libvcruntime:ehhelpers.obj
 0001:00003150       __FrameUnwindFilter        0000000140004150 f   libvcruntime:ehhelpers.obj
 0001:000031b8       __current_exception        00000001400041b8 f   libvcruntime:ehhelpers.obj
 0001:000031cc       __current_exception_context 00000001400041cc f   libvcruntime:ehhelpers.obj
 0001:000031e0       __std_terminate            00000001400041e0 f   libvcruntime:ehhelpers.obj
 0001:00003220       _NLG_Notify                0000000140004220 f   libvcruntime:notify.obj
 0001:00003240       __NLG_Dispatch2            0000000140004240 f   libvcruntime:notify.obj
 0001:00003250       __NLG_Return2              0000000140004250 f   libvcruntime:notify.obj
 0001:00003254       __except_validate_context_record 0000000140004254 f   libvcruntime:jbcxrval.obj
 0001:0000328c       __vcrt_freefls             000000014000428c f   libvcruntime:per_thread_data.obj
 0001:000032ac       __vcrt_getptd              00000001400042ac f   libvcruntime:per_thread_data.obj
 0001:000032c8       __vcrt_getptd_noexit       00000001400042c8 f   libvcruntime:per_thread_data.obj
 0001:00003394       __vcrt_initialize_ptd      0000000140004394 f   libvcruntime:per_thread_data.obj
 0001:000033dc       __vcrt_uninitialize_ptd    00000001400043dc f   libvcruntime:per_thread_data.obj
 0001:00003404       __vcrt_initialize_locks    0000000140004404 f   libvcruntime:locks.obj
 0001:0000344c       __vcrt_uninitialize_locks  000000014000444c f   libvcruntime:locks.obj
 0001:000035d4       __vcrt_FlsAlloc            00000001400045d4 f   libvcruntime:winapi_downlevel.obj
 0001:0000361c       __vcrt_FlsFree             000000014000461c f   libvcruntime:winapi_downlevel.obj
 0001:00003664       __vcrt_FlsGetValue         0000000140004664 f   libvcruntime:winapi_downlevel.obj
 0001:000036ac       __vcrt_FlsSetValue         00000001400046ac f   libvcruntime:winapi_downlevel.obj
 0001:00003700       __vcrt_InitializeCriticalSectionEx 0000000140004700 f   libvcruntime:winapi_downlevel.obj
 0001:00003764       ??$_CallSETranslator@V__FrameHandler3@@@@YAHPEAUEHExceptionRecord@@PEA_KPEAU_CONTEXT@@PEAU_xDISPATCHER_CONTEXT@@PEBU_s_FuncInfo@@K1H@Z 0000000140004764 f i libvcruntime:risctrnsctrl.obj
 0001:000037b8       ?CatchTryBlock@__FrameHandler3@@SAPEBU_s_TryBlockMapEntry@@PEBU_s_FuncInfo@@H@Z 00000001400047b8 f   libvcruntime:risctrnsctrl.obj
 0001:0000381c       ?ExecutionInCatch@__FrameHandler3@@SA_NPEAU_xDISPATCHER_CONTEXT@@PEBU_s_FuncInfo@@@Z 000000014000481c f   libvcruntime:risctrnsctrl.obj
 0001:00003848       ?FrameUnwindToEmptyState@__FrameHandler3@@SAXPEA_KPEAU_xDISPATCHER_CONTEXT@@PEBU_s_FuncInfo@@@Z 0000000140004848 f   libvcruntime:risctrnsctrl.obj
 0001:000038ac       ?GetEstablisherFrame@__FrameHandler3@@SAPEA_KPEA_KPEAU_xDISPATCHER_CONTEXT@@PEBU_s_FuncInfo@@0@Z 00000001400048ac f   libvcruntime:risctrnsctrl.obj
 0001:00003994       ?GetRangeOfTrysToCheck@__FrameHandler3@@SA?AU?$pair@Viterator@TryBlockMap@__FrameHandler3@@V123@@std@@AEAVTryBlockMap@1@HPEAU_xDISPATCHER_CONTEXT@@PEBU_s_FuncInfo@@H@Z 0000000140004994 f   libvcruntime:risctrnsctrl.obj
 0001:00003acc       ?UnwindNestedFrames@__FrameHandler3@@SAXPEA_KPEAUEHExceptionRecord@@PEAU_CONTEXT@@0PEAXPEBU_s_FuncInfo@@HHPEBU_s_HandlerType@@PEAU_xDISPATCHER_CONTEXT@@E@Z 0000000140004acc f   libvcruntime:risctrnsctrl.obj
 0001:00003bd0       _CreateFrameInfo           0000000140004bd0 f   libvcruntime:risctrnsctrl.obj
 0001:00003c0c       _FindAndUnlinkFrame        0000000140004c0c f   libvcruntime:risctrnsctrl.obj
 0001:00003c60       _GetImageBase              0000000140004c60 f   libvcruntime:risctrnsctrl.obj
 0001:00003c74       _GetThrowImageBase         0000000140004c74 f   libvcruntime:risctrnsctrl.obj
 0001:00003c88       _SetImageBase              0000000140004c88 f   libvcruntime:risctrnsctrl.obj
 0001:00003ca0       _SetThrowImageBase         0000000140004ca0 f   libvcruntime:risctrnsctrl.obj
 0001:00003cb8       __CxxFrameHandler3         0000000140004cb8 f   libvcruntime:risctrnsctrl.obj
 0001:00003d40       ?GetCurrentState@__FrameHandler3@@SAHPEA_KPEAU_xDISPATCHER_CONTEXT@@PEBU_s_FuncInfo@@@Z 0000000140004d40 f   libvcruntime:ehstate.obj
 0001:00003d68       ?GetUnwindTryBlock@__FrameHandler3@@SAHPEA_KPEAU_xDISPATCHER_CONTEXT@@PEBU_s_FuncInfo@@@Z 0000000140004d68 f   libvcruntime:ehstate.obj
 0001:00003d94       ?SetState@__FrameHandler3@@SAXPEA_KPEBU_s_FuncInfo@@H@Z 0000000140004d94 f   libvcruntime:ehstate.obj
 0001:00003da0       ?SetUnwindTryBlock@__FrameHandler3@@SAXPEA_KPEAU_xDISPATCHER_CONTEXT@@PEBU_s_FuncInfo@@H@Z 0000000140004da0 f   libvcruntime:ehstate.obj
 0001:00003ddc       ?StateFromControlPc@__FrameHandler3@@SAHPEBU_s_FuncInfo@@PEAU_xDISPATCHER_CONTEXT@@@Z 0000000140004ddc f   libvcruntime:ehstate.obj
 0001:00003de4       ?StateFromIp@__FrameHandler3@@SAHPEBU_s_FuncInfo@@PEAU_xDISPATCHER_CONTEXT@@_K@Z 0000000140004de4 f   libvcruntime:ehstate.obj
 0001:0000492c       ??$TypeMatchHelper@V__FrameHandler3@@@@YAHPEBU_s_HandlerType@@PEBU_s_CatchableType@@PEBU_s_ThrowInfo@@@Z 000000014000592c f i libvcruntime:frame.obj
 0001:00004a4c       ??$__InternalCxxFrameHandler@V__FrameHandler3@@@@YA?AW4_EXCEPTION_DISPOSITION@@PEAUEHExceptionRecord@@PEA_KPEAU_CONTEXT@@PEAU_xDISPATCHER_CONTEXT@@PEBU_s_FuncInfo@@H1E@Z 0000000140005a4c f i libvcruntime:frame.obj
 0001:00004c7c       ??$__InternalCxxFrameHandlerWrapper@V__FrameHandler3@@@@YA?AW4_EXCEPTION_DISPOSITION@@PEAUEHExceptionRecord@@PEA_KPEAU_CONTEXT@@PEAU_xDISPATCHER_CONTEXT@@PEBU_s_FuncInfo@@H1E@Z 0000000140005c7c f i libvcruntime:frame.obj
 0001:00004c84       ??0bad_exception@std@@QEAA@AEBV01@@Z 0000000140005c84 f i libvcruntime:frame.obj
 0001:00004cc0       ??0bad_exception@std@@QEAA@XZ 0000000140005cc0 f i libvcruntime:frame.obj
 0001:00004ce4       ??0exception@std@@QEAA@AEBV01@@Z 0000000140005ce4 f i libvcruntime:frame.obj
 0001:00004d18       ??1bad_exception@std@@UEAA@XZ 0000000140005d18 f i libvcruntime:frame.obj
 0001:00004d2c       ??_Ebad_exception@std@@UEAAPEAXI@Z 0000000140005d2c f i libvcruntime:frame.obj
 0001:00004d2c       ??_Eexception@std@@UEAAPEAXI@Z 0000000140005d2c f i libvcruntime:frame.obj
 0001:00004d2c       ??_Gbad_exception@std@@UEAAPEAXI@Z 0000000140005d2c f i libvcruntime:frame.obj
 0001:00004d2c       ??_Gexception@std@@UEAAPEAXI@Z 0000000140005d2c f i libvcruntime:frame.obj
 0001:00004d70       ?CxxCallCatchBlock@__FrameHandler3@@SAPEAXPEAU_EXCEPTION_RECORD@@@Z 0000000140005d70 f   libvcruntime:frame.obj
 0001:00004ff4       ?FrameUnwindToState@__FrameHandler3@@SAXPEA_KPEAU_xDISPATCHER_CONTEXT@@PEBU_s_FuncInfo@@H@Z 0000000140005ff4 f   libvcruntime:frame.obj
 0001:00005180       ?GetHandlerSearchState@__FrameHandler3@@SAHPEA_KPEAU_xDISPATCHER_CONTEXT@@PEBU_s_FuncInfo@@@Z 0000000140006180 f i libvcruntime:frame.obj
 0001:00005388       ?_CallMemberFunction1@@YAXQEAX00@Z 0000000140006388 f i libvcruntime:frame.obj
 0001:00005394       ?_CallMemberFunction2@@YAXQEAX00H@Z 0000000140006394 f i libvcruntime:frame.obj
 0001:000053a4       ?what@exception@std@@UEBAPEBDXZ 00000001400063a4 f i libvcruntime:frame.obj
 0001:00005400       _CallSettingFrame          0000000140006400 f   libvcruntime:handlers.obj
 0001:00005440       __std_exception_copy       0000000140006440 f   libvcruntime:std_exception.obj
 0001:000054c0       __std_exception_destroy    00000001400064c0 f   libvcruntime:std_exception.obj
 0001:000054e8       _CxxThrowException         00000001400064e8 f   libvcruntime:throw.obj
 0001:00005590       sinf_sse2                  0000000140006590 f   libucrt:sinf.obj
 0001:00005900       sinf                       0000000140006900 f   libucrt:sinf.obj
 0001:00005c50       _seh_filter_exe            0000000140006c50 f   libucrt:exception_filter.obj
 0001:00005dbc       _query_app_type            0000000140006dbc f   libucrt:report_runtime_error.obj
 0001:00005dc4       _set_app_type              0000000140006dc4 f   libucrt:report_runtime_error.obj
 0001:00005dd0       __acrt_has_user_matherr    0000000140006dd0 f   libucrt:matherr.obj
 0001:00005df0       __acrt_initialize_user_matherr 0000000140006df0 f   libucrt:matherr.obj
 0001:00005e00       __acrt_invoke_user_matherr 0000000140006e00 f   libucrt:matherr.obj
 0001:00005e30       __setusermatherr           0000000140006e30 f   libucrt:matherr.obj
 0001:00006014       __acrt_allocate_buffer_for_argv 0000000140007014 f   libucrt:argv_parsing.obj
 0001:00006074       _configure_narrow_argv     0000000140007074 f   libucrt:argv_parsing.obj
 0001:000063f8       __dcrt_uninitialize_environments_nolock 00000001400073f8 f   libucrt:environment_initialization.obj
 0001:0000643c       _initialize_narrow_environment 000000014000743c f   libucrt:environment_initialization.obj
 0001:00006444       _get_narrow_winmain_command_line 0000000140007444 f   libucrt:argv_winmain.obj
 0001:000064b8       _initterm                  00000001400074b8 f   libucrt:initterm.obj
 0001:000064f0       _initterm_e                00000001400074f0 f   libucrt:initterm.obj
 0001:0000679c       __acrt_initialize_thread_local_exit_callback 000000014000779c f   libucrt:exit.obj
 0001:000067a4       _c_exit                    00000001400077a4 f   libucrt:exit.obj
 0001:000067b4       _cexit                     00000001400077b4 f   libucrt:exit.obj
 0001:000067c4       _exit                      00000001400077c4 f   libucrt:exit.obj
 0001:000067d0       _register_thread_local_exe_atexit_callback 00000001400077d0 f   libucrt:exit.obj
 0001:0000680c       exit                       000000014000780c f   libucrt:exit.obj
 0001:00006818       _set_fmode                 0000000140007818 f   libucrt:setmode.obj
 0001:000068c8       __acrt_set_locale_changed  00000001400078c8 f   libucrt:wsetlocale.obj
 0001:000068d4       __acrt_uninitialize_locale 00000001400078d4 f   libucrt:wsetlocale.obj
 0001:00006904       _configthreadlocale        0000000140007904 f   libucrt:wsetlocale.obj
 0001:00006970       _query_new_mode            0000000140007970 f   libucrt:new_mode.obj
 0001:00006980       _set_new_mode              0000000140007980 f   libucrt:new_mode.obj
 0001:000069ac       __p__commode               00000001400079ac f   libucrt:ncommode.obj
 0001:00006cf4       _crt_atexit                0000000140007cf4 f   libucrt:onexit.obj
 0001:00006d04       _execute_onexit_table      0000000140007d04 f   libucrt:onexit.obj
 0001:00006d48       _initialize_onexit_table   0000000140007d48 f   libucrt:onexit.obj
 0001:00006d70       _register_onexit_function  0000000140007d70 f   libucrt:onexit.obj
 0001:00006ee4       __acrt_initialize          0000000140007ee4 f   libucrt:initialization.obj
 0001:00006ef8       __acrt_uninitialize        0000000140007ef8 f   libucrt:initialization.obj
 0001:00006f30       terminate                  0000000140007f30 f   libucrt:terminate.obj
 0001:00006f50       free                       0000000140007f50 f   libucrt:free.obj
 0001:00006f60       malloc                     0000000140007f60 f   libucrt:malloc.obj
 0001:00006f70       strcpy_s                   0000000140007f70 f   libucrt:strcpy_s.obj
 0001:00006ff0       abort                      0000000140007ff0 f   libucrt:abort.obj
 0001:00007050       calloc                     0000000140008050 f   libucrt:calloc.obj
 0001:00007060       ?get_raw_ptd@__crt_cached_ptd_host@@QEAAPEAU__acrt_ptd@@XZ 0000000140008060 f i libucrt:output.obj
 0001:000070d0       ?update_locale_slow@__crt_cached_ptd_host@@AEAAXXZ 00000001400080d0 f i libucrt:output.obj
 0001:00007150       wcsncmp                    0000000140008150 f   libucrt:wcsncmp.obj
 0001:00007190       __acrt_initialize_fma3     0000000140008190 f   libucrt:fma3_available.obj
 0001:00007250       __remainder_piby2d2f_forC  0000000140008250 f   libucrt:remainder_piby2f_forc.obj
 0001:000073e0       _sinf_special              00000001400083e0 f   libucrt:sincos_special.obj
 0001:0000777c       ?internal_get_ptd_head_slow@@YAPEAU__acrt_ptd@@XZ 000000014000877c f   libucrt:per_thread_data.obj
 0001:0000789c       __acrt_getptd              000000014000889c f   libucrt:per_thread_data.obj
 0001:000078b8       __acrt_getptd_head         00000001400088b8 f   libucrt:per_thread_data.obj
 0001:000078fc       __acrt_getptd_noexit       00000001400088fc f   libucrt:per_thread_data.obj
 0001:0000798c       __acrt_getptd_noexit_explicit 000000014000898c f   libucrt:per_thread_data.obj
 0001:000079e8       __acrt_initialize_ptd      00000001400089e8 f   libucrt:per_thread_data.obj
 0001:00007a2c       __acrt_uninitialize_ptd    0000000140008a2c f   libucrt:per_thread_data.obj
 0001:00007a50       ?get_raw_ptd_noexit@__crt_cached_ptd_host@@QEAAPEAU__acrt_ptd@@XZ 0000000140008a50 f i libucrt:invalid_parameter.obj
 0001:00007abc       ?value@?$dual_state_global@P6AXPEB_W00I_K@Z@__crt_state_management@@QEAAAEAP6AXPEB_W00I_K@ZAEAV__crt_cached_ptd_host@@@Z 0000000140008abc f i libucrt:invalid_parameter.obj
 0001:00007b08       __acrt_call_reportfault    0000000140008b08 f   libucrt:invalid_parameter.obj
 0001:00007c78       __acrt_initialize_invalid_parameter_handler 0000000140008c78 f   libucrt:invalid_parameter.obj
 0001:00007c80       _invalid_parameter         0000000140008c80 f   libucrt:invalid_parameter.obj
 0001:00007d1c       _invalid_parameter_internal 0000000140008d1c f   libucrt:invalid_parameter.obj
 0001:00007dd4       _invalid_parameter_noinfo  0000000140008dd4 f   libucrt:invalid_parameter.obj
 0001:00007df4       _invoke_watson             0000000140008df4 f   libucrt:invalid_parameter.obj
 0001:00007e3c       __acrt_errno_from_os_error 0000000140008e3c f   libucrt:errno.obj
 0001:00007f0c       __acrt_errno_map_os_error  0000000140008f0c f   libucrt:errno.obj
 0001:00007f34       __acrt_errno_map_os_error_ptd 0000000140008f34 f   libucrt:errno.obj
 0001:00007f58       __doserrno                 0000000140008f58 f   libucrt:errno.obj
 0001:00007f7c       _errno                     0000000140008f7c f   libucrt:errno.obj
 0001:00007fa0       _calloc_base               0000000140008fa0 f   libucrt:calloc_base.obj
 0001:00008020       _free_base                 0000000140009020 f   libucrt:free_base.obj
 0001:0000808c       ??$__acrt_convert_wcs_mbs_cp@D_WV<lambda_7c9dea7b4ca7285d2cdb541a38da6275>@@U__crt_win32_buffer_internal_dynamic_resizing@@@@YAHQEBDAEAV?$__crt_win32_buffer@_WU__crt_win32_buffer_internal_dynamic_resizing@@@@AEBV<lambda_7c9dea7b4ca7285d2cdb541a38da6275>@@I@Z 000000014000908c f i libucrt:argv_wildcards.obj
 0001:0000822c       ??$__acrt_convert_wcs_mbs_cp@_WDV<lambda_d8593a27d1aa8c02be35c86a17d324c4>@@U__crt_win32_buffer_internal_dynamic_resizing@@@@YAHQEB_WAEAV?$__crt_win32_buffer@DU__crt_win32_buffer_internal_dynamic_resizing@@@@AEBV<lambda_d8593a27d1aa8c02be35c86a17d324c4>@@I@Z 000000014000922c f i libucrt:argv_wildcards.obj
 0001:00008af8       ??0_LocaleUpdate@@QEAA@QEAU__crt_locale_pointers@@@Z 0000000140009af8 f i libucrt:argv_wildcards.obj
 0001:00008b94       __acrt_expand_narrow_argv_wildcards 0000000140009b94 f   libucrt:argv_wildcards.obj
 0001:00008b9c       ??$__acrt_convert_wcs_mbs_cp@_WDV<lambda_f788ae46380686e8b737efdd8c720d07>@@U__crt_win32_buffer_no_resizing@@@@YAHQEB_WAEAV?$__crt_win32_buffer@DU__crt_win32_buffer_no_resizing@@@@AEBV<lambda_f788ae46380686e8b737efdd8c720d07>@@I@Z 0000000140009b9c f i libucrt:getmodulefilenamea.obj
 0001:00008cb8       __acrt_GetModuleFileNameA  0000000140009cb8 f   libucrt:getmodulefilenamea.obj
 0001:000095e4       __acrt_initialize_multibyte 000000014000a5e4 f   libucrt:mbctype.obj
 0001:00009644       __acrt_update_thread_multibyte_data 000000014000a644 f   libucrt:mbctype.obj
 0001:00009660       _setmbcp_nolock            000000014000a660 f   libucrt:mbctype.obj
 0001:0000999c       _ismbblead                 000000014000a99c f   libucrt:ismbbyte.obj
 0001:000099b0       __acrt_initialize_command_line 000000014000a9b0 f   libucrt:argv_data.obj
 0001:000099d8       __acrt_MultiByteToWideChar 000000014000a9d8 f   libucrt:multibytetowidechar.obj
 0001:00009a68       __acrt_WideCharToMultiByte 000000014000aa68 f   libucrt:widechartomultibyte.obj
 0001:00009b48       __dcrt_get_narrow_environment_from_os 000000014000ab48 f   libucrt:get_environment_from_os.obj
 0001:00009c58       __acrt_initialize_locks    000000014000ac58 f   libucrt:locks.obj
 0001:00009ca0       __acrt_lock                000000014000aca0 f   libucrt:locks.obj
 0001:00009cbc       __acrt_uninitialize_locks  000000014000acbc f   libucrt:locks.obj
 0001:00009cf4       __acrt_unlock              000000014000acf4 f   libucrt:locks.obj
 0001:00009d10       __acrt_app_verifier_enabled 000000014000ad10 f   libucrt:peb_access.obj
 0001:00009d2c       __acrt_is_secure_process   000000014000ad2c f   libucrt:peb_access.obj
 0001:00009d44       __acrt_get_process_end_policy 000000014000ad44 f   libucrt:win_policies.obj
 0001:00009d74       __acrt_lowio_create_handle_array 000000014000ad74 f   libucrt:osfinfo.obj
 0001:00009e1c       __acrt_lowio_destroy_handle_array 000000014000ae1c f   libucrt:osfinfo.obj
 0001:00009e6c       __acrt_lowio_ensure_fh_exists 000000014000ae6c f   libucrt:osfinfo.obj
 0001:00009f14       __acrt_lowio_lock_fh       000000014000af14 f   libucrt:osfinfo.obj
 0001:00009f3c       __acrt_lowio_unlock_fh     000000014000af3c f   libucrt:osfinfo.obj
 0001:00009f64       _free_osfhnd               000000014000af64 f   libucrt:osfinfo.obj
 0001:0000a020       _get_osfhandle             000000014000b020 f   libucrt:osfinfo.obj
 0001:0000a098       __acrt_initialize_fmode    000000014000b098 f   libucrt:txtmode.obj
 0001:0000a2b8       __acrt_initialize_lowio    000000014000b2b8 f   libucrt:ioinit.obj
 0001:0000a2f4       __acrt_uninitialize_lowio  000000014000b2f4 f   libucrt:ioinit.obj
 0001:0000a334       __acrt_locale_free_monetary 000000014000b334 f   libucrt:initmon.obj
 0001:0000a440       __acrt_locale_free_numeric 000000014000b440 f   libucrt:initnum.obj
 0001:0000a4e0       __acrt_locale_free_time    000000014000b4e0 f   libucrt:inittime.obj
 0001:0000a5f0       _malloc_base               000000014000b5f0 f   libucrt:malloc_base.obj
 0001:0000a650       __acrt_GetStringTypeA      000000014000b650 f   libucrt:getstringtypea.obj
 0001:0000a7e0       __acrt_add_locale_ref      000000014000b7e0 f   libucrt:locale_refcounting.obj
 0001:0000a86c       __acrt_free_locale         000000014000b86c f   libucrt:locale_refcounting.obj
 0001:0000a9e4       __acrt_locale_add_lc_time_reference 000000014000b9e4 f   libucrt:locale_refcounting.obj
 0001:0000aa0c       __acrt_locale_free_lc_time_if_unreferenced 000000014000ba0c f   libucrt:locale_refcounting.obj
 0001:0000aa44       __acrt_locale_release_lc_time_reference 000000014000ba44 f   libucrt:locale_refcounting.obj
 0001:0000aa6c       __acrt_release_locale_ref  000000014000ba6c f   libucrt:locale_refcounting.obj
 0001:0000ab14       __acrt_update_thread_locale_data 000000014000bb14 f   libucrt:locale_refcounting.obj
 0001:0000ab84       _updatetlocinfoEx_nolock   000000014000bb84 f   libucrt:locale_refcounting.obj
 0001:0000ada0       __acrt_AppPolicyGetProcessTerminationMethodInternal 000000014000bda0 f   libucrt:winapi_thunks.obj
 0001:0000adfc       __acrt_AreFileApisANSI     000000014000bdfc f   libucrt:winapi_thunks.obj
 0001:0000ae48       __acrt_FlsAlloc            000000014000be48 f   libucrt:winapi_thunks.obj
 0001:0000ae50       __acrt_FlsFree             000000014000be50 f   libucrt:winapi_thunks.obj
 0001:0000ae58       __acrt_FlsGetValue         000000014000be58 f   libucrt:winapi_thunks.obj
 0001:0000ae60       __acrt_FlsGetValue2        000000014000be60 f   libucrt:winapi_thunks.obj
 0001:0000ae6c       __acrt_FlsSetValue         000000014000be6c f   libucrt:winapi_thunks.obj
 0001:0000ae74       __acrt_InitializeCriticalSectionEx 000000014000be74 f   libucrt:winapi_thunks.obj
 0001:0000ae7c       __acrt_LCMapStringEx       000000014000be7c f   libucrt:winapi_thunks.obj
 0001:0000af70       __acrt_LocaleNameToLCID    000000014000bf70 f   libucrt:winapi_thunks.obj
 0001:0000afd4       __acrt_initialize_winapi_thunks 000000014000bfd4 f   libucrt:winapi_thunks.obj
 0001:0000b004       __acrt_tls2_supported      000000014000c004 f   libucrt:winapi_thunks.obj
 0001:0000b048       __acrt_uninitialize_winapi_thunks 000000014000c048 f   libucrt:winapi_thunks.obj
 0001:0000b090       _recalloc_base             000000014000c090 f   libucrt:recalloc.obj
 0001:0000b130       _recalloc                  000000014000c130 f   libucrt:recalloc.obj
 0001:0000b140       _get_heap_handle           000000014000c140 f   libucrt:heap_handle.obj
 0001:0000b150       __acrt_initialize_heap     000000014000c150 f   libucrt:heap_handle.obj
 0001:0000b180       __acrt_uninitialize_heap   000000014000c180 f   libucrt:heap_handle.obj
 0001:0000b1a0       __acrt_getheap             000000014000c1a0 f   libucrt:heap_handle.obj
 0001:0000b1a8       __acrt_execute_initializers 000000014000c1a8 f   libucrt:shared_initialization.obj
 0001:0000b228       __acrt_execute_uninitializers 000000014000c228 f   libucrt:shared_initialization.obj
 0001:0000b270       _callnewh                  000000014000c270 f   libucrt:new_handler.obj
 0001:0000b2b0       __acrt_initialize_new_handler 000000014000c2b0 f   libucrt:new_handler.obj
 0001:0000b2c0       _query_new_handler         000000014000c2c0 f   libucrt:new_handler.obj
 0001:0000b300       _set_new_handler           000000014000c300 f   libucrt:new_handler.obj
 0001:0000b360       ?_set_new_handler@@YAP6AH_K@ZH@Z 000000014000c360 f   libucrt:new_handler.obj
 0001:0000b3b4       __acrt_get_sigabrt_handler 000000014000c3b4 f   libucrt:signal.obj
 0001:0000b3e4       __acrt_initialize_signal_handlers 000000014000c3e4 f   libucrt:signal.obj
 0001:0000b404       raise                      000000014000c404 f   libucrt:signal.obj
 0001:0000b840       __acrt_stdio_flush_nolock  000000014000c840 f   libucrt:fflush.obj
 0001:0000b8cc       _fflush_nolock             000000014000c8cc f   libucrt:fflush.obj
 0001:0000b9a0       _flushall                  000000014000c9a0 f   libucrt:fflush.obj
 0001:0000b9a8       __acrt_initialize_stdio    000000014000c9a8 f   libucrt:_file.obj
 0001:0000bac8       __acrt_uninitialize_stdio  000000014000cac8 f   libucrt:_file.obj
 0001:0000bb24       _lock_file                 000000014000cb24 f   libucrt:_file.obj
 0001:0000bb30       _unlock_file               000000014000cb30 f   libucrt:_file.obj
 0001:0000bb3c       __acrt_update_locale_info  000000014000cb3c f   libucrt:locale_update.obj
 0001:0000bb70       __acrt_update_locale_info_explicit 000000014000cb70 f   libucrt:locale_update.obj
 0001:0000bba8       __acrt_update_multibyte_info 000000014000cba8 f   libucrt:locale_update.obj
 0001:0000bbdc       __acrt_update_multibyte_info_explicit 000000014000cbdc f   libucrt:locale_update.obj
 0001:0000bc14       _mbtowc_internal           000000014000cc14 f   libucrt:mbtowc.obj
 0001:0000bd8c       ?__mblen_utf8@__crt_mbstring@@YAHPEBD@Z 000000014000cd8c f   libucrt:mbrtoc32.obj
 0001:0000bdc4       ?__mbrtoc32_utf8@__crt_mbstring@@YA_KPEA_UPEBD_KPEAU_Mbstatet@@AEAV__crt_cached_ptd_host@@@Z 000000014000cdc4 f   libucrt:mbrtoc32.obj
 0001:0000bf84       ?__mbrtowc_utf8@__crt_mbstring@@YA_KPEA_WPEBD_KPEAU_Mbstatet@@AEAV__crt_cached_ptd_host@@@Z 000000014000cf84 f   libucrt:mbrtowc.obj
 0001:0000bfcc       ?__mbsrtowcs_utf8@__crt_mbstring@@YA_KPEA_WPEAPEBD_KPEAU_Mbstatet@@AEAV__crt_cached_ptd_host@@@Z 000000014000cfcc f   libucrt:mbrtowc.obj
 0001:0000c184       _fileno                    000000014000d184 f   libucrt:fileno.obj
 0001:0000c2c0       _handle_errorf             000000014000d2c0 f   libucrt:libm_error.obj
 0001:0000c400       qsort                      000000014000d400 f   libucrt:qsort.obj
 0001:0000c7a0       strncpy_s                  000000014000d7a0 f   libucrt:strncpy_s.obj
 0001:0000c970       strpbrk                    000000014000d970 f   libucrt:strpbrk.obj
 0001:0000cd28       _mbsdec                    000000014000dd28 f   libucrt:mbsdec.obj
 0001:0000cd30       _mbsdec_l                  000000014000dd30 f   libucrt:mbsdec.obj
 0001:0000d0f8       __acrt_LCMapStringA        000000014000e0f8 f   libucrt:lcmapstringa.obj
 0001:0000d1b0       __ascii_wcsnicmp           000000014000e1b0 f   libucrt:wcsnicmp.obj
 0001:0000d218       __acrt_DownlevelLocaleNameToLCID 000000014000e218 f   libucrt:lcidtoname_downlevel.obj
 0001:0000d2c0       _msize_base                000000014000e2c0 f   libucrt:msize.obj
 0001:0000d300       _msize                     000000014000e300 f   libucrt:msize.obj
 0001:0000d310       _realloc_base              000000014000e310 f   libucrt:realloc_base.obj
 0001:0000d418       _commit                    000000014000e418 f   libucrt:commit.obj
 0001:0000dcd8       _write_internal            000000014000ecd8 f   libucrt:write.obj
 0001:0000ddf8       _write_nolock              000000014000edf8 f   libucrt:write.obj
 0001:0000e128       _fcloseall                 000000014000f128 f   libucrt:closeall.obj
 0001:0000e1dc       __acrt_stdio_free_buffer_nolock 000000014000f1dc f   libucrt:_freebuf.obj
 0001:0000e220       _isatty                    000000014000f220 f   libucrt:isatty.obj
 0001:0000e280       ?reset_and_return@__crt_mbstring@@YA_K_KPEAU_Mbstatet@@@Z 000000014000f280 f   libucrt:common_utf8.obj
 0001:0000e288       ?return_illegal_sequence@__crt_mbstring@@YA_KPEAU_Mbstatet@@AEAV__crt_cached_ptd_host@@@Z 000000014000f288 f   libucrt:common_utf8.obj
 0001:0000e2a0       _clrfp                     000000014000f2a0 f   libucrt:fpctrl.obj
 0001:0000e2c0       _ctrlfp                    000000014000f2c0 f   libucrt:fpctrl.obj
 0001:0000e340       _get_fpcsr                 000000014000f340 f   libucrt:fpctrl.obj
 0001:0000e350       _set_fpcsr                 000000014000f350 f   libucrt:fpctrl.obj
 0001:0000e360       _set_statfp                000000014000f360 f   libucrt:fpctrl.obj
 0001:0000e380       _statfp                    000000014000f380 f   libucrt:fpctrl.obj
 0001:0000e390       _raise_exc_ex              000000014000f390 f   libucrt:fpexcept.obj
 0001:0000e6a0       _raise_excf                000000014000f6a0 f   libucrt:fpexcept.obj
 0001:0000e6d0       _set_errno_from_matherr    000000014000f6d0 f   libucrt:fpexcept.obj
 0001:0000e704       _guard_check_icall         000000014000f704 f i libucrt:checkcfg.obj
 0001:0000e720       __strncnt                  000000014000f720 f   libucrt:strncnt.obj
 0001:0000e7e8       _lseeki64_nolock_internal  000000014000f7e8 f   libucrt:lseek.obj
 0001:0000e7f0       _putwch_nolock             000000014000f7f0 f   libucrt:putwch.obj
 0001:0000e954       fclose                     000000014000f954 f   libucrt:fclose.obj
 0001:0000e9f0       __dcrt_lowio_ensure_console_output_initialized 000000014000f9f0 f   libucrt:initcon.obj
 0001:0000ea44       __dcrt_terminate_console_output 000000014000fa44 f   libucrt:initcon.obj
 0001:0000ea60       __dcrt_write_console       000000014000fa60 f   libucrt:initcon.obj
 0001:0000eb98       _close_internal            000000014000fb98 f   libucrt:close.obj
 0001:0000ec5c       _close_nolock_internal     000000014000fc5c f   libucrt:close.obj
 0001:0000ed2c       ?__acrt_stdio_free_stream@@YAXV__crt_stdio_stream@@@Z 000000014000fd2c f   libucrt:stream.obj
 0001:0000ed50       _FindPESection             000000014000fd50 f   LIBCMT:pesect.obj
 0001:0000eda0       _IsNonwritableInCurrentImage 000000014000fda0 f   LIBCMT:pesect.obj
 0001:0000edf0       _ValidateImageBase         000000014000fdf0 f   LIBCMT:pesect.obj
 0001:0000ee1c       ??_Etype_info@@UEAAPEAXI@Z 000000014000fe1c f i LIBCMT:std_type_info_static.obj
 0001:0000ee1c       ??_Gtype_info@@UEAAPEAXI@Z 000000014000fe1c f i LIBCMT:std_type_info_static.obj
 0001:0000ee48       ??3@YAXPEAX_K@Z            000000014000fe48 f   LIBCMT:delete_scalar_size.obj
 0001:0000ee50       __GSHandlerCheck_EH        000000014000fe50 f   LIBCMT:gshandlereh.obj
 0001:0000eee0       __chkstk                   000000014000fee0 f   LIBCMT:chkstk.obj
 0001:0000eee0       _alloca_probe              000000014000fee0 f   LIBCMT:chkstk.obj
 0001:0000ef30       ??3@YAXPEAX@Z              000000014000ff30 f   LIBCMT:delete_scalar.obj
 0001:0000ef40       __C_specific_handler_noexcept 000000014000ff40 f   libvcruntime:chandler_noexcept.obj
 0001:0000efa0       _guard_dispatch_icall_nop  000000014000ffa0 f   LIBCMT:guard_dispatch.obj
 0001:0000efc0       _guard_xfg_dispatch_icall_nop 000000014000ffc0 f   LIBCMT:guard_xfg_dispatch.obj
 0001:0000efe0       _guard_dispatch_icall      000000014000ffe0 f   libucrt:dispatchcfg.obj
 0001:0000efe0       _guard_dispatch_icall_$fo_default$ 000000014000ffe0     libucrt:dispatchcfg.obj
 0001:0000f010       memset_repstos             0000000140010010 f   libvcruntime:memset.obj
 0001:0000f020       memset                     0000000140010020 f   libvcruntime:memset.obj
 0001:0000f3d0       memcpy_repmovs             00000001400103d0 f   libvcruntime:memcpy.obj
 0001:0000f3e0       memcpy                     00000001400103e0 f   libvcruntime:memcpy.obj
 0001:0000f3e0       memcpy_$fo_default$        00000001400103e0     libvcruntime:memcpy.obj
 0001:0000f3e0       memmove                    00000001400103e0 f   libvcruntime:memcpy.obj
 0001:0000fa60       strcmp                     0000000140010a60 f   libucrt:strcmp.obj
 0001:0000fae0       strlen                     0000000140010ae0 f   libucrt:strlen.obj
 0001:0000fba0       strncmp                    0000000140010ba0 f   libucrt:strncmp.obj
 0002:00000000       __imp_StretchDIBits        0000000140012000     Gdi32:GDI32.dll
 0002:00000008       \177GDI32_NULL_THUNK_DATA  0000000140012008     Gdi32:GDI32.dll
 0002:00000010       __imp_CreateFileW          0000000140012010     kernel32:KERNEL32.dll
 0002:00000018       __imp_SetFilePointerEx     0000000140012018     kernel32:KERNEL32.dll
 0002:00000020       __imp_GetConsoleMode       0000000140012020     kernel32:KERNEL32.dll
 0002:00000028       __imp_GetConsoleOutputCP   0000000140012028     kernel32:KERNEL32.dll
 0002:00000030       __imp_FlushFileBuffers     0000000140012030     kernel32:KERNEL32.dll
 0002:00000038       __imp_WriteConsoleW        0000000140012038     kernel32:KERNEL32.dll
 0002:00000040       __imp_HeapSize             0000000140012040     kernel32:KERNEL32.dll
 0002:00000048       __imp_GetProcessHeap       0000000140012048     kernel32:KERNEL32.dll
 0002:00000050       __imp_LCMapStringW         0000000140012050     kernel32:KERNEL32.dll
 0002:00000058       __imp_HeapReAlloc          0000000140012058     kernel32:KERNEL32.dll
 0002:00000060       __imp_FreeLibrary          0000000140012060     kernel32:KERNEL32.dll
 0002:00000068       __imp_CreateFileA          0000000140012068     kernel32:KERNEL32.dll
 0002:00000070       __imp_GetFileSizeEx        0000000140012070     kernel32:KERNEL32.dll
 0002:00000078       __imp_ReadFile             0000000140012078     kernel32:KERNEL32.dll
 0002:00000080       __imp_WriteFile            0000000140012080     kernel32:KERNEL32.dll
 0002:00000088       __imp_CloseHandle          0000000140012088     kernel32:KERNEL32.dll
 0002:00000090       __imp_GetLastError         0000000140012090     kernel32:KERNEL32.dll
 0002:00000098       __imp_QueryPerformanceCounter 0000000140012098     kernel32:KERNEL32.dll
 0002:000000a0       __imp_QueryPerformanceFrequency 00000001400120a0     kernel32:KERNEL32.dll
 0002:000000a8       __imp_VirtualAlloc         00000001400120a8     kernel32:KERNEL32.dll
 0002:000000b0       __imp_VirtualFree          00000001400120b0     kernel32:KERNEL32.dll
 0002:000000b8       __imp_GetProcAddress       00000001400120b8     kernel32:KERNEL32.dll
 0002:000000c0       __imp_LoadLibraryA         00000001400120c0     kernel32:KERNEL32.dll
 0002:000000c8       __imp_RtlCaptureContext    00000001400120c8     kernel32:KERNEL32.dll
 0002:000000d0       __imp_RtlLookupFunctionEntry 00000001400120d0     kernel32:KERNEL32.dll
 0002:000000d8       __imp_RtlVirtualUnwind     00000001400120d8     kernel32:KERNEL32.dll
 0002:000000e0       __imp_UnhandledExceptionFilter 00000001400120e0     kernel32:KERNEL32.dll
 0002:000000e8       __imp_SetUnhandledExceptionFilter 00000001400120e8     kernel32:KERNEL32.dll
 0002:000000f0       __imp_GetCurrentProcess    00000001400120f0     kernel32:KERNEL32.dll
 0002:000000f8       __imp_TerminateProcess     00000001400120f8     kernel32:KERNEL32.dll
 0002:00000100       __imp_IsProcessorFeaturePresent 0000000140012100     kernel32:KERNEL32.dll
 0002:00000108       __imp_GetCurrentProcessId  0000000140012108     kernel32:KERNEL32.dll
 0002:00000110       __imp_GetCurrentThreadId   0000000140012110     kernel32:KERNEL32.dll
 0002:00000118       __imp_GetSystemTimeAsFileTime 0000000140012118     kernel32:KERNEL32.dll
 0002:00000120       __imp_InitializeSListHead  0000000140012120     kernel32:KERNEL32.dll
 0002:00000128       __imp_IsDebuggerPresent    0000000140012128     kernel32:KERNEL32.dll
 0002:00000130       __imp_GetStartupInfoW      0000000140012130     kernel32:KERNEL32.dll
 0002:00000138       __imp_GetModuleHandleW     0000000140012138     kernel32:KERNEL32.dll
 0002:00000140       __imp_RtlUnwindEx          0000000140012140     kernel32:KERNEL32.dll
 0002:00000148       __imp_SetLastError         0000000140012148     kernel32:KERNEL32.dll
 0002:00000150       __imp_EnterCriticalSection 0000000140012150     kernel32:KERNEL32.dll
 0002:00000158       __imp_LeaveCriticalSection 0000000140012158     kernel32:KERNEL32.dll
 0002:00000160       __imp_DeleteCriticalSection 0000000140012160     kernel32:KERNEL32.dll
 0002:00000168       __imp_InitializeCriticalSectionAndSpinCount 0000000140012168     kernel32:KERNEL32.dll
 0002:00000170       __imp_TlsAlloc             0000000140012170     kernel32:KERNEL32.dll
 0002:00000178       __imp_TlsGetValue          0000000140012178     kernel32:KERNEL32.dll
 0002:00000180       __imp_TlsSetValue          0000000140012180     kernel32:KERNEL32.dll
 0002:00000188       __imp_TlsFree              0000000140012188     kernel32:KERNEL32.dll
 0002:00000190       __imp_LoadLibraryExW       0000000140012190     kernel32:KERNEL32.dll
 0002:00000198       __imp_EncodePointer        0000000140012198     kernel32:KERNEL32.dll
 0002:000001a0       __imp_RaiseException       00000001400121a0     kernel32:KERNEL32.dll
 0002:000001a8       __imp_RtlPcToFileHeader    00000001400121a8     kernel32:KERNEL32.dll
 0002:000001b0       __imp_GetStdHandle         00000001400121b0     kernel32:KERNEL32.dll
 0002:000001b8       __imp_GetModuleFileNameW   00000001400121b8     kernel32:KERNEL32.dll
 0002:000001c0       __imp_ExitProcess          00000001400121c0     kernel32:KERNEL32.dll
 0002:000001c8       __imp_GetModuleHandleExW   00000001400121c8     kernel32:KERNEL32.dll
 0002:000001d0       __imp_HeapAlloc            00000001400121d0     kernel32:KERNEL32.dll
 0002:000001d8       __imp_HeapFree             00000001400121d8     kernel32:KERNEL32.dll
 0002:000001e0       __imp_FindClose            00000001400121e0     kernel32:KERNEL32.dll
 0002:000001e8       __imp_FindFirstFileExW     00000001400121e8     kernel32:KERNEL32.dll
 0002:000001f0       __imp_FindNextFileW        00000001400121f0     kernel32:KERNEL32.dll
 0002:000001f8       __imp_IsValidCodePage      00000001400121f8     kernel32:KERNEL32.dll
 0002:00000200       __imp_GetACP               0000000140012200     kernel32:KERNEL32.dll
 0002:00000208       __imp_GetOEMCP             0000000140012208     kernel32:KERNEL32.dll
 0002:00000210       __imp_GetCPInfo            0000000140012210     kernel32:KERNEL32.dll
 0002:00000218       __imp_GetCommandLineA      0000000140012218     kernel32:KERNEL32.dll
 0002:00000220       __imp_GetCommandLineW      0000000140012220     kernel32:KERNEL32.dll
 0002:00000228       __imp_MultiByteToWideChar  0000000140012228     kernel32:KERNEL32.dll
 0002:00000230       __imp_WideCharToMultiByte  0000000140012230     kernel32:KERNEL32.dll
 0002:00000238       __imp_GetEnvironmentStringsW 0000000140012238     kernel32:KERNEL32.dll
 0002:00000240       __imp_FreeEnvironmentStringsW 0000000140012240     kernel32:KERNEL32.dll
 0002:00000248       __imp_SetStdHandle         0000000140012248     kernel32:KERNEL32.dll
 0002:00000250       __imp_GetFileType          0000000140012250     kernel32:KERNEL32.dll
 0002:00000258       __imp_GetStringTypeW       0000000140012258     kernel32:KERNEL32.dll
 0002:00000260       __imp_FlsAlloc             0000000140012260     kernel32:KERNEL32.dll
 0002:00000268       __imp_FlsGetValue          0000000140012268     kernel32:KERNEL32.dll
 0002:00000270       __imp_FlsSetValue          0000000140012270     kernel32:KERNEL32.dll
 0002:00000278       __imp_FlsFree              0000000140012278     kernel32:KERNEL32.dll
 0002:00000280       __imp_InitializeCriticalSectionEx 0000000140012280     kernel32:KERNEL32.dll
 0002:00000288       __imp_VirtualProtect       0000000140012288     kernel32:KERNEL32.dll
 0002:00000290       \177KERNEL32_NULL_THUNK_DATA 0000000140012290     kernel32:KERNEL32.dll
 0002:00000298       __imp_DispatchMessageA     0000000140012298     user32:USER32.dll
 0002:000002a0       __imp_GetClientRect        00000001400122a0     user32:USER32.dll
 0002:000002a8       __imp_InvalidateRect       00000001400122a8     user32:USER32.dll
 0002:000002b0       __imp_EndPaint             00000001400122b0     user32:USER32.dll
 0002:000002b8       __imp_BeginPaint           00000001400122b8     user32:USER32.dll
 0002:000002c0       __imp_GetDC                00000001400122c0     user32:USER32.dll
 0002:000002c8       __imp_ShowWindow           00000001400122c8     user32:USER32.dll
 0002:000002d0       __imp_DestroyWindow        00000001400122d0     user32:USER32.dll
 0002:000002d8       __imp_CreateWindowExA      00000001400122d8     user32:USER32.dll
 0002:000002e0       __imp_RegisterClassA       00000001400122e0     user32:USER32.dll
 0002:000002e8       __imp_PostQuitMessage      00000001400122e8     user32:USER32.dll
 0002:000002f0       __imp_DefWindowProcA       00000001400122f0     user32:USER32.dll
 0002:000002f8       __imp_PeekMessageA         00000001400122f8     user32:USER32.dll
 0002:00000300       __imp_TranslateMessage     0000000140012300     user32:USER32.dll
 0002:00000308       \177USER32_NULL_THUNK_DATA 0000000140012308     user32:USER32.dll
 0002:00000310       __guard_check_icall_fptr   0000000140012310     LIBCMT:guard_support.obj
 0002:00000318       __guard_xfg_check_icall_fptr 0000000140012318     LIBCMT:guard_support.obj
 0002:00000320       __guard_dispatch_icall_fptr 0000000140012320     LIBCMT:guard_support.obj
 0002:00000328       __guard_xfg_dispatch_icall_fptr 0000000140012328     LIBCMT:guard_support.obj
 0002:00000330       __guard_xfg_table_dispatch_icall_fptr 0000000140012330     LIBCMT:guard_support.obj
 0002:00000338       __castguard_check_failure_os_handled_fptr 0000000140012338     LIBCMT:guard_support.obj
 0002:00000340       __guard_memcpy_fptr        0000000140012340     libvcruntime:softmemtag.obj
 0002:00000348       __xc_a                     0000000140012348     LIBCMT:initializers.obj
 0002:00000358       __xc_z                     0000000140012358     LIBCMT:initializers.obj
 0002:00000360       __xi_a                     0000000140012360     LIBCMT:initializers.obj
 0002:00000378       __acrt_tran_fma3_initializer 0000000140012378     libucrt:fma3_initializer.obj
 0002:00000380       __acrt_multibyte_initializer 0000000140012380     libucrt:multibyte_initializer.obj
 0002:00000388       __acrt_fmode_initializer   0000000140012388     libucrt:fmode_initializer.obj
 0002:00000390       __acrt_stdio_initializer   0000000140012390     libucrt:stdio_initializer.obj
 0002:00000398       __xi_z                     0000000140012398     LIBCMT:initializers.obj
 0002:000003a0       __xp_a                     00000001400123a0     LIBCMT:initializers.obj
 0002:000003a8       __acrt_locale_terminator   00000001400123a8     libucrt:locale_initializer.obj
 0002:000003b0       __dcrt_console_output_terminator 00000001400123b0     libucrt:console_output_initializer.obj
 0002:000003b8       __acrt_stdio_terminator    00000001400123b8     libucrt:stdio_initializer.obj
 0002:000003c0       __xp_z                     00000001400123c0     LIBCMT:initializers.obj
 0002:000003c8       __xt_a                     00000001400123c8     LIBCMT:initializers.obj
 0002:000003d0       __xt_z                     00000001400123d0     LIBCMT:initializers.obj
 0002:00000534       __real@40800000            0000000140012534     win32_handmade_hero.obj
 0002:00000538       __real@40c90fdb            0000000140012538     win32_handmade_hero.obj
 0002:0000053c       __real@43000000            000000014001253c     win32_handmade_hero.obj
 0002:00000540       __real@447a0000            0000000140012540     win32_handmade_hero.obj
 0002:00000544       __real@46fffe00            0000000140012544     win32_handmade_hero.obj
 0002:00000548       __real@47000000            0000000140012548     win32_handmade_hero.obj
 0002:0000054c       __real@49742400            000000014001254c     win32_handmade_hero.obj
 0002:00000550       GUID_NULL                  0000000140012550     uuid:cguid_i.obj
 0002:00000570       __xmm@ffffffffffffffffffffffffffffffff 0000000140012570     LIBCMT:utility.obj
 0002:00000580       _pDestructExceptionObject  0000000140012580     libvcruntime:ehhelpers.obj
 0002:00000ca0       ??_C@_08EHJDFFNH@__based?$CI@ 0000000140012ca0     libvcruntime:undname.obj
 0002:00000cb0       ??_C@_07KOLFKCDI@__cdecl@  0000000140012cb0     libvcruntime:undname.obj
 0002:00000cb8       ??_C@_09IFJBGAPI@__stdcall@ 0000000140012cb8     libvcruntime:undname.obj
 0002:00000cc8       ??_C@_0L@NPHFGOKO@__thiscall@ 0000000140012cc8     libvcruntime:undname.obj
 0002:00000cd8       ??_C@_0L@JMKHOMEK@__fastcall@ 0000000140012cd8     libvcruntime:undname.obj
 0002:00000ce8       ??_C@_0N@BCKKPABJ@__vectorcall@ 0000000140012ce8     libvcruntime:undname.obj
 0002:00000cf8       ??_C@_0BA@NAGGFLJK@__preserve_none@ 0000000140012cf8     libvcruntime:undname.obj
 0002:00000d08       ??_C@_09HIJEGCPM@__clrcall@ 0000000140012d08     libvcruntime:undname.obj
 0002:00000d14       ??_C@_06GHPCKEAG@__eabi@   0000000140012d14     libvcruntime:undname.obj
 0002:00000d20       ??_C@_09IOPIDJLG@__swift_1@ 0000000140012d20     libvcruntime:undname.obj
 0002:00000d30       ??_C@_09KFNFGKHF@__swift_2@ 0000000140012d30     libvcruntime:undname.obj
 0002:00000d40       ??_C@_09LMMOFLDE@__swift_3@ 0000000140012d40     libvcruntime:undname.obj
 0002:00000d50       ??_C@_07JOMMBBKO@__ptr64@  0000000140012d50     libvcruntime:undname.obj
 0002:00000d58       ??_C@_0L@PILCLIHE@__restrict@ 0000000140012d58     libvcruntime:undname.obj
 0002:00000d68       ??_C@_0M@GFIIJFMG@__unaligned@ 0000000140012d68     libvcruntime:undname.obj
 0002:00000d78       ??_C@_09DHDLOLLB@restrict?$CI@ 0000000140012d78     libvcruntime:undname.obj
 0002:00000d82       ??_C@_00CNPNBAHC@@         0000000140012d82     libvcruntime:undname.obj
 0002:00000d84       ??_C@_04NIHEBCM@?5new@     0000000140012d84     libvcruntime:undname.obj
 0002:00000d90       ??_C@_07FPCDHGMM@?5delete@ 0000000140012d90     libvcruntime:undname.obj
 0002:00000d98       ??_C@_01NEMOKFLO@?$DN@     0000000140012d98     libvcruntime:undname.obj
 0002:00000d9c       ??_C@_02GPIOPFAK@?$DO?$DO@ 0000000140012d9c     libvcruntime:undname.obj
 0002:00000da0       ??_C@_02FODMEDOG@?$DM?$DM@ 0000000140012da0     libvcruntime:undname.obj
 0002:00000da4       ??_C@_01DCLJPIOD@?$CB@     0000000140012da4     libvcruntime:undname.obj
 0002:00000da8       ??_C@_02EGOFBIJA@?$DN?$DN@ 0000000140012da8     libvcruntime:undname.obj
 0002:00000dac       ??_C@_02FDNJECIE@?$CB?$DN@ 0000000140012dac     libvcruntime:undname.obj
 0002:00000db0       ??_C@_02GPECMEKF@?$FL?$FN@ 0000000140012db0     libvcruntime:undname.obj
 0002:00000db8       ??_C@_08LHJFAFGD@operator@ 0000000140012db8     libvcruntime:undname.obj
 0002:00000dc4       ??_C@_02HBOOOICD@?9?$DO@   0000000140012dc4     libvcruntime:undname.obj
 0002:00000dc8       ??_C@_01NBENCBCI@?$CK@     0000000140012dc8     libvcruntime:undname.obj
 0002:00000dcc       ??_C@_02ECNGHCIF@?$CL?$CL@ 0000000140012dcc     libvcruntime:undname.obj
 0002:00000dd0       ??_C@_02BAABKJLB@?9?9@     0000000140012dd0     libvcruntime:undname.obj
 0002:00000dd4       ??_C@_01JOAMLHOP@?9@       0000000140012dd4     libvcruntime:undname.obj
 0002:00000dd8       ??_C@_01MIFGBAGJ@?$CL@     0000000140012dd8     libvcruntime:undname.obj
 0002:00000ddc       ??_C@_01HNPIGOCE@?$CG@     0000000140012ddc     libvcruntime:undname.obj
 0002:00000de0       ??_C@_03MNHNFDLC@?9?$DO?$CK@ 0000000140012de0     libvcruntime:undname.obj
 0002:00000de4       ??_C@_01KMDKNFGN@?1@       0000000140012de4     libvcruntime:undname.obj
 0002:00000de8       ??_C@_01FGNFDNOH@?$CF@     0000000140012de8     libvcruntime:undname.obj
 0002:00000dec       ??_C@_01MNNFJEPP@?$DM@     0000000140012dec     libvcruntime:undname.obj
 0002:00000df0       ??_C@_02EHCHHCKH@?$DM?$DN@ 0000000140012df0     libvcruntime:undname.obj
 0002:00000df4       ??_C@_01PPODPGHN@?$DO@     0000000140012df4     libvcruntime:undname.obj
 0002:00000df8       ??_C@_02EEKDKGMJ@?$DO?$DN@ 0000000140012df8     libvcruntime:undname.obj
 0002:00000dfc       ??_C@_01IHBHIGKO@?0@       0000000140012dfc     libvcruntime:undname.obj
 0002:00000e00       ??_C@_02HCKGKOFO@?$CI?$CJ@ 0000000140012e00     libvcruntime:undname.obj
 0002:00000e04       ??_C@_01PJKLJHI@?$HO@      0000000140012e04     libvcruntime:undname.obj
 0002:00000e08       ??_C@_01JKBOJNNK@?$FO@     0000000140012e08     libvcruntime:undname.obj
 0002:00000e0c       ??_C@_01DNKMNLPK@?$HM@     0000000140012e0c     libvcruntime:undname.obj
 0002:00000e10       ??_C@_02PPKAJPJL@?$CG?$CG@ 0000000140012e10     libvcruntime:undname.obj
 0002:00000e14       ??_C@_02NONPIBCD@?$HM?$HM@ 0000000140012e14     libvcruntime:undname.obj
 0002:00000e18       ??_C@_02FPIMKNGF@?$CK?$DN@ 0000000140012e18     libvcruntime:undname.obj
 0002:00000e1c       ??_C@_02FOEOMHFC@?$CL?$DN@ 0000000140012e1c     libvcruntime:undname.obj
 0002:00000e20       ??_C@_02FKMDLLOA@?9?$DN@   0000000140012e20     libvcruntime:undname.obj
 0002:00000e24       ??_C@_02FJEHGPIO@?1?$DN@   0000000140012e24     libvcruntime:undname.obj
 0002:00000e28       ??_C@_02FENAOKFI@?$CF?$DN@ 0000000140012e28     libvcruntime:undname.obj
 0002:00000e2c       ??_C@_03IKFCCPFF@?$DO?$DO?$DN@ 0000000140012e2c     libvcruntime:undname.obj
 0002:00000e30       ??_C@_03CDNPDDLA@?$DM?$DM?$DN@ 0000000140012e30     libvcruntime:undname.obj
 0002:00000e34       ??_C@_02FGJGFEAB@?$CG?$DN@ 0000000140012e34     libvcruntime:undname.obj
 0002:00000e38       ??_C@_02DHLNPPGH@?$HM?$DN@ 0000000140012e38     libvcruntime:undname.obj
 0002:00000e3c       ??_C@_02MHEGNOJ@?$FO?$DN@  0000000140012e3c     libvcruntime:undname.obj
 0002:00000e40       ??_C@_09IFPLHPGF@?$GAvftable?8@ 0000000140012e40     libvcruntime:undname.obj
 0002:00000e50       ??_C@_09BLBHBJP@?$GAvbtable?8@ 0000000140012e50     libvcruntime:undname.obj
 0002:00000e60       ??_C@_07FEEIOKP@?$GAvcall?8@ 0000000140012e60     libvcruntime:undname.obj
 0002:00000e68       ??_C@_08LLFFHHDJ@?$GAtypeof?8@ 0000000140012e68     libvcruntime:undname.obj
 0002:00000e78       ??_C@_0BF@KDPPACIK@?$GAlocal?5static?5guard?8@ 0000000140012e78     libvcruntime:undname.obj
 0002:00000e90       ??_C@_08OBABFOLI@?$GAstring?8@ 0000000140012e90     libvcruntime:undname.obj
 0002:00000ea0       ??_C@_0BD@JDLKDPAB@?$GAvbase?5destructor?8@ 0000000140012ea0     libvcruntime:undname.obj
 0002:00000eb8       ??_C@_0BN@DEGPLNFK@?$GAvector?5deleting?5destructor?8@ 0000000140012eb8     libvcruntime:undname.obj
 0002:00000ed8       ??_C@_0BO@OBMKPJIG@?$GAdefault?5constructor?5closure?8@ 0000000140012ed8     libvcruntime:undname.obj
 0002:00000ef8       ??_C@_0BN@IMDCHIKM@?$GAscalar?5deleting?5destructor?8@ 0000000140012ef8     libvcruntime:undname.obj
 0002:00000f18       ??_C@_0BO@PFGOCPJJ@?$GAvector?5constructor?5iterator?8@ 0000000140012f18     libvcruntime:undname.obj
 0002:00000f38       ??_C@_0BN@LFPFMEDL@?$GAvector?5destructor?5iterator?8@ 0000000140012f38     libvcruntime:undname.obj
 0002:00000f58       ??_C@_0CE@IKBNEHA@?$GAvector?5vbase?5constructor?5itera@ 0000000140012f58     libvcruntime:undname.obj
 0002:00000f80       ??_C@_0BL@NILFHHPC@?$GAvirtual?5displacement?5map?8@ 0000000140012f80     libvcruntime:undname.obj
 0002:00000fa0       ??_C@_0CB@JONCMFFK@?$GAeh?5vector?5constructor?5iterator@ 0000000140012fa0     libvcruntime:undname.obj
 0002:00000fc8       ??_C@_0CA@GCEOPDGL@?$GAeh?5vector?5destructor?5iterator?8@ 0000000140012fc8     libvcruntime:undname.obj
 0002:00000fe8       ??_C@_0CH@OOJPLCPH@?$GAeh?5vector?5vbase?5constructor?5it@ 0000000140012fe8     libvcruntime:undname.obj
 0002:00001010       ??_C@_0BL@LLKPOHJI@?$GAcopy?5constructor?5closure?8@ 0000000140013010     libvcruntime:undname.obj
 0002:00001030       ??_C@_0BA@KBCDOMBN@?$GAudt?5returning?8@ 0000000140013030     libvcruntime:undname.obj
 0002:00001040       ??_C@_03KLGMFNMG@?$GAEH@   0000000140013040     libvcruntime:undname.obj
 0002:00001044       ??_C@_05KHLCHHI@?$GARTTI@  0000000140013044     libvcruntime:undname.obj
 0002:00001050       ??_C@_0BA@KKLDJDLB@?$GAlocal?5vftable?8@ 0000000140013050     libvcruntime:undname.obj
 0002:00001060       ??_C@_0CE@IIHCMGGL@?$GAlocal?5vftable?5constructor?5clos@ 0000000140013060     libvcruntime:undname.obj
 0002:00001084       ??_C@_06FHBGPFGH@?5new?$FL?$FN@ 0000000140013084     libvcruntime:undname.obj
 0002:00001090       ??_C@_09LBNFPBCA@?5delete?$FL?$FN@ 0000000140013090     libvcruntime:undname.obj
 0002:000010a0       ??_C@_0P@HJKNJFNN@?$GAomni?5callsig?8@ 00000001400130a0     libvcruntime:undname.obj
 0002:000010b0       ??_C@_0BL@CNOONJFP@?$GAplacement?5delete?5closure?8@ 00000001400130b0     libvcruntime:undname.obj
 0002:000010d0       ??_C@_0BN@CKNJLHMB@?$GAplacement?5delete?$FL?$FN?5closure?8@ 00000001400130d0     libvcruntime:undname.obj
 0002:000010f0       ??_C@_0CG@CFDHKGGD@?$GAmanaged?5vector?5constructor?5ite@ 00000001400130f0     libvcruntime:undname.obj
 0002:00001118       ??_C@_0CF@IMGKMJNO@?$GAmanaged?5vector?5destructor?5iter@ 0000000140013118     libvcruntime:undname.obj
 0002:00001140       ??_C@_0CG@HLDDJMAG@?$GAeh?5vector?5copy?5constructor?5ite@ 0000000140013140     libvcruntime:undname.obj
 0002:00001168       ??_C@_0CM@FCBBDIGB@?$GAeh?5vector?5vbase?5copy?5construct@ 0000000140013168     libvcruntime:undname.obj
 0002:00001198       ??_C@_0BL@CLIPGLGB@?$GAdynamic?5initializer?5for?5?8@ 0000000140013198     libvcruntime:undname.obj
 0002:000011b8       ??_C@_0CB@PDBIFEP@?$GAdynamic?5atexit?5destructor?5for?5@ 00000001400131b8     libvcruntime:undname.obj
 0002:000011e0       ??_C@_0CD@CGAJBKEJ@?$GAvector?5copy?5constructor?5iterat@ 00000001400131e0     libvcruntime:undname.obj
 0002:00001208       ??_C@_0CJ@GJELGAMM@?$GAvector?5vbase?5copy?5constructor?5@ 0000000140013208     libvcruntime:undname.obj
 0002:00001238       ??_C@_0CL@FGIJHLCE@?$GAmanaged?5vector?5copy?5constructo@ 0000000140013238     libvcruntime:undname.obj
 0002:00001268       ??_C@_0BM@PMGGMLDN@?$GAlocal?5static?5thread?5guard?8@ 0000000140013268     libvcruntime:undname.obj
 0002:00001288       ??_C@_0N@BDNMDMOL@operator?5?$CC?$CC?5@ 0000000140013288     libvcruntime:undname.obj
 0002:00001298       ??_C@_0BC@GGEBGALA@operator?5co_await@ 0000000140013298     libvcruntime:undname.obj
 0002:000012b0       ??_C@_0M@GAAIMMOH@operator?$DM?$DN?$DO@ 00000001400132b0     libvcruntime:undname.obj
 0002:000012c0       ??_C@_0BC@DAFEJGAK@?5Type?5Descriptor?8@ 00000001400132c0     libvcruntime:undname.obj
 0002:000012d8       ??_C@_0BM@LDKODKLH@?5Base?5Class?5Descriptor?5at?5?$CI@ 00000001400132d8     libvcruntime:undname.obj
 0002:000012f8       ??_C@_0BD@LGICGFMM@?5Base?5Class?5Array?8@ 00000001400132f8     libvcruntime:undname.obj
 0002:00001310       ??_C@_0BN@MECKDCOJ@?5Class?5Hierarchy?5Descriptor?8@ 0000000140013310     libvcruntime:undname.obj
 0002:00001330       ??_C@_0BK@CFCOFLF@?5Complete?5Object?5Locator?8@ 0000000140013330     libvcruntime:undname.obj
 0002:00001350       ??_C@_0BG@JNJLAMPM@?$GAanonymous?5namespace?8@ 0000000140013350     libvcruntime:undname.obj
 0002:00001380       ??_C@_1DM@KHCHBNEB@?$AAa?$AAp?$AAi?$AA?9?$AAm?$AAs?$AA?9?$AAw?$AAi?$AAn?$AA?9?$AAc?$AAo?$AAr?$AAe@ 0000000140013380     libvcruntime:winapi_downlevel.obj
 0002:000013c0       ??_C@_1DK@LPPGFMPP@?$AAa?$AAp?$AAi?$AA?9?$AAm?$AAs?$AA?9?$AAw?$AAi?$AAn?$AA?9?$AAc?$AAo?$AAr?$AAe@ 00000001400133c0     libvcruntime:winapi_downlevel.obj
 0002:00001400       ??_C@_1BC@GDMECMAK@?$AAk?$AAe?$AAr?$AAn?$AAe?$AAl?$AA3?$AA2@ 0000000140013400     libvcruntime:winapi_downlevel.obj
 0002:00001418       ??_C@_1BA@PFFKHIOG@?$AAa?$AAp?$AAi?$AA?9?$AAm?$AAs?$AA?9@ 0000000140013418     libvcruntime:winapi_downlevel.obj
 0002:00001430       ??_C@_08KNHFBNJ@FlsAlloc@  0000000140013430     libvcruntime:winapi_downlevel.obj
 0002:00001448       ??_C@_07PEJMOBNF@FlsFree@  0000000140013448     libvcruntime:winapi_downlevel.obj
 0002:00001458       ??_C@_0M@GDNOONDI@FlsGetValue@ 0000000140013458     libvcruntime:winapi_downlevel.obj
 0002:00001470       ??_C@_0M@JCPCPOEF@FlsSetValue@ 0000000140013470     libvcruntime:winapi_downlevel.obj
 0002:00001488       ??_C@_0BM@HCFOFFN@InitializeCriticalSectionEx@ 0000000140013488     libvcruntime:winapi_downlevel.obj
 0002:00001550       ??_7exception@std@@6B@     0000000140013550     libvcruntime:frame.obj
 0002:00001560       ??_C@_0BC@EOODALEL@Unknown?5exception@ 0000000140013560     libvcruntime:frame.obj
 0002:00001580       ??_7bad_exception@std@@6B@ 0000000140013580     libvcruntime:frame.obj
 0002:00001590       ??_C@_0O@DPKOEFFH@bad?5exception@ 0000000140013590     libvcruntime:frame.obj
 0002:000016d0       __acrt_exception_action_table 00000001400136d0     libucrt:exception_filter.obj
 0002:00001790       __acrt_signal_action_table_count 0000000140013790     libucrt:exception_filter.obj
 0002:00001798       __acrt_signal_action_first_fpe_index 0000000140013798     libucrt:exception_filter.obj
 0002:000017a0       __acrt_signal_action_fpe_count 00000001400137a0     libucrt:exception_filter.obj
 0002:00001820       ??_C@_1BI@BGOHAHKC@?$AAm?$AAs?$AAc?$AAo?$AAr?$AAe?$AAe?$AA?4?$AAd?$AAl?$AAl@ 0000000140013820     libucrt:exit.obj
 0002:00001838       ??_C@_0P@MIGLKIOC@CorExitProcess@ 0000000140013838     libucrt:exit.obj
 0002:00001970       __Lcosfarray               0000000140013970     libucrt:lsincosf_array.obj
 0002:000019a0       __Lsinfarray               00000001400139a0     libucrt:lsincosf_array.obj
 0002:000019c0       __L_2_by_pi_bits           00000001400139c0     libucrt:l2_by_pi_bits.obj
 0002:00001b10       ??_C@_04LAGPAAHP@sinf@     0000000140013b10     libucrt:sincos_special.obj
 0002:00001ca8       ??_C@_1M@HPNHIDJI@?$AAj?$AAa?$AA?9?$AAJ?$AAP@ 0000000140013ca8     libucrt:mbctype.obj
 0002:00001cb8       ??_C@_1M@BIBDDEMK@?$AAz?$AAh?$AA?9?$AAC?$AAN@ 0000000140013cb8     libucrt:mbctype.obj
 0002:00001cc8       ??_C@_1M@JLOOOEGK@?$AAk?$AAo?$AA?9?$AAK?$AAR@ 0000000140013cc8     libucrt:mbctype.obj
 0002:00001cd8       ??_C@_1M@CLNBBOPM@?$AAz?$AAh?$AA?9?$AAT?$AAW@ 0000000140013cd8     libucrt:mbctype.obj
 0002:00001cf0       __lc_time_c                0000000140013cf0     libucrt:nlsdata.obj
 0002:00001fb0       ??_C@_03KOEHGMDN@Sun@      0000000140013fb0     libucrt:nlsdata.obj
 0002:00001fb4       ??_C@_03PDAGKDH@Mon@       0000000140013fb4     libucrt:nlsdata.obj
 0002:00001fb8       ??_C@_03NAGEINEP@Tue@      0000000140013fb8     libucrt:nlsdata.obj
 0002:00001fbc       ??_C@_03MHOMLAJA@Wed@      0000000140013fbc     libucrt:nlsdata.obj
 0002:00001fc0       ??_C@_03IOFIKPDN@Thu@      0000000140013fc0     libucrt:nlsdata.obj
 0002:00001fc4       ??_C@_03IDIOELNC@Fri@      0000000140013fc4     libucrt:nlsdata.obj
 0002:00001fc8       ??_C@_03FEFJNEK@Sat@       0000000140013fc8     libucrt:nlsdata.obj
 0002:00001fcc       ??_C@_06OOPIFAJ@Sunday@    0000000140013fcc     libucrt:nlsdata.obj
 0002:00001fd4       ??_C@_06JLEDEDGH@Monday@   0000000140013fd4     libucrt:nlsdata.obj
 0002:00001fe0       ??_C@_07BAAGCFCM@Tuesday@  0000000140013fe0     libucrt:nlsdata.obj
 0002:00001fe8       ??_C@_09DLIGFAKA@Wednesday@ 0000000140013fe8     libucrt:nlsdata.obj
 0002:00001ff8       ??_C@_08HACCIKIA@Thursday@ 0000000140013ff8     libucrt:nlsdata.obj
 0002:00002004       ??_C@_06JECMNKMI@Friday@   0000000140014004     libucrt:nlsdata.obj
 0002:00002010       ??_C@_08INBOOONO@Saturday@ 0000000140014010     libucrt:nlsdata.obj
 0002:0000201c       ??_C@_03JIHJHPIE@Jan@      000000014001401c     libucrt:nlsdata.obj
 0002:00002020       ??_C@_03HJBDCHOM@Feb@      0000000140014020     libucrt:nlsdata.obj
 0002:00002024       ??_C@_03ODNJBKGA@Mar@      0000000140014024     libucrt:nlsdata.obj
 0002:00002028       ??_C@_03LEOLGMJP@Apr@      0000000140014028     libucrt:nlsdata.obj
 0002:0000202c       ??_C@_03CNMDKL@May@        000000014001402c     libucrt:nlsdata.obj
 0002:00002030       ??_C@_03IDFGHECI@Jun@      0000000140014030     libucrt:nlsdata.obj
 0002:00002034       ??_C@_03LBGABGKK@Jul@      0000000140014034     libucrt:nlsdata.obj
 0002:00002038       ??_C@_03IFJFEIGA@Aug@      0000000140014038     libucrt:nlsdata.obj
 0002:0000203c       ??_C@_03GGCAPAJC@Sep@      000000014001403c     libucrt:nlsdata.obj
 0002:00002040       ??_C@_03BMAOKBAD@Oct@      0000000140014040     libucrt:nlsdata.obj
 0002:00002044       ??_C@_03JPJOFNIA@Nov@      0000000140014044     libucrt:nlsdata.obj
 0002:00002048       ??_C@_03MKABNOCG@Dec@      0000000140014048     libucrt:nlsdata.obj
 0002:00002050       ??_C@_07CGJPFGJA@January@  0000000140014050     libucrt:nlsdata.obj
 0002:00002058       ??_C@_08GNJGEPFN@February@ 0000000140014058     libucrt:nlsdata.obj
 0002:00002064       ??_C@_05HPCKOFNC@March@    0000000140014064     libucrt:nlsdata.obj
 0002:0000206c       ??_C@_05DMJDNLEJ@April@    000000014001406c     libucrt:nlsdata.obj
 0002:00002074       ??_C@_04CNLMGBGM@June@     0000000140014074     libucrt:nlsdata.obj
 0002:0000207c       ??_C@_04MIEPOIFP@July@     000000014001407c     libucrt:nlsdata.obj
 0002:00002084       ??_C@_06LBBHFDDG@August@   0000000140014084     libucrt:nlsdata.obj
 0002:00002090       ??_C@_09BHHEALKD@September@ 0000000140014090     libucrt:nlsdata.obj
 0002:000020a0       ??_C@_07JJNFCEND@October@  00000001400140a0     libucrt:nlsdata.obj
 0002:000020a8       ??_C@_08HCHEGEOA@November@ 00000001400140a8     libucrt:nlsdata.obj
 0002:000020b8       ??_C@_08EDHMEBNP@December@ 00000001400140b8     libucrt:nlsdata.obj
 0002:000020c4       ??_C@_02DEDBPAFC@AM@       00000001400140c4     libucrt:nlsdata.obj
 0002:000020c8       ??_C@_02CJNFDJBF@PM@       00000001400140c8     libucrt:nlsdata.obj
 0002:000020d0       ??_C@_08BPBNCDIB@MM?1dd?1yy@ 00000001400140d0     libucrt:nlsdata.obj
 0002:000020e0       ??_C@_0BE@CKGJFCPC@dddd?0?5MMMM?5dd?0?5yyyy@ 00000001400140e0     libucrt:nlsdata.obj
 0002:000020f8       ??_C@_08JCCMCCIL@HH?3mm?3ss@ 00000001400140f8     libucrt:nlsdata.obj
 0002:00002108       ??_C@_17MBGCMIPB@?$AAS?$AAu?$AAn@ 0000000140014108     libucrt:nlsdata.obj
 0002:00002110       ??_C@_17KBOMKBF@?$AAM?$AAo?$AAn@ 0000000140014110     libucrt:nlsdata.obj
 0002:00002118       ??_C@_17BMKGEGOJ@?$AAT?$AAu?$AAe@ 0000000140014118     libucrt:nlsdata.obj
 0002:00002120       ??_C@_17CJEDCEPE@?$AAW?$AAe?$AAd@ 0000000140014120     libucrt:nlsdata.obj
 0002:00002128       ??_C@_17PDPHAADD@?$AAT?$AAh?$AAu@ 0000000140014128     libucrt:nlsdata.obj
 0002:00002130       ??_C@_17HFOLPPLP@?$AAF?$AAr?$AAi@ 0000000140014130     libucrt:nlsdata.obj
 0002:00002138       ??_C@_17GGIBDPIH@?$AAS?$AAa?$AAt@ 0000000140014138     libucrt:nlsdata.obj
 0002:00002140       ??_C@_1O@IHNHDHPB@?$AAS?$AAu?$AAn?$AAd?$AAa?$AAy@ 0000000140014140     libucrt:nlsdata.obj
 0002:00002150       ??_C@_1O@MMNBFLIA@?$AAM?$AAo?$AAn?$AAd?$AAa?$AAy@ 0000000140014150     libucrt:nlsdata.obj
 0002:00002160       ??_C@_1BA@ENFBFFEK@?$AAT?$AAu?$AAe?$AAs?$AAd?$AAa?$AAy@ 0000000140014160     libucrt:nlsdata.obj
 0002:00002170       ??_C@_1BE@EBOGMDOH@?$AAW?$AAe?$AAd?$AAn?$AAe?$AAs?$AAd?$AAa?$AAy@ 0000000140014170     libucrt:nlsdata.obj
 0002:00002188       ??_C@_1BC@HHMNLIHE@?$AAT?$AAh?$AAu?$AAr?$AAs?$AAd?$AAa?$AAy@ 0000000140014188     libucrt:nlsdata.obj
 0002:000021a0       ??_C@_1O@PDICJHAG@?$AAF?$AAr?$AAi?$AAd?$AAa?$AAy@ 00000001400141a0     libucrt:nlsdata.obj
 0002:000021b0       ??_C@_1BC@ENMNNPAJ@?$AAS?$AAa?$AAt?$AAu?$AAr?$AAd?$AAa?$AAy@ 00000001400141b0     libucrt:nlsdata.obj
 0002:000021c8       ??_C@_17DKNBKCHM@?$AAJ?$AAa?$AAn@ 00000001400141c8     libucrt:nlsdata.obj
 0002:000021d0       ??_C@_17LMDJEKJN@?$AAF?$AAe?$AAb@ 00000001400141d0     libucrt:nlsdata.obj
 0002:000021d8       ??_C@_17CKNLEDEC@?$AAM?$AAa?$AAr@ 00000001400141d8     libucrt:nlsdata.obj
 0002:000021e0       ??_C@_17LFPOIHDD@?$AAA?$AAp?$AAr@ 00000001400141e0     libucrt:nlsdata.obj
 0002:000021e8       ??_C@_17PNNKMEED@?$AAM?$AAa?$AAy@ 00000001400141e8     libucrt:nlsdata.obj
 0002:000021f0       ??_C@_17KCJGOCPB@?$AAJ?$AAu?$AAn@ 00000001400141f0     libucrt:nlsdata.obj
 0002:000021f8       ??_C@_17IJPCKHK@?$AAJ?$AAu?$AAl@ 00000001400141f8     libucrt:nlsdata.obj
 0002:00002200       ??_C@_17ICPELBCN@?$AAA?$AAu?$AAg@ 0000000140014200     libucrt:nlsdata.obj
 0002:00002208       ??_C@_17HCHCOKMG@?$AAS?$AAe?$AAp@ 0000000140014208     libucrt:nlsdata.obj
 0002:00002210       ??_C@_17FNLKOI@?$AAO?$AAc?$AAt@ 0000000140014210     libucrt:nlsdata.obj
 0002:00002218       ??_C@_17BBDMLCIG@?$AAN?$AAo?$AAv@ 0000000140014218     libucrt:nlsdata.obj
 0002:00002220       ??_C@_17EGKACKIF@?$AAD?$AAe?$AAc@ 0000000140014220     libucrt:nlsdata.obj
 0002:00002228       ??_C@_1BA@EFMEIEBA@?$AAJ?$AAa?$AAn?$AAu?$AAa?$AAr?$AAy@ 0000000140014228     libucrt:nlsdata.obj
 0002:00002238       ??_C@_1BC@JGDDFFAM@?$AAF?$AAe?$AAb?$AAr?$AAu?$AAa?$AAr?$AAy@ 0000000140014238     libucrt:nlsdata.obj
 0002:00002250       ??_C@_1M@IKEENEDF@?$AAM?$AAa?$AAr?$AAc?$AAh@ 0000000140014250     libucrt:nlsdata.obj
 0002:00002260       ??_C@_1M@GJNLMHFD@?$AAA?$AAp?$AAr?$AAi?$AAl@ 0000000140014260     libucrt:nlsdata.obj
 0002:00002270       ??_C@_19EPFLPGAP@?$AAJ?$AAu?$AAn?$AAe@ 0000000140014270     libucrt:nlsdata.obj
 0002:00002280       ??_C@_19BIFMLPCD@?$AAJ?$AAu?$AAl?$AAy@ 0000000140014280     libucrt:nlsdata.obj
 0002:00002290       ??_C@_1O@PAHLKOAC@?$AAA?$AAu?$AAg?$AAu?$AAs?$AAt@ 0000000140014290     libucrt:nlsdata.obj
 0002:000022a0       ??_C@_1BE@DKAAMBJL@?$AAS?$AAe?$AAp?$AAt?$AAe?$AAm?$AAb?$AAe?$AAr@ 00000001400142a0     libucrt:nlsdata.obj
 0002:000022b8       ??_C@_1BA@EPANDLNG@?$AAO?$AAc?$AAt?$AAo?$AAb?$AAe?$AAr@ 00000001400142b8     libucrt:nlsdata.obj
 0002:000022c8       ??_C@_1BC@BGLIFPF@?$AAN?$AAo?$AAv?$AAe?$AAm?$AAb?$AAe?$AAr@ 00000001400142c8     libucrt:nlsdata.obj
 0002:000022e0       ??_C@_1BC@FEMKIFH@?$AAD?$AAe?$AAc?$AAe?$AAm?$AAb?$AAe?$AAr@ 00000001400142e0     libucrt:nlsdata.obj
 0002:000022f4       ??_C@_15ODEHAHHF@?$AAA?$AAM@ 00000001400142f4     libucrt:nlsdata.obj
 0002:000022fc       ??_C@_15CLMNNGEL@?$AAP?$AAM@ 00000001400142fc     libucrt:nlsdata.obj
 0002:00002308       ??_C@_1BC@IEBCMHCM@?$AAM?$AAM?$AA?1?$AAd?$AAd?$AA?1?$AAy?$AAy@ 0000000140014308     libucrt:nlsdata.obj
 0002:00002320       ??_C@_1CI@KNAKOEBC@?$AAd?$AAd?$AAd?$AAd?$AA?0?$AA?5?$AAM?$AAM?$AAM?$AAM?$AA?5?$AAd?$AAd?$AA?0?$AA?5@ 0000000140014320     libucrt:nlsdata.obj
 0002:00002348       ??_C@_1BC@GDGBMEMK@?$AAH?$AAH?$AA?3?$AAm?$AAm?$AA?3?$AAs?$AAs@ 0000000140014348     libucrt:nlsdata.obj
 0002:00002360       ??_C@_1M@BMHNFIME@?$AAe?$AAn?$AA?9?$AAU?$AAS@ 0000000140014360     libucrt:nlsdata.obj
 0002:00002370       __newctype                 0000000140014370     libucrt:ctype.obj
 0002:00002670       __newclmap                 0000000140014670     libucrt:ctype.obj
 0002:000027f0       __newcumap                 00000001400147f0     libucrt:ctype.obj
 0002:00002970       ??_C@_15PJPFLCCM@?$AAu?$AAk@ 0000000140014970     libucrt:get_qualified_locale.obj
 0002:00002a40       ??_C@_1EA@JGEFHKEI@?$AAa?$AAp?$AAi?$AA?9?$AAm?$AAs?$AA?9?$AAw?$AAi?$AAn?$AA?9?$AAc?$AAo?$AAr?$AAe@ 0000000140014a40     libucrt:winapi_thunks.obj
 0002:00002a80       ??_C@_1DM@LFJCLCKP@?$AAa?$AAp?$AAi?$AA?9?$AAm?$AAs?$AA?9?$AAw?$AAi?$AAn?$AA?9?$AAc?$AAo?$AAr?$AAe@ 0000000140014a80     libucrt:winapi_thunks.obj
 0002:00002ac0       ??_C@_1DI@KMEPCBPN@?$AAa?$AAp?$AAi?$AA?9?$AAm?$AAs?$AA?9?$AAw?$AAi?$AAn?$AA?9?$AAc?$AAo?$AAr?$AAe@ 0000000140014ac0     libucrt:winapi_thunks.obj
 0002:00002af8       ??_C@_1DI@IJCEHOCB@?$AAa?$AAp?$AAi?$AA?9?$AAm?$AAs?$AA?9?$AAw?$AAi?$AAn?$AA?9?$AAc?$AAo?$AAr?$AAe@ 0000000140014af8     libucrt:winapi_thunks.obj
 0002:00002b30       ??_C@_1DI@FFFOPEOO@?$AAa?$AAp?$AAi?$AA?9?$AAm?$AAs?$AA?9?$AAw?$AAi?$AAn?$AA?9?$AAc?$AAo?$AAr?$AAe@ 0000000140014b30     libucrt:winapi_thunks.obj
 0002:00002b70       ??_C@_1EI@MPIAOHOC@?$AAa?$AAp?$AAi?$AA?9?$AAm?$AAs?$AA?9?$AAw?$AAi?$AAn?$AA?9?$AAc?$AAo?$AAr?$AAe@ 0000000140014b70     libucrt:winapi_thunks.obj
 0002:00002bc0       ??_C@_1FK@FPHCKFIE@?$AAa?$AAp?$AAi?$AA?9?$AAm?$AAs?$AA?9?$AAw?$AAi?$AAn?$AA?9?$AAc?$AAo?$AAr?$AAe@ 0000000140014bc0     libucrt:winapi_thunks.obj
 0002:00002c20       ??_C@_1EM@DILCGIIO@?$AAa?$AAp?$AAi?$AA?9?$AAm?$AAs?$AA?9?$AAw?$AAi?$AAn?$AA?9?$AAc?$AAo?$AAr?$AAe@ 0000000140014c20     libucrt:winapi_thunks.obj
 0002:00002c70       ??_C@_1DM@LNCGDDPN@?$AAa?$AAp?$AAi?$AA?9?$AAm?$AAs?$AA?9?$AAw?$AAi?$AAn?$AA?9?$AAc?$AAo?$AAr?$AAe@ 0000000140014c70     libucrt:winapi_thunks.obj
 0002:00002cb0       ??_C@_1DO@FPAPJEMD@?$AAa?$AAp?$AAi?$AA?9?$AAm?$AAs?$AA?9?$AAw?$AAi?$AAn?$AA?9?$AAc?$AAo?$AAr?$AAe@ 0000000140014cb0     libucrt:winapi_thunks.obj
 0002:00002cf0       ??_C@_1DK@NDHNAHIO@?$AAa?$AAp?$AAi?$AA?9?$AAm?$AAs?$AA?9?$AAw?$AAi?$AAn?$AA?9?$AAc?$AAo?$AAr?$AAe@ 0000000140014cf0     libucrt:winapi_thunks.obj
 0002:00002d30       ??_C@_1DM@KGHDGBCM@?$AAa?$AAp?$AAi?$AA?9?$AAm?$AAs?$AA?9?$AAw?$AAi?$AAn?$AA?9?$AAc?$AAo?$AAr?$AAe@ 0000000140014d30     libucrt:winapi_thunks.obj
 0002:00002d70       ??_C@_1EO@IJIOEFOH@?$AAa?$AAp?$AAi?$AA?9?$AAm?$AAs?$AA?9?$AAw?$AAi?$AAn?$AA?9?$AAr?$AAt?$AAc?$AAo@ 0000000140014d70     libucrt:winapi_thunks.obj
 0002:00002dc0       ??_C@_1FG@HHGEKANL@?$AAa?$AAp?$AAi?$AA?9?$AAm?$AAs?$AA?9?$AAw?$AAi?$AAn?$AA?9?$AAs?$AAe?$AAc?$AAu@ 0000000140014dc0     libucrt:winapi_thunks.obj
 0002:00002e20       ??_C@_1EG@DBIOJECG@?$AAe?$AAx?$AAt?$AA?9?$AAm?$AAs?$AA?9?$AAw?$AAi?$AAn?$AA?9?$AAn?$AAt?$AAu?$AAs@ 0000000140014e20     libucrt:winapi_thunks.obj
 0002:00002e70       ??_C@_1EO@FIHMJCLF@?$AAe?$AAx?$AAt?$AA?9?$AAm?$AAs?$AA?9?$AAw?$AAi?$AAn?$AA?9?$AAn?$AAt?$AAu?$AAs@ 0000000140014e70     libucrt:winapi_thunks.obj
 0002:00002ec0       ??_C@_1BC@DNHGCMLG@?$AAa?$AAd?$AAv?$AAa?$AAp?$AAi?$AA3?$AA2@ 0000000140014ec0     libucrt:winapi_thunks.obj
 0002:00002ed8       ??_C@_1BG@CJPGBMEF@?$AAk?$AAe?$AAr?$AAn?$AAe?$AAl?$AAb?$AAa?$AAs?$AAe@ 0000000140014ed8     libucrt:winapi_thunks.obj
 0002:00002ef0       ??_C@_1M@OAIMIKLP@?$AAn?$AAt?$AAd?$AAl?$AAl@ 0000000140014ef0     libucrt:winapi_thunks.obj
 0002:00002f00       ??_C@_1EG@DPGNFKGC@?$AAa?$AAp?$AAi?$AA?9?$AAm?$AAs?$AA?9?$AAw?$AAi?$AAn?$AA?9?$AAa?$AAp?$AAp?$AAm@ 0000000140014f00     libucrt:winapi_thunks.obj
 0002:00002f48       ??_C@_1O@BCCLBEOE@?$AAu?$AAs?$AAe?$AAr?$AA3?$AA2@ 0000000140014f48     libucrt:winapi_thunks.obj
 0002:00002f58       ??_C@_1BA@IAIFMGEF@?$AAe?$AAx?$AAt?$AA?9?$AAm?$AAs?$AA?9@ 0000000140014f58     libucrt:winapi_thunks.obj
 0002:00002f70       ??_C@_0BA@FHFNEAED@AreFileApisANSI@ 0000000140014f70     libucrt:winapi_thunks.obj
 0002:00002f88       ??_C@_0N@MFBBDCAC@FlsGetValue2@ 0000000140014f88     libucrt:winapi_thunks.obj
 0002:00002fa0       ??_C@_0O@KKBNKAPF@LCMapStringEx@ 0000000140014fa0     libucrt:winapi_thunks.obj
 0002:00002fb8       ??_C@_0BB@HBDEELFH@LocaleNameToLCID@ 0000000140014fb8     libucrt:winapi_thunks.obj
 0002:00002fd0       ??_C@_0CF@OJOFEIGO@AppPolicyGetProcessTerminationM@ 0000000140014fd0     libucrt:winapi_thunks.obj
 0002:00003e40       ??_C@_15EMKDOKLE@?$AAa?$AAr@ 0000000140015e40     libucrt:lcidtoname_downlevel.obj
 0002:00003e48       ??_C@_15KNPADPLH@?$AAb?$AAg@ 0000000140015e48     libucrt:lcidtoname_downlevel.obj
 0002:00003e50       ??_C@_15EDMHLDMO@?$AAc?$AAa@ 0000000140015e50     libucrt:lcidtoname_downlevel.obj
 0002:00003e58       ??_C@_1O@BPEAJADD@?$AAz?$AAh?$AA?9?$AAC?$AAH?$AAS@ 0000000140015e58     libucrt:lcidtoname_downlevel.obj
[...]
 0002:00008e14       $unwind$__acrt_locale_free_lc_time_if_unreferenced 000000014001ae14     libucrt:locale_refcounting.obj
 0002:00008e1c       $unwind$?construct_ptd_array@@YAXQEAU__acrt_ptd@@@Z 000000014001ae1c     libucrt:per_thread_data.obj
 0002:00008e24       $unwind$?destroy_ptd_array@@YAXQEAU__acrt_ptd@@@Z 000000014001ae24     libucrt:per_thread_data.obj
 0002:00008e2c       $unwind$??$?RV<lambda_0ae27a3a962d80f24befdcbee591983d>@@AEAV<lambda_8d0ee55de4b1038c4002e0adecdf1839>@@V<lambda_dc504788e8f1664fe9b84e20bfb512f2>@@@?$__crt_seh_guarded_call@X@@QEAAX$$QEAV<lambda_0ae27a3a962d80f24befdcbee591983d>@@AEAV<lambda_8d0ee55de4b1038c4002e0adecdf1839>@@$$QEAV<lambda_dc504788e8f1664fe9b84e20bfb512f2>@@@Z 000000014001ae2c     libucrt:per_thread_data.obj
 0002:00008e50       $unwind$??$?RV<lambda_aa87e3671a710a21b5dc78c0bdf72e11>@@AEAV<lambda_92619d2358a28f41a33ba319515a20b9>@@V<lambda_6992ecaafeb10aed2b74cb1fae11a551>@@@?$__crt_seh_guarded_call@X@@QEAAX$$QEAV<lambda_aa87e3671a710a21b5dc78c0bdf72e11>@@AEAV<lambda_92619d2358a28f41a33ba319515a20b9>@@$$QEAV<lambda_6992ecaafeb10aed2b74cb1fae11a551>@@@Z 000000014001ae50     libucrt:per_thread_data.obj
 0002:00008e74       $unwind$??$?RV<lambda_f2e299630e499de9f9a165e60fcd3db5>@@AEAV<lambda_2ae9d31cdba2644fcbeaf08da7c24588>@@V<lambda_40d01ff24d0e7b3814fdbdcee8eab3c7>@@@?$__crt_seh_guarded_call@X@@QEAAX$$QEAV<lambda_f2e299630e499de9f9a165e60fcd3db5>@@AEAV<lambda_2ae9d31cdba2644fcbeaf08da7c24588>@@$$QEAV<lambda_40d01ff24d0e7b3814fdbdcee8eab3c7>@@@Z 000000014001ae74     libucrt:per_thread_data.obj
 0002:00008e98       $unwind$??$?RV<lambda_2d41944a1d46af3157314b8a01080d33>@@AEAV<lambda_8f455de75cd7d7f24b4096f044d8b9e6>@@V<lambda_aa500f224e6afead328df44964fe2772>@@@?$__crt_seh_guarded_call@X@@QEAAX$$QEAV<lambda_2d41944a1d46af3157314b8a01080d33>@@AEAV<lambda_8f455de75cd7d7f24b4096f044d8b9e6>@@$$QEAV<lambda_aa500f224e6afead328df44964fe2772>@@@Z 000000014001ae98     libucrt:per_thread_data.obj
 0002:00008ec0       $unwind$_invalid_parameter_noinfo 000000014001aec0     libucrt:invalid_parameter.obj
 0002:00008ec8       $unwind$__acrt_call_reportfault 000000014001aec8     libucrt:invalid_parameter.obj
 0002:00008ee8       $unwind$??$common_lseek_nolock@_J@@YA_JH_JHAEAV__crt_cached_ptd_host@@@Z 000000014001aee8     libucrt:lseek.obj
 0002:00008ee8       $unwind$_invalid_parameter_internal 000000014001aee8     libucrt:invalid_parameter.obj
 0002:00008efc       $unwind$?get_raw_ptd_noexit@__crt_cached_ptd_host@@QEAAPEAU__acrt_ptd@@XZ 000000014001aefc     libucrt:invalid_parameter.obj
 0002:00008f0c       $unwind$_invalid_parameter 000000014001af0c     libucrt:invalid_parameter.obj
 0002:00008f18       $unwind$__acrt_errno_from_os_error 000000014001af18     libucrt:errno.obj
 0002:00008f28       $unwind$_calloc_base       000000014001af28     libucrt:calloc_base.obj
 0002:00008f30       $unwind$_free_base         000000014001af30     libucrt:free_base.obj
 0002:00008f38       $unwind$??$common_expand_argv_wildcards@D@@YAHQEAPEADQEAPEAPEAD@Z 000000014001af38     libucrt:argv_wildcards.obj
 0002:00008f50       $unwind$__dcrt_get_narrow_environment_from_os 000000014001af50     libucrt:get_environment_from_os.obj
 0002:00008f50       $unwind$??$__acrt_convert_wcs_mbs_cp@_WDV<lambda_d8593a27d1aa8c02be35c86a17d324c4>@@U__crt_win32_buffer_internal_dynamic_resizing@@@@YAHQEB_WAEAV?$__crt_win32_buffer@DU__crt_win32_buffer_internal_dynamic_resizing@@@@AEBV<lambda_d8593a27d1aa8c02be35c86a17d324c4>@@I@Z 000000014001af50     libucrt:argv_wildcards.obj
 0002:00008f68       $unwind$??$copy_and_add_argument_to_buffer@D@@YAHQEBD0_KAEAV?$argument_list@D@?A0x5f5c8891@@@Z 000000014001af68     libucrt:argv_wildcards.obj
 0002:00008f84       $unwind$??$expand_argument_wildcards@D@@YAHQEAD0AEAV?$argument_list@D@?A0x5f5c8891@@@Z 000000014001af84     libucrt:argv_wildcards.obj
 0002:00008fa4       $unwind$__acrt_GetModuleFileNameA 000000014001afa4     libucrt:getmodulefilenamea.obj
 0002:00008fc0       $unwind$__dcrt_write_console 000000014001afc0     libucrt:initcon.obj
 0002:00008fc0       $unwind$??$__acrt_convert_wcs_mbs_cp@_WDV<lambda_f788ae46380686e8b737efdd8c720d07>@@U__crt_win32_buffer_no_resizing@@@@YAHQEB_WAEAV?$__crt_win32_buffer@DU__crt_win32_buffer_no_resizing@@@@AEBV<lambda_f788ae46380686e8b737efdd8c720d07>@@I@Z 000000014001afc0     libucrt:getmodulefilenamea.obj
 0002:00008fd4       $unwind$_setmbcp_nolock    000000014001afd4     libucrt:mbctype.obj
 0002:00008ff4       $unwind$__dcrt_lowio_ensure_console_output_initialized 000000014001aff4     libucrt:initcon.obj
 0002:00008ff4       $unwind$?__mbrtowc_utf8@__crt_mbstring@@YA_KPEA_WPEBD_KPEAU_Mbstatet@@AEAV__crt_cached_ptd_host@@@Z 000000014001aff4     libucrt:mbrtowc.obj
 0002:00008ff4       $unwind$?getSystemCP@@YAHH@Z 000000014001aff4     libucrt:mbctype.obj
 0002:00008ffc       $unwind$?update_thread_multibyte_data_internal@@YAPEAU__crt_multibyte_data@@QEAU__acrt_ptd@@QEAPEAU1@@Z 000000014001affc     libucrt:mbctype.obj
 0002:00009024       $unwind$?setmbcp_internal@@YAHH_NQEAU__acrt_ptd@@QEAPEAU__crt_multibyte_data@@@Z 000000014001b024     libucrt:mbctype.obj
 0002:0000903c       $unwind$?setSBUpLow@@YAXPEAU__crt_multibyte_data@@@Z 000000014001b03c     libucrt:mbctype.obj
 0002:00009058       $unwind$??$?RV<lambda_efdfa57d1f175319df784efa44bb7b81>@@AEAV<lambda_5f0a4c1567f8adc6734073e5d1e1b35c>@@V<lambda_2e8a7d3640ea6ccb4c2413664c2db6fd>@@@?$__crt_seh_guarded_call@X@@QEAAX$$QEAV<lambda_efdfa57d1f175319df784efa44bb7b81>@@AEAV<lambda_5f0a4c1567f8adc6734073e5d1e1b35c>@@$$QEAV<lambda_2e8a7d3640ea6ccb4c2413664c2db6fd>@@@Z 000000014001b058     libucrt:mbctype.obj
 0002:0000907c       $unwind$?x_ismbbtype_l@@YAHPEAU__crt_locale_pointers@@IHH@Z 000000014001b07c     libucrt:ismbbyte.obj
 0002:0000908c       $unwind$__acrt_WideCharToMultiByte 000000014001b08c     libucrt:widechartomultibyte.obj
 0002:00009098       $unwind$_free_osfhnd       000000014001b098     libucrt:osfinfo.obj
 0002:000090ac       $unwind$__acrt_lowio_destroy_handle_array 000000014001b0ac     libucrt:osfinfo.obj
 0002:000090bc       $unwind$__acrt_lowio_ensure_fh_exists 000000014001b0bc     libucrt:osfinfo.obj
 0002:000090e8       $unwind$__acrt_initialize_lowio 000000014001b0e8     libucrt:ioinit.obj
 0002:00009108       $unwind$?initialize_inherited_file_handles_nolock@@YAXXZ 000000014001b108     libucrt:ioinit.obj
 0002:00009124       $unwind$__GSHandlerCheck_EH 000000014001b124     LIBCMT:gshandlereh.obj
 0002:00009124       $unwind$?initialize_stdio_handles_nolock@@YAXXZ 000000014001b124     libucrt:ioinit.obj
 0002:00009124       $unwind$__acrt_initialize_stdio 000000014001b124     libucrt:_file.obj
 0002:0000913c       $unwind$__acrt_locale_free_monetary 000000014001b13c     libucrt:initmon.obj
 0002:00009144       $unwind$__acrt_locale_free_time 000000014001b144     libucrt:inittime.obj
 0002:00009154       $unwind$_malloc_base       000000014001b154     libucrt:malloc_base.obj
 0002:0000915c       $unwind$__acrt_GetStringTypeA 000000014001b15c     libucrt:getstringtypea.obj
 0002:00009184       $unwind$__acrt_update_thread_locale_data 000000014001b184     libucrt:locale_refcounting.obj
 0002:000091a8       $unwind$__acrt_LCMapStringEx 000000014001b1a8     libucrt:winapi_thunks.obj
 0002:000091bc       $unwind$?try_get_function_slow@@YAPEAXW4function_id@?A0x391cf84c@@QEBDQEBW4module_id@2@2@Z 000000014001b1bc     libucrt:winapi_thunks.obj
 0002:000091d8       $unwind$_recalloc_base     000000014001b1d8     libucrt:recalloc.obj
 0002:000091ec       $unwind$__acrt_initialize_heap 000000014001b1ec     libucrt:heap_handle.obj
 0002:000091f4       $unwind$_callnewh          000000014001b1f4     libucrt:new_handler.obj
 0002:00009200       $unwind$_query_new_handler 000000014001b200     libucrt:new_handler.obj
 0002:00009220       $unwind$_query_new_handler$fin$0 000000014001b220     libucrt:new_handler.obj
 0002:00009228       $unwind$_set_new_handler   000000014001b228     libucrt:new_handler.obj
 0002:0000924c       $unwind$_set_new_handler$fin$0 000000014001b24c     libucrt:new_handler.obj
 0002:00009254       $unwind$raise              000000014001b254     libucrt:signal.obj
 0002:00009294       $unwind$??$?RV<lambda_450d765d439847d4c735a33c368b5fc0>@@AEAV<lambda_44731a7d0e6d81c3e6aa82d741081786>@@V<lambda_601a2a7da3b7a96e9554ac7215c4b07c>@@@?$__crt_seh_guarded_call@P6AXH@Z@@QEAAP6AXH@Z$$QEAV<lambda_450d765d439847d4c735a33c368b5fc0>@@AEAV<lambda_44731a7d0e6d81c3e6aa82d741081786>@@$$QEAV<lambda_601a2a7da3b7a96e9554ac7215c4b07c>@@@Z 000000014001b294     libucrt:signal.obj
 0002:000092b8       $unwind$fclose             000000014001b2b8     libucrt:fclose.obj
 0002:000092b8       $unwind$_fflush_nolock     000000014001b2b8     libucrt:fflush.obj
 0002:000092c8       $unwind$?common_flush_all@@YAH_N@Z 000000014001b2c8     libucrt:fflush.obj
 0002:000092d0       $unwind$??$?RV<lambda_842d9ff0dc9ef11c61343bbaebe7f885>@@AEAV<lambda_c5860995281e5c4ce005b3de8f5874ee>@@V<lambda_d90129c13df834fdcbf8d2b88dafcf2d>@@@?$__crt_seh_guarded_call@X@@QEAAX$$QEAV<lambda_842d9ff0dc9ef11c61343bbaebe7f885>@@AEAV<lambda_c5860995281e5c4ce005b3de8f5874ee>@@$$QEAV<lambda_d90129c13df834fdcbf8d2b88dafcf2d>@@@Z 000000014001b2d0     libucrt:fflush.obj
 0002:000092f4       $unwind$??$?RV<lambda_886d6c58226a84441f68b9f2b8217b83>@@AEAV<lambda_ab61a845afdef5b7c387490eaf3616ee>@@V<lambda_f7f22ab5edc0698d5f6905b0d3f44752>@@@?$__crt_seh_guarded_call@X@@QEAAX$$QEAV<lambda_886d6c58226a84441f68b9f2b8217b83>@@AEAV<lambda_ab61a845afdef5b7c387490eaf3616ee>@@$$QEAV<lambda_f7f22ab5edc0698d5f6905b0d3f44752>@@@Z 000000014001b2f4     libucrt:fflush.obj
 0002:0000931c       $unwind$?__mbrtoc32_utf8@__crt_mbstring@@YA_KPEA_UPEBD_KPEAU_Mbstatet@@AEAV__crt_cached_ptd_host@@@Z 000000014001b31c     libucrt:mbrtoc32.obj
 0002:00009338       $unwind$?__mbsrtowcs_utf8@__crt_mbstring@@YA_KPEA_WPEAPEBD_KPEAU_Mbstatet@@AEAV__crt_cached_ptd_host@@@Z 000000014001b338     libucrt:mbrtowc.obj
 0002:00009354       $unwind$_exception_enabled 000000014001b354     libucrt:libm_error.obj
 0002:00009368       $chain$0$_exception_enabled 000000014001b368     libucrt:libm_error.obj
 0002:0000937c       $chain$1$_exception_enabled 000000014001b37c     libucrt:libm_error.obj
 0002:0000938c       $unwind$_handle_errorf     000000014001b38c     libucrt:libm_error.obj
 0002:000093a8       $unwind$qsort              000000014001b3a8     libucrt:qsort.obj
 0002:000093c0       $chain$3$qsort             000000014001b3c0     libucrt:qsort.obj
 0002:000093e0       $chain$4$qsort             000000014001b3e0     libucrt:qsort.obj
 0002:000093f0       $unwind$strpbrk            000000014001b3f0     libucrt:strpbrk.obj
 0002:00009400       $unwind$fallbackMethod     000000014001b400     libucrt:strpbrk.obj
 0002:00009410       $unwind$_mbsdec_l          000000014001b410     libucrt:mbsdec.obj
 0002:0000941c       $unwind$__acrt_LCMapStringA 000000014001b41c     libucrt:lcmapstringa.obj
 0002:0000942c       $unwind$?__acrt_LCMapStringA_stat@@YAHPEAU__crt_locale_pointers@@PEB_WKPEBDHPEADHHH@Z 000000014001b42c     libucrt:lcmapstringa.obj
 0002:00009454       $unwind$_msize_base        000000014001b454     libucrt:msize.obj
 0002:0000945c       $unwind$_realloc_base      000000014001b45c     libucrt:realloc_base.obj
 0002:00009468       $unwind$_commit            000000014001b468     libucrt:commit.obj
 0002:00009470       $unwind$??$?RV<lambda_a37b2b86f63e897a80ea819b0eb08c01>@@AEAV<lambda_38ce7e780aa69e748d6df282ebc68efe>@@V<lambda_99fb1378e971ab6e7edea83e3a7a83a2>@@@?$__crt_seh_guarded_call@H@@QEAAH$$QEAV<lambda_a37b2b86f63e897a80ea819b0eb08c01>@@AEAV<lambda_38ce7e780aa69e748d6df282ebc68efe>@@$$QEAV<lambda_99fb1378e971ab6e7edea83e3a7a83a2>@@@Z 000000014001b470     libucrt:commit.obj
 0002:00009494       $unwind$_write_nolock      000000014001b494     libucrt:write.obj
 0002:000094ac       $unwind$_write_internal    000000014001b4ac     libucrt:write.obj
 0002:000094d8       $unwind$_write_internal$fin$0 000000014001b4d8     libucrt:write.obj
 0002:000094d8       $unwind$?fin$0@?0??_fclose_internal@@YAHQEAU_iobuf@@AEAV__crt_cached_ptd_host@@@Z@4HA 000000014001b4d8     libucrt:fclose.obj
 0002:000094e0       $unwind$?write_double_translated_ansi_nolock@@YA?AUwrite_result@?A0x17268360@@HQEBDIAEAV__crt_cached_ptd_host@@@Z 000000014001b4e0     libucrt:write.obj
 0002:00009508       $ip2state$?write_double_translated_ansi_nolock@@YA?AUwrite_result@?A0x17268360@@HQEBDIAEAV__crt_cached_ptd_host@@@Z 000000014001b508     libucrt:write.obj
 0002:00009510       $unwind$?write_text_ansi_nolock@@YA?AUwrite_result@?A0x17268360@@HQEBDI@Z 000000014001b510     libucrt:write.obj
 0002:00009510       $unwind$?write_text_utf16le_nolock@@YA?AUwrite_result@?A0x17268360@@HQEBDI@Z 000000014001b510     libucrt:write.obj
 0002:00009530       $unwind$?write_text_utf8_nolock@@YA?AUwrite_result@?A0x17268360@@HQEBDI@Z 000000014001b530     libucrt:write.obj
 0002:00009554       $unwind$_fcloseall         000000014001b554     libucrt:closeall.obj
 0002:00009578       $unwind$_ctrlfp            000000014001b578     libucrt:fpctrl.obj
 0002:00009598       $unwind$_raise_excf        000000014001b598     libucrt:fpexcept.obj
 0002:000095a0       $unwind$_raise_exc_ex      000000014001b5a0     libucrt:fpexcept.obj
 0002:000095b4       $unwind$_guard_check_icall 000000014001b5b4     libucrt:checkcfg.obj
 0002:000095c0       $unwind$_putwch_nolock     000000014001b5c0     libucrt:putwch.obj
 0002:000095c8       $unwind$?_fclose_nolock_internal@@YAHQEAU_iobuf@@AEAV__crt_cached_ptd_host@@@Z 000000014001b5c8     libucrt:fclose.obj
 0002:000095d8       $unwind$?_fclose_internal@@YAHQEAU_iobuf@@AEAV__crt_cached_ptd_host@@@Z 000000014001b5d8     libucrt:fclose.obj
 0002:00009600       $unwind$_close_internal    000000014001b600     libucrt:close.obj
 0002:00009608       $unwind$??$?RV<lambda_ad8af0d99a0adf03d037d7dffe354bb5>@@AEAV<lambda_c9ba49e555ba839a7b07aa3fbecb7617>@@V<lambda_2f1ebd5d68526518146ae959c9e734c8>@@@?$__crt_seh_guarded_call@H@@QEAAH$$QEAV<lambda_ad8af0d99a0adf03d037d7dffe354bb5>@@AEAV<lambda_c9ba49e555ba839a7b07aa3fbecb7617>@@$$QEAV<lambda_2f1ebd5d68526518146ae959c9e734c8>@@@Z 000000014001b608     libucrt:close.obj
 0002:0000962c       $unwind$_IsNonwritableInCurrentImage 000000014001b62c     LIBCMT:pesect.obj
 0002:00009650       $xdatasym                  000000014001b650     LIBCMT:chkstk.obj
 0002:00009b22       .idata$6                   000000014001bb22     user32:USER32.dll
 0002:00009b3e       .idata$6                   000000014001bb3e     Gdi32:GDI32.dll
 0002:00009d68       .idata$6                   000000014001bd68     kernel32:KERNEL32.dll
 0003:00000000       ?XInputGetStatePointer@@3P6AKKPEAU_XINPUT_STATE@@@ZEA 000000014001d000     win32_handmade_hero.obj
 0003:00000008       ?XInputSetStatePointer@@3P6AKKPEAU_XINPUT_STATE@@@ZEA 000000014001d008     win32_handmade_hero.obj
 0003:000000c0       ?__vcrt_flsindex@@3KA      000000014001d0c0     libvcruntime:per_thread_data.obj
 0003:000000e0       ?__acrt_flsindex@@3KA      000000014001d0e0     libucrt:per_thread_data.obj
 0003:000000f0       ?errno_no_memory@@3HA      000000014001d0f0     libucrt:errno.obj
 0003:000000f4       ?doserrno_no_memory@@3KA   000000014001d0f4     libucrt:errno.obj
 0003:00000330       _mbctypes                  000000014001d330     libucrt:mbctype.obj
 0003:00000440       _mbcasemaps                000000014001d440     libucrt:mbctype.obj
 0003:00000540       ?__rgctypeflag@@3PADA      000000014001d540     libucrt:mbctype.obj
 0003:00000550       ?__rgcode_page_info@@3PAUcode_page_info@@A 000000014001d550     libucrt:mbctype.obj
 0003:00000968       ?dazSupported@?1??_ctrlfp@@9@9 000000014001d968     libucrt:fpctrl.obj
 0003:00000a70       ?__dcrt_lowio_console_output_handle@@3PEAXEA 000000014001da70     libucrt:initcon.obj
 0003:00000b00       ?GlobalBackbuffer@@3UWin32BitmapBuffer@@A 000000014001db00     win32_handmade_hero.obj
 0003:00000b48       ?t@?1??SoundOutput@@YAXPEAUSoundBuffer@@HF@Z@4MA 000000014001db48     win32_handmade_hero.obj
 0003:00000b50       GS_ExceptionRecord         000000014001db50     LIBCMT:gs_report.obj
 0003:00000bf0       GS_ContextRecord           000000014001dbf0     LIBCMT:gs_report.obj
 0003:000010d0       ?is_initialized_as_dll@@3_NA 000000014001e0d0     LIBCMT:utility.obj
 0003:000010d1       ?module_local_atexit_table_initialized@@3_NA 000000014001e0d1     LIBCMT:utility.obj
 0003:000010d8       ?module_local_atexit_table@@3U_onexit_table_t@@A 000000014001e0d8     LIBCMT:utility.obj
 0003:000010f0       ?module_local_at_quick_exit_table@@3U_onexit_table_t@@A 000000014001e0f0     LIBCMT:utility.obj
 0003:00001150       ?__vcrt_startup_thread_ptd@@3U__vcrt_ptd@@A 000000014001e150     libvcruntime:per_thread_data.obj
 0003:000011d0       __vcrt_lock_table          000000014001e1d0     libvcruntime:locks.obj
 0003:000011f8       __vcrt_locks_initialized   000000014001e1f8     libvcruntime:locks.obj
 0003:00001200       ?module_handles@@3PAPEAUHINSTANCE__@@A 000000014001e200     libvcruntime:winapi_downlevel.obj
 0003:00001218       ?function_pointers@@3PAPEAXA 000000014001e218     libvcruntime:winapi_downlevel.obj
 0003:00001248       ?__acrt_app_type@@3W4_crt_app_type@@A 000000014001e248     libucrt:report_runtime_error.obj
 0003:00001250       ?user_matherr@@3V?$dual_state_global@P6AHPEAU_exception@@@Z@__crt_state_management@@A 000000014001e250     libucrt:matherr.obj
 0003:00001260       ?program_name@?1???$common_configure_argv@D@@YAHW4_crt_argv_mode@@@Z@4PADA 000000014001e260     libucrt:argv_parsing.obj
 0003:00001388       ?empty_string@?1???$common_wincmdln@E@@YAPEAEXZ@4PAEA 000000014001e388     libucrt:argv_winmain.obj
 0003:0000138c       ?c_termination_complete@@3JA 000000014001e38c     libucrt:exit.obj
 0003:00001390       ?thread_local_exit_callback_func@@3P6AXPEAXK0@ZEA 000000014001e390     libucrt:exit.obj
 0003:00001398       ?c_exit_complete@?1???R<lambda_6e4b09c48022b2350581041d5f6b0c4c>@@QEBA@XZ@4_NA 000000014001e398     libucrt:exit.obj
 0003:000013a0       ?__acrt_global_new_mode@@3V?$dual_state_global@J@__crt_state_management@@A 000000014001e3a0     libucrt:new_mode.obj
 0003:000013e8       ?__acrt_invalid_parameter_handler@@3V?$dual_state_global@P6AXPEB_W00I_K@Z@__crt_state_management@@A 000000014001e3e8     libucrt:invalid_parameter.obj
 0003:00001408       ?fSystemSet@@3HA           000000014001e408     libucrt:mbctype.obj
 0003:0000140c       ?initialized@?1??__acrt_initialize_multibyte@@9@4_NA 000000014001e40c     libucrt:mbctype.obj
 0003:00001440       ?__acrt_lock_table@@3PAU_RTL_CRITICAL_SECTION@@A 000000014001e440     libucrt:locks.obj
 0003:00001698       ?__acrt_locks_initialized@@3IA 000000014001e698     libucrt:locks.obj
 0003:00001ab0       ?module_handles@@3PAPEAUHINSTANCE__@@A 000000014001eab0     libucrt:winapi_thunks.obj
 0003:00001b78       ?__acrt_new_handler@@3V?$dual_state_global@P6AH_K@Z@__crt_state_management@@A 000000014001eb78     libucrt:new_handler.obj
 0003:00001b80       ?ctrlc_action@@3V?$dual_state_global@P6AXH@Z@__crt_state_management@@A 000000014001eb80     libucrt:signal.obj
 0003:00001b88       ?ctrlbreak_action@@3V?$dual_state_global@P6AXH@Z@__crt_state_management@@A 000000014001eb88     libucrt:signal.obj
 0003:00001b90       ?abort_action@@3V?$dual_state_global@P6AXH@Z@__crt_state_management@@A 000000014001eb90     libucrt:signal.obj
 0003:00001b98       ?term_action@@3V?$dual_state_global@P6AXH@Z@__crt_state_management@@A 000000014001eb98     libucrt:signal.obj
 0003:00001bc0       ?internal_state@?1??_mbtowc_internal@@9@4U_Mbstatet@@A 000000014001ebc0     libucrt:mbtowc.obj
 0003:00001bc8       ?internal_pst@?1??__mbrtoc32_utf8@__crt_mbstring@@YA_KPEA_UPEBD_KPEAU_Mbstatet@@AEAV__crt_cached_ptd_host@@@Z@4U3@A 000000014001ebc8     libucrt:mbrtoc32.obj
 0005:00000000       ?function_pointers@@3PAPEAXA 0000000140021000     libucrt:winapi_thunks.obj
